interactions:
- request:
    body: user=admin&password=password
    headers:
      Accept:
      - text/plain
      Accept-Encoding:
      - gzip, deflate
      Connection:
      - keep-alive
      Content-Length:
      - '28'
      Content-Type:
      - application/x-www-form-urlencoded
      Referer:
      - https://ipa.tinystage.test/ipa/session/login_password
      User-Agent:
      - python-requests/2.31.0
    method: POST
    uri: https://ipa.tinystage.test/ipa/session/login_password
  response:
    body:
      string: ''
    headers:
      Cache-Control:
      - no-cache, private
      Connection:
      - Keep-Alive
      Content-Encoding:
      - gzip
      Content-Length:
      - '20'
      Content-Security-Policy:
      - frame-ancestors 'none'
      Content-Type:
      - text/plain; charset=UTF-8
      Date:
      - Mon, 15 Apr 2024 14:25:48 GMT
      Keep-Alive:
      - timeout=30, max=100
      Server:
      - Apache/2.4.58 (Fedora Linux) OpenSSL/3.0.8 mod_wsgi/4.9.4 Python/3.11 mod_auth_gssapi/1.6.5
      Set-Cookie:
      - ipa_session=MagBearerToken=RFaqjx1%2b4cCkhwgUNMrN12%2bYe%2bWdxmXI5Cnjpmhi72auW3WTpVQ6y%2fcQHoVLXNCSGQPJjQewGMibVUuNzzT1QTdy6pBW8p2SdLO6C57ry8w6N61mnWaD%2fufCONo6kzltgzERwr0NY%2bmtwXzLeQgxQ1a%2bY6sZyJBrOWXpbH5jMxfqozf96YhO%2fHYN3mqx9NrSwFj%2b4oEQzibscZlj%2bxQmHg%3d%3d;path=/ipa;httponly;secure;
      Vary:
      - Accept-Encoding
      X-Frame-Options:
      - DENY
    status:
      code: 200
      message: Success
- request:
    body: '{"method": "ping", "params": [[], {"version": "2.235"}]}'
    headers:
      Accept:
      - application/json
      Accept-Encoding:
      - gzip, deflate
      Connection:
      - keep-alive
      Content-Length:
      - '56'
      Content-Type:
      - application/json
      Cookie:
      - ipa_session=MagBearerToken=RFaqjx1%2b4cCkhwgUNMrN12%2bYe%2bWdxmXI5Cnjpmhi72auW3WTpVQ6y%2fcQHoVLXNCSGQPJjQewGMibVUuNzzT1QTdy6pBW8p2SdLO6C57ry8w6N61mnWaD%2fufCONo6kzltgzERwr0NY%2bmtwXzLeQgxQ1a%2bY6sZyJBrOWXpbH5jMxfqozf96YhO%2fHYN3mqx9NrSwFj%2b4oEQzibscZlj%2bxQmHg%3d%3d
      Referer:
      - https://ipa.tinystage.test/ipa
      User-Agent:
      - python-requests/2.31.0
    method: POST
    uri: https://ipa.tinystage.test/ipa/session/json
  response:
    body:
      string: '{"result": {"summary": "IPA server version 4.10.3. API version 2.252"},
        "error": null, "id": null, "principal": "admin@TINYSTAGE.TEST", "version":
        "4.10.3"}'
    headers:
      Cache-Control:
      - no-cache, private
      Connection:
      - Keep-Alive
      Content-Encoding:
      - gzip
      Content-Security-Policy:
      - frame-ancestors 'none'
      Content-Type:
      - application/json; charset=utf-8
      Date:
      - Mon, 15 Apr 2024 14:25:48 GMT
      Keep-Alive:
      - timeout=30, max=100
      Server:
      - Apache/2.4.58 (Fedora Linux) OpenSSL/3.0.8 mod_wsgi/4.9.4 Python/3.11 mod_auth_gssapi/1.6.5
      Transfer-Encoding:
      - chunked
      Vary:
      - Accept-Encoding
      X-Frame-Options:
      - DENY
    status:
      code: 200
      message: Success
- request:
    body: '{"method": "user_add", "params": [["dummy"], {"givenname": "Dummy", "sn":
      "User", "cn": "Dummy User", "loginshell": "/bin/bash", "mail": "dummy@unit.tests",
      "userpassword": "dummy_password", "random": false, "noprivate": false, "all":
      true, "raw": false, "no_members": false, "fascreationtime": "2024-04-15T14:25:48Z",
      "version": "2.235"}]}'
    headers:
      Accept:
      - application/json
      Accept-Encoding:
      - gzip, deflate
      Connection:
      - keep-alive
      Content-Length:
      - '340'
      Content-Type:
      - application/json
      Cookie:
      - ipa_session=MagBearerToken=RFaqjx1%2b4cCkhwgUNMrN12%2bYe%2bWdxmXI5Cnjpmhi72auW3WTpVQ6y%2fcQHoVLXNCSGQPJjQewGMibVUuNzzT1QTdy6pBW8p2SdLO6C57ry8w6N61mnWaD%2fufCONo6kzltgzERwr0NY%2bmtwXzLeQgxQ1a%2bY6sZyJBrOWXpbH5jMxfqozf96YhO%2fHYN3mqx9NrSwFj%2b4oEQzibscZlj%2bxQmHg%3d%3d
      Referer:
      - https://ipa.tinystage.test/ipa
      User-Agent:
      - python-requests/2.31.0
    method: POST
    uri: https://ipa.tinystage.test/ipa/session/json
  response:
    body:
      string: '{"result": {"result": {"cn": ["Dummy User"], "displayname": ["Dummy
        User"], "initials": ["DU"], "gecos": ["Dummy User"], "objectclass": ["top",
        "person", "organizationalperson", "inetorgperson", "inetuser", "posixaccount",
        "krbprincipalaux", "krbticketpolicyaux", "ipaobject", "ipasshuser", "fasuser",
        "ipaSshGroupOfPubKeys", "mepOriginEntry", "ipantuserattrs"], "ipauniqueid":
        ["0e0811ae-fb34-11ee-bbae-525400e27449"], "krbpasswordexpiration": [{"__datetime__":
        "20240415142547Z"}], "krblastpwdchange": [{"__datetime__": "20240415142547Z"}],
        "krbextradata": [{"__base64__": "AALrOB1mcm9vdC9hZG1pbkBUSU5ZU1RBR0UuVEVTVAA="}],
        "mepmanagedentry": ["cn=dummy,cn=groups,cn=accounts,dc=tinystage,dc=test"],
        "mail": ["dummy@unit.tests"], "krbprincipalname": ["dummy@TINYSTAGE.TEST"],
        "uidnumber": ["801809192"], "krbcanonicalname": ["dummy@TINYSTAGE.TEST"],
        "sn": ["User"], "uid": ["dummy"], "fascreationtime": [{"__datetime__": "20240415142548Z"}],
        "loginshell": ["/bin/bash"], "gidnumber": ["801809192"], "givenname": ["Dummy"],
        "homedirectory": ["/home/dummy"], "preserved": false, "has_password": true,
        "has_keytab": true, "memberof_group": ["ipausers"], "dn": "uid=dummy,cn=users,cn=accounts,dc=tinystage,dc=test"},
        "value": "dummy", "summary": "Added user \"dummy\""}, "error": null, "id":
        null, "principal": "admin@TINYSTAGE.TEST", "version": "4.10.3"}'
    headers:
      Cache-Control:
      - no-cache, private
      Connection:
      - Keep-Alive
      Content-Encoding:
      - gzip
      Content-Security-Policy:
      - frame-ancestors 'none'
      Content-Type:
      - application/json; charset=utf-8
      Date:
      - Mon, 15 Apr 2024 14:25:48 GMT
      Keep-Alive:
      - timeout=30, max=100
      Server:
      - Apache/2.4.58 (Fedora Linux) OpenSSL/3.0.8 mod_wsgi/4.9.4 Python/3.11 mod_auth_gssapi/1.6.5
      Transfer-Encoding:
      - chunked
      Vary:
      - Accept-Encoding
      X-Frame-Options:
      - DENY
    status:
      code: 200
      message: Success
- request:
    body: '{"method": "session_logout", "params": [[], {"version": "2.235"}]}'
    headers:
      Accept:
      - application/json
      Accept-Encoding:
      - gzip, deflate
      Connection:
      - keep-alive
      Content-Length:
      - '66'
      Content-Type:
      - application/json
      Cookie:
      - ipa_session=MagBearerToken=RFaqjx1%2b4cCkhwgUNMrN12%2bYe%2bWdxmXI5Cnjpmhi72auW3WTpVQ6y%2fcQHoVLXNCSGQPJjQewGMibVUuNzzT1QTdy6pBW8p2SdLO6C57ry8w6N61mnWaD%2fufCONo6kzltgzERwr0NY%2bmtwXzLeQgxQ1a%2bY6sZyJBrOWXpbH5jMxfqozf96YhO%2fHYN3mqx9NrSwFj%2b4oEQzibscZlj%2bxQmHg%3d%3d
      Referer:
      - https://ipa.tinystage.test/ipa
      User-Agent:
      - python-requests/2.31.0
    method: POST
    uri: https://ipa.tinystage.test/ipa/session/json
  response:
    body:
      string: '{"result": {"result": null}, "error": null, "id": null, "principal":
        "admin@TINYSTAGE.TEST", "version": "4.10.3"}'
    headers:
      Cache-Control:
      - no-cache, private
      Connection:
      - Keep-Alive
      Content-Encoding:
      - gzip
      Content-Security-Policy:
      - frame-ancestors 'none'
      Content-Type:
      - application/json; charset=utf-8
      Date:
      - Mon, 15 Apr 2024 14:25:48 GMT
      Keep-Alive:
      - timeout=30, max=100
      Server:
      - Apache/2.4.58 (Fedora Linux) OpenSSL/3.0.8 mod_wsgi/4.9.4 Python/3.11 mod_auth_gssapi/1.6.5
      Set-Cookie:
      - ipa_session=;Max-Age=0;path=/ipa;httponly;secure;
      Transfer-Encoding:
      - chunked
      Vary:
      - Accept-Encoding
      X-Frame-Options:
      - DENY
    status:
      code: 200
      message: Success
- request:
    body: user=dummy&new_password=dummy_password&old_password=dummy_password
    headers:
      Accept:
      - text/plain
      Accept-Encoding:
      - gzip, deflate
      Connection:
      - keep-alive
      Content-Length:
      - '66'
      Content-Type:
      - application/x-www-form-urlencoded
      Referer:
      - https://ipa.tinystage.test/ipa/session/change_password
      User-Agent:
      - python-requests/2.31.0
    method: POST
    uri: https://ipa.tinystage.test/ipa/session/change_password
  response:
    body:
      string: '<html>

        <head>

        <title>200 Success</title>

        </head>

        <body>

        <h1>Password change successful</h1>

        <p>

        <strong>Password was changed.</strong>

        </p>

        </body>

        </html>'
    headers:
      Cache-Control:
      - no-cache, private
      Connection:
      - Keep-Alive
      Content-Encoding:
      - gzip
      Content-Security-Policy:
      - frame-ancestors 'none'
      Content-Type:
      - text/html; charset=utf-8
      Date:
      - Mon, 15 Apr 2024 14:25:48 GMT
      Keep-Alive:
      - timeout=30, max=100
      Server:
      - Apache/2.4.58 (Fedora Linux) OpenSSL/3.0.8 mod_wsgi/4.9.4 Python/3.11 mod_auth_gssapi/1.6.5
      Transfer-Encoding:
      - chunked
      Vary:
      - Accept-Encoding
      X-Frame-Options:
      - DENY
      X-IPA-Pwchange-Result:
      - ok
    status:
      code: 200
      message: Success
- request:
    body: user=dummy&password=dummy_password
    headers:
      Accept:
      - text/plain
      Accept-Encoding:
      - gzip, deflate
      Connection:
      - keep-alive
      Content-Length:
      - '34'
      Content-Type:
      - application/x-www-form-urlencoded
      Referer:
      - https://ipa.tinystage.test/ipa/session/login_password
      User-Agent:
      - python-requests/2.31.0
    method: POST
    uri: https://ipa.tinystage.test/ipa/session/login_password
  response:
    body:
      string: ''
    headers:
      Cache-Control:
      - no-cache, private
      Connection:
      - Keep-Alive
      Content-Encoding:
      - gzip
      Content-Length:
      - '20'
      Content-Security-Policy:
      - frame-ancestors 'none'
      Content-Type:
      - text/plain; charset=UTF-8
      Date:
      - Mon, 15 Apr 2024 14:25:49 GMT
      Keep-Alive:
      - timeout=30, max=100
      Server:
      - Apache/2.4.58 (Fedora Linux) OpenSSL/3.0.8 mod_wsgi/4.9.4 Python/3.11 mod_auth_gssapi/1.6.5
      Set-Cookie:
      - ipa_session=MagBearerToken=H3CkSxU6H5TQlPUDqHmGltFAvjAXGS45pPCRqWdqmetuc7qerYOXJpkP1V2tpJN8Z68z4WIztYvxVKf61WVKcyZn%2bL9SuAgNM4MUMBb3wLUjsRkHjiEXV0PcqulVbBSDb%2fVu7nLLfKCcnXKogtiDdlrML1NDjFACfa6hpRPeGl2fYF5Ee3%2bBhAB9Yp3ZZt8aWcqQOOfd62H6HxYOiP%2b5xQ%3d%3d;path=/ipa;httponly;secure;
      Vary:
      - Accept-Encoding
      X-Frame-Options:
      - DENY
    status:
      code: 200
      message: Success
- request:
    body: '{"method": "ping", "params": [[], {"version": "2.235"}]}'
    headers:
      Accept:
      - application/json
      Accept-Encoding:
      - gzip, deflate
      Connection:
      - keep-alive
      Content-Length:
      - '56'
      Content-Type:
      - application/json
      Cookie:
      - ipa_session=MagBearerToken=H3CkSxU6H5TQlPUDqHmGltFAvjAXGS45pPCRqWdqmetuc7qerYOXJpkP1V2tpJN8Z68z4WIztYvxVKf61WVKcyZn%2bL9SuAgNM4MUMBb3wLUjsRkHjiEXV0PcqulVbBSDb%2fVu7nLLfKCcnXKogtiDdlrML1NDjFACfa6hpRPeGl2fYF5Ee3%2bBhAB9Yp3ZZt8aWcqQOOfd62H6HxYOiP%2b5xQ%3d%3d
      Referer:
      - https://ipa.tinystage.test/ipa
      User-Agent:
      - python-requests/2.31.0
    method: POST
    uri: https://ipa.tinystage.test/ipa/session/json
  response:
    body:
      string: '{"result": {"summary": "IPA server version 4.10.3. API version 2.252"},
        "error": null, "id": null, "principal": "dummy@TINYSTAGE.TEST", "version":
        "4.10.3"}'
    headers:
      Cache-Control:
      - no-cache, private
      Connection:
      - Keep-Alive
      Content-Encoding:
      - gzip
      Content-Security-Policy:
      - frame-ancestors 'none'
      Content-Type:
      - application/json; charset=utf-8
      Date:
      - Mon, 15 Apr 2024 14:25:49 GMT
      Keep-Alive:
      - timeout=30, max=100
      Server:
      - Apache/2.4.58 (Fedora Linux) OpenSSL/3.0.8 mod_wsgi/4.9.4 Python/3.11 mod_auth_gssapi/1.6.5
      Transfer-Encoding:
      - chunked
      Vary:
      - Accept-Encoding
      X-Frame-Options:
      - DENY
    status:
      code: 200
      message: Success
- request:
    body: '{"method": "user_find", "params": [[null], {"whoami": true, "all": true,
      "raw": false, "no_members": true, "pkey_only": false, "version": "2.235"}]}'
    headers:
      Accept:
      - application/json
      Accept-Encoding:
      - gzip, deflate
      Connection:
      - keep-alive
      Content-Length:
      - '148'
      Content-Type:
      - application/json
      Cookie:
      - ipa_session=MagBearerToken=H3CkSxU6H5TQlPUDqHmGltFAvjAXGS45pPCRqWdqmetuc7qerYOXJpkP1V2tpJN8Z68z4WIztYvxVKf61WVKcyZn%2bL9SuAgNM4MUMBb3wLUjsRkHjiEXV0PcqulVbBSDb%2fVu7nLLfKCcnXKogtiDdlrML1NDjFACfa6hpRPeGl2fYF5Ee3%2bBhAB9Yp3ZZt8aWcqQOOfd62H6HxYOiP%2b5xQ%3d%3d
      Referer:
      - https://ipa.tinystage.test/ipa
      User-Agent:
      - python-requests/2.31.0
    method: POST
    uri: https://ipa.tinystage.test/ipa/session/json
  response:
    body:
      string: '{"result": {"result": [{"cn": ["Dummy User"], "displayname": ["Dummy
        User"], "initials": ["DU"], "gecos": ["Dummy User"], "fascreationtime": [{"__datetime__":
        "20240415142548Z"}], "objectclass": ["top", "person", "organizationalperson",
        "inetorgperson", "inetuser", "posixaccount", "krbprincipalaux", "krbticketpolicyaux",
        "ipaobject", "ipasshuser", "fasuser", "ipaSshGroupOfPubKeys", "mepOriginEntry",
        "ipantuserattrs"], "ipauniqueid": ["0e0811ae-fb34-11ee-bbae-525400e27449"],
        "krbpasswordexpiration": [{"__datetime__": "20240714142549Z"}], "krblastpwdchange":
        [{"__datetime__": "20240415142549Z"}], "ipantsecurityidentifier": ["S-1-5-21-642839132-256774972-2695044819-10192"],
        "homedirectory": ["/home/dummy"], "gidnumber": ["801809192"], "uidnumber":
        ["801809192"], "loginshell": ["/bin/bash"], "krbprincipalname": ["dummy@TINYSTAGE.TEST"],
        "mail": ["dummy@unit.tests"], "krbcanonicalname": ["dummy@TINYSTAGE.TEST"],
        "givenname": ["Dummy"], "sn": ["User"], "uid": ["dummy"], "nsaccountlock":
        false, "preserved": false, "memberof_group": ["ipausers"], "dn": "uid=dummy,cn=users,cn=accounts,dc=tinystage,dc=test"}],
        "count": 1, "truncated": false, "summary": "1 user matched"}, "error": null,
        "id": null, "principal": "dummy@TINYSTAGE.TEST", "version": "4.10.3"}'
    headers:
      Cache-Control:
      - no-cache, private
      Connection:
      - Keep-Alive
      Content-Encoding:
      - gzip
      Content-Security-Policy:
      - frame-ancestors 'none'
      Content-Type:
      - application/json; charset=utf-8
      Date:
      - Mon, 15 Apr 2024 14:25:49 GMT
      Keep-Alive:
      - timeout=30, max=100
      Server:
      - Apache/2.4.58 (Fedora Linux) OpenSSL/3.0.8 mod_wsgi/4.9.4 Python/3.11 mod_auth_gssapi/1.6.5
      Transfer-Encoding:
      - chunked
      Vary:
      - Accept-Encoding
      X-Frame-Options:
      - DENY
    status:
      code: 200
      message: Success
- request:
    body: '{"method": "user_show", "params": [["dummy"], {"rights": false, "all":
      true, "raw": false, "no_members": false, "version": "2.235"}]}'
    headers:
      Accept:
      - application/json
      Accept-Encoding:
      - gzip, deflate
      Connection:
      - keep-alive
      Content-Length:
      - '133'
      Content-Type:
      - application/json
      Cookie:
      - ipa_session=MagBearerToken=H3CkSxU6H5TQlPUDqHmGltFAvjAXGS45pPCRqWdqmetuc7qerYOXJpkP1V2tpJN8Z68z4WIztYvxVKf61WVKcyZn%2bL9SuAgNM4MUMBb3wLUjsRkHjiEXV0PcqulVbBSDb%2fVu7nLLfKCcnXKogtiDdlrML1NDjFACfa6hpRPeGl2fYF5Ee3%2bBhAB9Yp3ZZt8aWcqQOOfd62H6HxYOiP%2b5xQ%3d%3d
      Referer:
      - https://ipa.tinystage.test/ipa
      User-Agent:
      - python-requests/2.31.0
    method: POST
    uri: https://ipa.tinystage.test/ipa/session/json
  response:
    body:
      string: '{"result": {"result": {"cn": ["Dummy User"], "displayname": ["Dummy
        User"], "initials": ["DU"], "gecos": ["Dummy User"], "objectclass": ["top",
        "person", "organizationalperson", "inetorgperson", "inetuser", "posixaccount",
        "krbprincipalaux", "krbticketpolicyaux", "ipaobject", "ipasshuser", "fasuser",
        "ipaSshGroupOfPubKeys", "mepOriginEntry", "ipantuserattrs"], "ipauniqueid":
        ["0e0811ae-fb34-11ee-bbae-525400e27449"], "krbpasswordexpiration": [{"__datetime__":
        "20240714142549Z"}], "krblastpwdchange": [{"__datetime__": "20240415142549Z"}],
        "ipantsecurityidentifier": ["S-1-5-21-642839132-256774972-2695044819-10192"],
        "krbprincipalname": ["dummy@TINYSTAGE.TEST"], "uidnumber": ["801809192"],
        "gidnumber": ["801809192"], "homedirectory": ["/home/dummy"], "loginshell":
        ["/bin/bash"], "uid": ["dummy"], "mail": ["dummy@unit.tests"], "sn": ["User"],
        "givenname": ["Dummy"], "krbcanonicalname": ["dummy@TINYSTAGE.TEST"], "fascreationtime":
        [{"__datetime__": "20240415142548Z"}], "nsaccountlock": false, "has_password":
        true, "has_keytab": true, "preserved": false, "memberof_group": ["ipausers"],
        "dn": "uid=dummy,cn=users,cn=accounts,dc=tinystage,dc=test"}, "value": "dummy",
        "summary": null}, "error": null, "id": null, "principal": "dummy@TINYSTAGE.TEST",
        "version": "4.10.3"}'
    headers:
      Cache-Control:
      - no-cache, private
      Connection:
      - Keep-Alive
      Content-Encoding:
      - gzip
      Content-Security-Policy:
      - frame-ancestors 'none'
      Content-Type:
      - application/json; charset=utf-8
      Date:
      - Mon, 15 Apr 2024 14:25:49 GMT
      Keep-Alive:
      - timeout=30, max=100
      Server:
      - Apache/2.4.58 (Fedora Linux) OpenSSL/3.0.8 mod_wsgi/4.9.4 Python/3.11 mod_auth_gssapi/1.6.5
      Transfer-Encoding:
      - chunked
      Vary:
      - Accept-Encoding
      X-Frame-Options:
      - DENY
    status:
      code: 200
      message: Success
- request:
    body: '{"method": "session_logout", "params": [[], {"version": "2.235"}]}'
    headers:
      Accept:
      - application/json
      Accept-Encoding:
      - gzip, deflate
      Connection:
      - keep-alive
      Content-Length:
      - '66'
      Content-Type:
      - application/json
      Cookie:
      - ipa_session=MagBearerToken=H3CkSxU6H5TQlPUDqHmGltFAvjAXGS45pPCRqWdqmetuc7qerYOXJpkP1V2tpJN8Z68z4WIztYvxVKf61WVKcyZn%2bL9SuAgNM4MUMBb3wLUjsRkHjiEXV0PcqulVbBSDb%2fVu7nLLfKCcnXKogtiDdlrML1NDjFACfa6hpRPeGl2fYF5Ee3%2bBhAB9Yp3ZZt8aWcqQOOfd62H6HxYOiP%2b5xQ%3d%3d
      Referer:
      - https://ipa.tinystage.test/ipa
      User-Agent:
      - python-requests/2.31.0
    method: POST
    uri: https://ipa.tinystage.test/ipa/session/json
  response:
    body:
      string: '{"result": {"result": null}, "error": null, "id": null, "principal":
        "dummy@TINYSTAGE.TEST", "version": "4.10.3"}'
    headers:
      Cache-Control:
      - no-cache, private
      Connection:
      - Keep-Alive
      Content-Encoding:
      - gzip
      Content-Security-Policy:
      - frame-ancestors 'none'
      Content-Type:
      - application/json; charset=utf-8
      Date:
      - Mon, 15 Apr 2024 14:25:49 GMT
      Keep-Alive:
      - timeout=30, max=100
      Server:
      - Apache/2.4.58 (Fedora Linux) OpenSSL/3.0.8 mod_wsgi/4.9.4 Python/3.11 mod_auth_gssapi/1.6.5
      Set-Cookie:
      - ipa_session=;Max-Age=0;path=/ipa;httponly;secure;
      Transfer-Encoding:
      - chunked
      Vary:
      - Accept-Encoding
      X-Frame-Options:
      - DENY
    status:
      code: 200
      message: Success
- request:
    body: user=admin&password=password
    headers:
      Accept:
      - text/plain
      Accept-Encoding:
      - gzip, deflate
      Connection:
      - keep-alive
      Content-Length:
      - '28'
      Content-Type:
      - application/x-www-form-urlencoded
      Referer:
      - https://ipa.tinystage.test/ipa/session/login_password
      User-Agent:
      - python-requests/2.31.0
    method: POST
    uri: https://ipa.tinystage.test/ipa/session/login_password
  response:
    body:
      string: ''
    headers:
      Cache-Control:
      - no-cache, private
      Connection:
      - Keep-Alive
      Content-Encoding:
      - gzip
      Content-Length:
      - '20'
      Content-Security-Policy:
      - frame-ancestors 'none'
      Content-Type:
      - text/plain; charset=UTF-8
      Date:
      - Mon, 15 Apr 2024 14:25:49 GMT
      Keep-Alive:
      - timeout=30, max=100
      Server:
      - Apache/2.4.58 (Fedora Linux) OpenSSL/3.0.8 mod_wsgi/4.9.4 Python/3.11 mod_auth_gssapi/1.6.5
      Set-Cookie:
      - ipa_session=MagBearerToken=d0rlTx%2fMnKr0RTdNF13Ip4T%2fJXeF7B4pEyEkIlrwsix8qtI3aJJwr4i84iKcL7PD5koJpjSzuMMKwW76OTeHE%2bQw5D2pZjY1ib1xLTy5kp9wrjbl%2fuY8a9%2bUQxRinXbLsmUg9c90c2X72eB2Kbq7ayOLQ7gOfTXORJ7C72TUdbFpeaFQtSuwsuhAwyyqJHmD%2fc%2fPu%2fwf9vNaUDdkN2g29w%3d%3d;path=/ipa;httponly;secure;
      Vary:
      - Accept-Encoding
      X-Frame-Options:
      - DENY
    status:
      code: 200
      message: Success
- request:
    body: '{"method": "ping", "params": [[], {"version": "2.235"}]}'
    headers:
      Accept:
      - application/json
      Accept-Encoding:
      - gzip, deflate
      Connection:
      - keep-alive
      Content-Length:
      - '56'
      Content-Type:
      - application/json
      Cookie:
      - ipa_session=MagBearerToken=d0rlTx%2fMnKr0RTdNF13Ip4T%2fJXeF7B4pEyEkIlrwsix8qtI3aJJwr4i84iKcL7PD5koJpjSzuMMKwW76OTeHE%2bQw5D2pZjY1ib1xLTy5kp9wrjbl%2fuY8a9%2bUQxRinXbLsmUg9c90c2X72eB2Kbq7ayOLQ7gOfTXORJ7C72TUdbFpeaFQtSuwsuhAwyyqJHmD%2fc%2fPu%2fwf9vNaUDdkN2g29w%3d%3d
      Referer:
      - https://ipa.tinystage.test/ipa
      User-Agent:
      - python-requests/2.31.0
    method: POST
    uri: https://ipa.tinystage.test/ipa/session/json
  response:
    body:
      string: '{"result": {"summary": "IPA server version 4.10.3. API version 2.252"},
        "error": null, "id": null, "principal": "admin@TINYSTAGE.TEST", "version":
        "4.10.3"}'
    headers:
      Cache-Control:
      - no-cache, private
      Connection:
      - Keep-Alive
      Content-Encoding:
      - gzip
      Content-Security-Policy:
      - frame-ancestors 'none'
      Content-Type:
      - application/json; charset=utf-8
      Date:
      - Mon, 15 Apr 2024 14:25:50 GMT
      Keep-Alive:
      - timeout=30, max=100
      Server:
      - Apache/2.4.58 (Fedora Linux) OpenSSL/3.0.8 mod_wsgi/4.9.4 Python/3.11 mod_auth_gssapi/1.6.5
      Transfer-Encoding:
      - chunked
      Vary:
      - Accept-Encoding
      X-Frame-Options:
      - DENY
    status:
      code: 200
      message: Success
- request:
    body: '{"method": "user_del", "params": [["dummy"], {"continue": false, "version":
      "2.235"}]}'
    headers:
      Accept:
      - application/json
      Accept-Encoding:
      - gzip, deflate
      Connection:
      - keep-alive
      Content-Length:
      - '86'
      Content-Type:
      - application/json
      Cookie:
      - ipa_session=MagBearerToken=d0rlTx%2fMnKr0RTdNF13Ip4T%2fJXeF7B4pEyEkIlrwsix8qtI3aJJwr4i84iKcL7PD5koJpjSzuMMKwW76OTeHE%2bQw5D2pZjY1ib1xLTy5kp9wrjbl%2fuY8a9%2bUQxRinXbLsmUg9c90c2X72eB2Kbq7ayOLQ7gOfTXORJ7C72TUdbFpeaFQtSuwsuhAwyyqJHmD%2fc%2fPu%2fwf9vNaUDdkN2g29w%3d%3d
      Referer:
      - https://ipa.tinystage.test/ipa
      User-Agent:
      - python-requests/2.31.0
    method: POST
    uri: https://ipa.tinystage.test/ipa/session/json
  response:
    body:
      string: '{"result": {"result": {"failed": []}, "value": ["dummy"], "summary":
        "Deleted user \"dummy\""}, "error": null, "id": null, "principal": "admin@TINYSTAGE.TEST",
        "version": "4.10.3"}'
    headers:
      Cache-Control:
      - no-cache, private
      Connection:
      - Keep-Alive
      Content-Encoding:
      - gzip
      Content-Security-Policy:
      - frame-ancestors 'none'
      Content-Type:
      - application/json; charset=utf-8
      Date:
      - Mon, 15 Apr 2024 14:25:50 GMT
      Keep-Alive:
      - timeout=30, max=100
      Server:
      - Apache/2.4.58 (Fedora Linux) OpenSSL/3.0.8 mod_wsgi/4.9.4 Python/3.11 mod_auth_gssapi/1.6.5
      Transfer-Encoding:
      - chunked
      Vary:
      - Accept-Encoding
      X-Frame-Options:
      - DENY
    status:
      code: 200
      message: Success
- request:
    body: '{"method": "session_logout", "params": [[], {"version": "2.235"}]}'
    headers:
      Accept:
      - application/json
      Accept-Encoding:
      - gzip, deflate
      Connection:
      - keep-alive
      Content-Length:
      - '66'
      Content-Type:
      - application/json
      Cookie:
      - ipa_session=MagBearerToken=d0rlTx%2fMnKr0RTdNF13Ip4T%2fJXeF7B4pEyEkIlrwsix8qtI3aJJwr4i84iKcL7PD5koJpjSzuMMKwW76OTeHE%2bQw5D2pZjY1ib1xLTy5kp9wrjbl%2fuY8a9%2bUQxRinXbLsmUg9c90c2X72eB2Kbq7ayOLQ7gOfTXORJ7C72TUdbFpeaFQtSuwsuhAwyyqJHmD%2fc%2fPu%2fwf9vNaUDdkN2g29w%3d%3d
      Referer:
      - https://ipa.tinystage.test/ipa
      User-Agent:
      - python-requests/2.31.0
    method: POST
    uri: https://ipa.tinystage.test/ipa/session/json
  response:
    body:
      string: '{"result": {"result": null}, "error": null, "id": null, "principal":
        "admin@TINYSTAGE.TEST", "version": "4.10.3"}'
    headers:
      Cache-Control:
      - no-cache, private
      Connection:
      - Keep-Alive
      Content-Encoding:
      - gzip
      Content-Security-Policy:
      - frame-ancestors 'none'
      Content-Type:
      - application/json; charset=utf-8
      Date:
      - Mon, 15 Apr 2024 14:25:50 GMT
      Keep-Alive:
      - timeout=30, max=100
      Server:
      - Apache/2.4.58 (Fedora Linux) OpenSSL/3.0.8 mod_wsgi/4.9.4 Python/3.11 mod_auth_gssapi/1.6.5
      Set-Cookie:
      - ipa_session=;Max-Age=0;path=/ipa;httponly;secure;
      Transfer-Encoding:
      - chunked
      Vary:
      - Accept-Encoding
      X-Frame-Options:
      - DENY
    status:
      code: 200
      message: Success
version: 1
