interactions:
- request:
    body: user=admin&password=password
    headers:
      Accept:
      - text/plain
      Accept-Encoding:
      - gzip, deflate
      Connection:
      - keep-alive
      Content-Length:
      - '28'
      Content-Type:
      - application/x-www-form-urlencoded
      Referer:
      - https://ipa.tinystage.test/ipa/session/login_password
      User-Agent:
      - python-requests/2.31.0
    method: POST
    uri: https://ipa.tinystage.test/ipa/session/login_password
  response:
    body:
      string: ''
    headers:
      Cache-Control:
      - no-cache, private
      Connection:
      - Keep-Alive
      Content-Encoding:
      - gzip
      Content-Length:
      - '20'
      Content-Security-Policy:
      - frame-ancestors 'none'
      Content-Type:
      - text/plain; charset=UTF-8
      Date:
      - Mon, 15 Apr 2024 14:23:07 GMT
      Keep-Alive:
      - timeout=30, max=100
      Server:
      - Apache/2.4.58 (Fedora Linux) OpenSSL/3.0.8 mod_wsgi/4.9.4 Python/3.11 mod_auth_gssapi/1.6.5
      Set-Cookie:
      - ipa_session=MagBearerToken=ddbUbXwnDqOcZYH%2bWkrBgRQgT1IpGY%2bZT%2bRXQAapOzRosMiuGdL2zg8P0VkVFcDK7CVedC4D2AJJ1ko8r4va%2bwcMX7joO%2b7BspU2%2bYEadsn7sEM8YyersSVlc%2bqcZ2ZTfzkmkt1%2ff5lPp%2bjIabPqaygnXt48PuQGvEOg1lTqS86m%2fA7l%2bFNuZ40VRcaTud0aRvXDkHhs%2fbaarpigXGvgig%3d%3d;path=/ipa;httponly;secure;
      Vary:
      - Accept-Encoding
      X-Frame-Options:
      - DENY
    status:
      code: 200
      message: Success
- request:
    body: '{"method": "ping", "params": [[], {"version": "2.235"}]}'
    headers:
      Accept:
      - application/json
      Accept-Encoding:
      - gzip, deflate
      Connection:
      - keep-alive
      Content-Length:
      - '56'
      Content-Type:
      - application/json
      Cookie:
      - ipa_session=MagBearerToken=ddbUbXwnDqOcZYH%2bWkrBgRQgT1IpGY%2bZT%2bRXQAapOzRosMiuGdL2zg8P0VkVFcDK7CVedC4D2AJJ1ko8r4va%2bwcMX7joO%2b7BspU2%2bYEadsn7sEM8YyersSVlc%2bqcZ2ZTfzkmkt1%2ff5lPp%2bjIabPqaygnXt48PuQGvEOg1lTqS86m%2fA7l%2bFNuZ40VRcaTud0aRvXDkHhs%2fbaarpigXGvgig%3d%3d
      Referer:
      - https://ipa.tinystage.test/ipa
      User-Agent:
      - python-requests/2.31.0
    method: POST
    uri: https://ipa.tinystage.test/ipa/session/json
  response:
    body:
      string: '{"result": {"summary": "IPA server version 4.10.3. API version 2.252"},
        "error": null, "id": null, "principal": "admin@TINYSTAGE.TEST", "version":
        "4.10.3"}'
    headers:
      Cache-Control:
      - no-cache, private
      Connection:
      - Keep-Alive
      Content-Encoding:
      - gzip
      Content-Security-Policy:
      - frame-ancestors 'none'
      Content-Type:
      - application/json; charset=utf-8
      Date:
      - Mon, 15 Apr 2024 14:23:07 GMT
      Keep-Alive:
      - timeout=30, max=100
      Server:
      - Apache/2.4.58 (Fedora Linux) OpenSSL/3.0.8 mod_wsgi/4.9.4 Python/3.11 mod_auth_gssapi/1.6.5
      Transfer-Encoding:
      - chunked
      Vary:
      - Accept-Encoding
      X-Frame-Options:
      - DENY
    status:
      code: 200
      message: Success
- request:
    body: '{"method": "user_add", "params": [["dummy"], {"givenname": "Dummy", "sn":
      "User", "cn": "Dummy User", "loginshell": "/bin/bash", "mail": "dummy@unit.tests",
      "userpassword": "dummy_password", "random": false, "noprivate": false, "all":
      true, "raw": false, "no_members": false, "fascreationtime": "2024-04-15T14:23:07Z",
      "version": "2.235"}]}'
    headers:
      Accept:
      - application/json
      Accept-Encoding:
      - gzip, deflate
      Connection:
      - keep-alive
      Content-Length:
      - '340'
      Content-Type:
      - application/json
      Cookie:
      - ipa_session=MagBearerToken=ddbUbXwnDqOcZYH%2bWkrBgRQgT1IpGY%2bZT%2bRXQAapOzRosMiuGdL2zg8P0VkVFcDK7CVedC4D2AJJ1ko8r4va%2bwcMX7joO%2b7BspU2%2bYEadsn7sEM8YyersSVlc%2bqcZ2ZTfzkmkt1%2ff5lPp%2bjIabPqaygnXt48PuQGvEOg1lTqS86m%2fA7l%2bFNuZ40VRcaTud0aRvXDkHhs%2fbaarpigXGvgig%3d%3d
      Referer:
      - https://ipa.tinystage.test/ipa
      User-Agent:
      - python-requests/2.31.0
    method: POST
    uri: https://ipa.tinystage.test/ipa/session/json
  response:
    body:
      string: '{"result": {"result": {"cn": ["Dummy User"], "displayname": ["Dummy
        User"], "initials": ["DU"], "gecos": ["Dummy User"], "objectclass": ["top",
        "person", "organizationalperson", "inetorgperson", "inetuser", "posixaccount",
        "krbprincipalaux", "krbticketpolicyaux", "ipaobject", "ipasshuser", "fasuser",
        "ipaSshGroupOfPubKeys", "mepOriginEntry", "ipantuserattrs"], "ipauniqueid":
        ["ae2ff76a-fb33-11ee-833e-525400e27449"], "krbpasswordexpiration": [{"__datetime__":
        "20240415142306Z"}], "krblastpwdchange": [{"__datetime__": "20240415142306Z"}],
        "krbextradata": [{"__base64__": "AAJKOB1mcm9vdC9hZG1pbkBUSU5ZU1RBR0UuVEVTVAA="}],
        "mepmanagedentry": ["cn=dummy,cn=groups,cn=accounts,dc=tinystage,dc=test"],
        "gidnumber": ["801809135"], "givenname": ["Dummy"], "homedirectory": ["/home/dummy"],
        "uidnumber": ["801809135"], "krbcanonicalname": ["dummy@TINYSTAGE.TEST"],
        "mail": ["dummy@unit.tests"], "krbprincipalname": ["dummy@TINYSTAGE.TEST"],
        "fascreationtime": [{"__datetime__": "20240415142307Z"}], "loginshell": ["/bin/bash"],
        "sn": ["User"], "uid": ["dummy"], "preserved": false, "has_password": true,
        "has_keytab": true, "memberof_group": ["ipausers"], "dn": "uid=dummy,cn=users,cn=accounts,dc=tinystage,dc=test"},
        "value": "dummy", "summary": "Added user \"dummy\""}, "error": null, "id":
        null, "principal": "admin@TINYSTAGE.TEST", "version": "4.10.3"}'
    headers:
      Cache-Control:
      - no-cache, private
      Connection:
      - Keep-Alive
      Content-Encoding:
      - gzip
      Content-Security-Policy:
      - frame-ancestors 'none'
      Content-Type:
      - application/json; charset=utf-8
      Date:
      - Mon, 15 Apr 2024 14:23:07 GMT
      Keep-Alive:
      - timeout=30, max=100
      Server:
      - Apache/2.4.58 (Fedora Linux) OpenSSL/3.0.8 mod_wsgi/4.9.4 Python/3.11 mod_auth_gssapi/1.6.5
      Transfer-Encoding:
      - chunked
      Vary:
      - Accept-Encoding
      X-Frame-Options:
      - DENY
    status:
      code: 200
      message: Success
- request:
    body: '{"method": "session_logout", "params": [[], {"version": "2.235"}]}'
    headers:
      Accept:
      - application/json
      Accept-Encoding:
      - gzip, deflate
      Connection:
      - keep-alive
      Content-Length:
      - '66'
      Content-Type:
      - application/json
      Cookie:
      - ipa_session=MagBearerToken=ddbUbXwnDqOcZYH%2bWkrBgRQgT1IpGY%2bZT%2bRXQAapOzRosMiuGdL2zg8P0VkVFcDK7CVedC4D2AJJ1ko8r4va%2bwcMX7joO%2b7BspU2%2bYEadsn7sEM8YyersSVlc%2bqcZ2ZTfzkmkt1%2ff5lPp%2bjIabPqaygnXt48PuQGvEOg1lTqS86m%2fA7l%2bFNuZ40VRcaTud0aRvXDkHhs%2fbaarpigXGvgig%3d%3d
      Referer:
      - https://ipa.tinystage.test/ipa
      User-Agent:
      - python-requests/2.31.0
    method: POST
    uri: https://ipa.tinystage.test/ipa/session/json
  response:
    body:
      string: '{"result": {"result": null}, "error": null, "id": null, "principal":
        "admin@TINYSTAGE.TEST", "version": "4.10.3"}'
    headers:
      Cache-Control:
      - no-cache, private
      Connection:
      - Keep-Alive
      Content-Encoding:
      - gzip
      Content-Security-Policy:
      - frame-ancestors 'none'
      Content-Type:
      - application/json; charset=utf-8
      Date:
      - Mon, 15 Apr 2024 14:23:08 GMT
      Keep-Alive:
      - timeout=30, max=100
      Server:
      - Apache/2.4.58 (Fedora Linux) OpenSSL/3.0.8 mod_wsgi/4.9.4 Python/3.11 mod_auth_gssapi/1.6.5
      Set-Cookie:
      - ipa_session=;Max-Age=0;path=/ipa;httponly;secure;
      Transfer-Encoding:
      - chunked
      Vary:
      - Accept-Encoding
      X-Frame-Options:
      - DENY
    status:
      code: 200
      message: Success
- request:
    body: user=dummy&new_password=dummy_password&old_password=dummy_password
    headers:
      Accept:
      - text/plain
      Accept-Encoding:
      - gzip, deflate
      Connection:
      - keep-alive
      Content-Length:
      - '66'
      Content-Type:
      - application/x-www-form-urlencoded
      Referer:
      - https://ipa.tinystage.test/ipa/session/change_password
      User-Agent:
      - python-requests/2.31.0
    method: POST
    uri: https://ipa.tinystage.test/ipa/session/change_password
  response:
    body:
      string: '<html>

        <head>

        <title>200 Success</title>

        </head>

        <body>

        <h1>Password change successful</h1>

        <p>

        <strong>Password was changed.</strong>

        </p>

        </body>

        </html>'
    headers:
      Cache-Control:
      - no-cache, private
      Connection:
      - Keep-Alive
      Content-Encoding:
      - gzip
      Content-Security-Policy:
      - frame-ancestors 'none'
      Content-Type:
      - text/html; charset=utf-8
      Date:
      - Mon, 15 Apr 2024 14:23:08 GMT
      Keep-Alive:
      - timeout=30, max=100
      Server:
      - Apache/2.4.58 (Fedora Linux) OpenSSL/3.0.8 mod_wsgi/4.9.4 Python/3.11 mod_auth_gssapi/1.6.5
      Transfer-Encoding:
      - chunked
      Vary:
      - Accept-Encoding
      X-Frame-Options:
      - DENY
      X-IPA-Pwchange-Result:
      - ok
    status:
      code: 200
      message: Success
- request:
    body: user=dummy&password=dummy_password
    headers:
      Accept:
      - text/plain
      Accept-Encoding:
      - gzip, deflate
      Connection:
      - keep-alive
      Content-Length:
      - '34'
      Content-Type:
      - application/x-www-form-urlencoded
      Referer:
      - https://ipa.tinystage.test/ipa/session/login_password
      User-Agent:
      - python-requests/2.31.0
    method: POST
    uri: https://ipa.tinystage.test/ipa/session/login_password
  response:
    body:
      string: ''
    headers:
      Cache-Control:
      - no-cache, private
      Connection:
      - Keep-Alive
      Content-Encoding:
      - gzip
      Content-Security-Policy:
      - frame-ancestors 'none'
      Content-Type:
      - text/plain; charset=UTF-8
      Date:
      - Mon, 15 Apr 2024 14:23:08 GMT
      Keep-Alive:
      - timeout=30, max=100
      Server:
      - Apache/2.4.58 (Fedora Linux) OpenSSL/3.0.8 mod_wsgi/4.9.4 Python/3.11 mod_auth_gssapi/1.6.5
      Set-Cookie:
      - ipa_session=MagBearerToken=V9jMVRNEONkhLu5pZZSZlJjP0aeUjO5pSUS4RCSf7eEQZaKZe7XEWbO3EqhMtD18a0mYvAAAPgkYXiTvz9eOmDtMIqvMkUybQVGp0H1CAL7iRa6DC5bQWMl962mjDkWieGePu5f5yF0SpMylAJEdevbr68YsCpPpXOPW1I1nps9Uy%2fR%2b%2b1KIl%2fcg1gKn5HO9C5UKcZm084IlXyK21vS0eg%3d%3d;path=/ipa;httponly;secure;
      Transfer-Encoding:
      - chunked
      Vary:
      - Accept-Encoding
      X-Frame-Options:
      - DENY
    status:
      code: 200
      message: Success
- request:
    body: '{"method": "ping", "params": [[], {"version": "2.235"}]}'
    headers:
      Accept:
      - application/json
      Accept-Encoding:
      - gzip, deflate
      Connection:
      - keep-alive
      Content-Length:
      - '56'
      Content-Type:
      - application/json
      Cookie:
      - ipa_session=MagBearerToken=V9jMVRNEONkhLu5pZZSZlJjP0aeUjO5pSUS4RCSf7eEQZaKZe7XEWbO3EqhMtD18a0mYvAAAPgkYXiTvz9eOmDtMIqvMkUybQVGp0H1CAL7iRa6DC5bQWMl962mjDkWieGePu5f5yF0SpMylAJEdevbr68YsCpPpXOPW1I1nps9Uy%2fR%2b%2b1KIl%2fcg1gKn5HO9C5UKcZm084IlXyK21vS0eg%3d%3d
      Referer:
      - https://ipa.tinystage.test/ipa
      User-Agent:
      - python-requests/2.31.0
    method: POST
    uri: https://ipa.tinystage.test/ipa/session/json
  response:
    body:
      string: '{"result": {"summary": "IPA server version 4.10.3. API version 2.252"},
        "error": null, "id": null, "principal": "dummy@TINYSTAGE.TEST", "version":
        "4.10.3"}'
    headers:
      Cache-Control:
      - no-cache, private
      Connection:
      - Keep-Alive
      Content-Encoding:
      - gzip
      Content-Security-Policy:
      - frame-ancestors 'none'
      Content-Type:
      - application/json; charset=utf-8
      Date:
      - Mon, 15 Apr 2024 14:23:08 GMT
      Keep-Alive:
      - timeout=30, max=100
      Server:
      - Apache/2.4.58 (Fedora Linux) OpenSSL/3.0.8 mod_wsgi/4.9.4 Python/3.11 mod_auth_gssapi/1.6.5
      Transfer-Encoding:
      - chunked
      Vary:
      - Accept-Encoding
      X-Frame-Options:
      - DENY
    status:
      code: 200
      message: Success
- request:
    body: '{"method": "ping", "params": [[], {"version": "2.235"}]}'
    headers:
      Accept:
      - application/json
      Accept-Encoding:
      - gzip, deflate
      Connection:
      - keep-alive
      Content-Length:
      - '56'
      Content-Type:
      - application/json
      Cookie:
      - ipa_session=MagBearerToken=V9jMVRNEONkhLu5pZZSZlJjP0aeUjO5pSUS4RCSf7eEQZaKZe7XEWbO3EqhMtD18a0mYvAAAPgkYXiTvz9eOmDtMIqvMkUybQVGp0H1CAL7iRa6DC5bQWMl962mjDkWieGePu5f5yF0SpMylAJEdevbr68YsCpPpXOPW1I1nps9Uy%2fR%2b%2b1KIl%2fcg1gKn5HO9C5UKcZm084IlXyK21vS0eg%3d%3d
      Referer:
      - https://ipa.tinystage.test/ipa
      User-Agent:
      - python-requests/2.31.0
    method: POST
    uri: https://ipa.tinystage.test/ipa/session/json
  response:
    body:
      string: '{"result": {"summary": "IPA server version 4.10.3. API version 2.252"},
        "error": null, "id": null, "principal": "dummy@TINYSTAGE.TEST", "version":
        "4.10.3"}'
    headers:
      Cache-Control:
      - no-cache, private
      Connection:
      - Keep-Alive
      Content-Encoding:
      - gzip
      Content-Security-Policy:
      - frame-ancestors 'none'
      Content-Type:
      - application/json; charset=utf-8
      Date:
      - Mon, 15 Apr 2024 14:23:08 GMT
      Keep-Alive:
      - timeout=30, max=100
      Server:
      - Apache/2.4.58 (Fedora Linux) OpenSSL/3.0.8 mod_wsgi/4.9.4 Python/3.11 mod_auth_gssapi/1.6.5
      Transfer-Encoding:
      - chunked
      Vary:
      - Accept-Encoding
      X-Frame-Options:
      - DENY
    status:
      code: 200
      message: Success
- request:
    body: '{"method": "ping", "params": [[], {"version": "2.235"}]}'
    headers:
      Accept:
      - application/json
      Accept-Encoding:
      - gzip, deflate
      Connection:
      - keep-alive
      Content-Length:
      - '56'
      Content-Type:
      - application/json
      Cookie:
      - ipa_session=MagBearerToken=V9jMVRNEONkhLu5pZZSZlJjP0aeUjO5pSUS4RCSf7eEQZaKZe7XEWbO3EqhMtD18a0mYvAAAPgkYXiTvz9eOmDtMIqvMkUybQVGp0H1CAL7iRa6DC5bQWMl962mjDkWieGePu5f5yF0SpMylAJEdevbr68YsCpPpXOPW1I1nps9Uy%2fR%2b%2b1KIl%2fcg1gKn5HO9C5UKcZm084IlXyK21vS0eg%3d%3d
      Referer:
      - https://ipa.tinystage.test/ipa
      User-Agent:
      - python-requests/2.31.0
    method: POST
    uri: https://ipa.tinystage.test/ipa/session/json
  response:
    body:
      string: '{"result": {"summary": "IPA server version 4.10.3. API version 2.252"},
        "error": null, "id": null, "principal": "dummy@TINYSTAGE.TEST", "version":
        "4.10.3"}'
    headers:
      Cache-Control:
      - no-cache, private
      Connection:
      - Keep-Alive
      Content-Encoding:
      - gzip
      Content-Security-Policy:
      - frame-ancestors 'none'
      Content-Type:
      - application/json; charset=utf-8
      Date:
      - Mon, 15 Apr 2024 14:23:08 GMT
      Keep-Alive:
      - timeout=30, max=100
      Server:
      - Apache/2.4.58 (Fedora Linux) OpenSSL/3.0.8 mod_wsgi/4.9.4 Python/3.11 mod_auth_gssapi/1.6.5
      Transfer-Encoding:
      - chunked
      Vary:
      - Accept-Encoding
      X-Frame-Options:
      - DENY
    status:
      code: 200
      message: Success
- request:
    body: '{"method": "user_find", "params": [[null], {"whoami": true, "all": true,
      "raw": false, "no_members": true, "pkey_only": false, "version": "2.235"}]}'
    headers:
      Accept:
      - application/json
      Accept-Encoding:
      - gzip, deflate
      Connection:
      - keep-alive
      Content-Length:
      - '148'
      Content-Type:
      - application/json
      Cookie:
      - ipa_session=MagBearerToken=V9jMVRNEONkhLu5pZZSZlJjP0aeUjO5pSUS4RCSf7eEQZaKZe7XEWbO3EqhMtD18a0mYvAAAPgkYXiTvz9eOmDtMIqvMkUybQVGp0H1CAL7iRa6DC5bQWMl962mjDkWieGePu5f5yF0SpMylAJEdevbr68YsCpPpXOPW1I1nps9Uy%2fR%2b%2b1KIl%2fcg1gKn5HO9C5UKcZm084IlXyK21vS0eg%3d%3d
      Referer:
      - https://ipa.tinystage.test/ipa
      User-Agent:
      - python-requests/2.31.0
    method: POST
    uri: https://ipa.tinystage.test/ipa/session/json
  response:
    body:
      string: '{"result": {"result": [{"cn": ["Dummy User"], "displayname": ["Dummy
        User"], "initials": ["DU"], "gecos": ["Dummy User"], "fascreationtime": [{"__datetime__":
        "20240415142307Z"}], "objectclass": ["top", "person", "organizationalperson",
        "inetorgperson", "inetuser", "posixaccount", "krbprincipalaux", "krbticketpolicyaux",
        "ipaobject", "ipasshuser", "fasuser", "ipaSshGroupOfPubKeys", "mepOriginEntry",
        "ipantuserattrs"], "ipauniqueid": ["ae2ff76a-fb33-11ee-833e-525400e27449"],
        "krbpasswordexpiration": [{"__datetime__": "20240714142308Z"}], "krblastpwdchange":
        [{"__datetime__": "20240415142308Z"}], "ipantsecurityidentifier": ["S-1-5-21-642839132-256774972-2695044819-10135"],
        "gidnumber": ["801809135"], "krbcanonicalname": ["dummy@TINYSTAGE.TEST"],
        "loginshell": ["/bin/bash"], "givenname": ["Dummy"], "homedirectory": ["/home/dummy"],
        "uid": ["dummy"], "krbprincipalname": ["dummy@TINYSTAGE.TEST"], "mail": ["dummy@unit.tests"],
        "sn": ["User"], "uidnumber": ["801809135"], "nsaccountlock": false, "preserved":
        false, "memberof_group": ["ipausers"], "dn": "uid=dummy,cn=users,cn=accounts,dc=tinystage,dc=test"}],
        "count": 1, "truncated": false, "summary": "1 user matched"}, "error": null,
        "id": null, "principal": "dummy@TINYSTAGE.TEST", "version": "4.10.3"}'
    headers:
      Cache-Control:
      - no-cache, private
      Connection:
      - Keep-Alive
      Content-Encoding:
      - gzip
      Content-Security-Policy:
      - frame-ancestors 'none'
      Content-Type:
      - application/json; charset=utf-8
      Date:
      - Mon, 15 Apr 2024 14:23:08 GMT
      Keep-Alive:
      - timeout=30, max=100
      Server:
      - Apache/2.4.58 (Fedora Linux) OpenSSL/3.0.8 mod_wsgi/4.9.4 Python/3.11 mod_auth_gssapi/1.6.5
      Transfer-Encoding:
      - chunked
      Vary:
      - Accept-Encoding
      X-Frame-Options:
      - DENY
    status:
      code: 200
      message: Success
- request:
    body: '{"method": "user_show", "params": [["dummy"], {"rights": false, "all":
      true, "raw": false, "no_members": false, "version": "2.235"}]}'
    headers:
      Accept:
      - application/json
      Accept-Encoding:
      - gzip, deflate
      Connection:
      - keep-alive
      Content-Length:
      - '133'
      Content-Type:
      - application/json
      Cookie:
      - ipa_session=MagBearerToken=V9jMVRNEONkhLu5pZZSZlJjP0aeUjO5pSUS4RCSf7eEQZaKZe7XEWbO3EqhMtD18a0mYvAAAPgkYXiTvz9eOmDtMIqvMkUybQVGp0H1CAL7iRa6DC5bQWMl962mjDkWieGePu5f5yF0SpMylAJEdevbr68YsCpPpXOPW1I1nps9Uy%2fR%2b%2b1KIl%2fcg1gKn5HO9C5UKcZm084IlXyK21vS0eg%3d%3d
      Referer:
      - https://ipa.tinystage.test/ipa
      User-Agent:
      - python-requests/2.31.0
    method: POST
    uri: https://ipa.tinystage.test/ipa/session/json
  response:
    body:
      string: '{"result": {"result": {"cn": ["Dummy User"], "displayname": ["Dummy
        User"], "initials": ["DU"], "gecos": ["Dummy User"], "objectclass": ["top",
        "person", "organizationalperson", "inetorgperson", "inetuser", "posixaccount",
        "krbprincipalaux", "krbticketpolicyaux", "ipaobject", "ipasshuser", "fasuser",
        "ipaSshGroupOfPubKeys", "mepOriginEntry", "ipantuserattrs"], "ipauniqueid":
        ["ae2ff76a-fb33-11ee-833e-525400e27449"], "krbpasswordexpiration": [{"__datetime__":
        "20240714142308Z"}], "krblastpwdchange": [{"__datetime__": "20240415142308Z"}],
        "ipantsecurityidentifier": ["S-1-5-21-642839132-256774972-2695044819-10135"],
        "gidnumber": ["801809135"], "givenname": ["Dummy"], "homedirectory": ["/home/dummy"],
        "uidnumber": ["801809135"], "krbcanonicalname": ["dummy@TINYSTAGE.TEST"],
        "mail": ["dummy@unit.tests"], "krbprincipalname": ["dummy@TINYSTAGE.TEST"],
        "fascreationtime": [{"__datetime__": "20240415142307Z"}], "loginshell": ["/bin/bash"],
        "sn": ["User"], "uid": ["dummy"], "nsaccountlock": false, "has_password":
        true, "has_keytab": true, "preserved": false, "memberof_group": ["ipausers"],
        "dn": "uid=dummy,cn=users,cn=accounts,dc=tinystage,dc=test"}, "value": "dummy",
        "summary": null}, "error": null, "id": null, "principal": "dummy@TINYSTAGE.TEST",
        "version": "4.10.3"}'
    headers:
      Cache-Control:
      - no-cache, private
      Connection:
      - Keep-Alive
      Content-Encoding:
      - gzip
      Content-Security-Policy:
      - frame-ancestors 'none'
      Content-Type:
      - application/json; charset=utf-8
      Date:
      - Mon, 15 Apr 2024 14:23:08 GMT
      Keep-Alive:
      - timeout=30, max=100
      Server:
      - Apache/2.4.58 (Fedora Linux) OpenSSL/3.0.8 mod_wsgi/4.9.4 Python/3.11 mod_auth_gssapi/1.6.5
      Transfer-Encoding:
      - chunked
      Vary:
      - Accept-Encoding
      X-Frame-Options:
      - DENY
    status:
      code: 200
      message: Success
- request:
    body: '{"method": "otptoken_find", "params": [[null], {"ipatokenowner": "dummy",
      "all": true, "raw": false, "no_members": true, "pkey_only": false, "version":
      "2.235"}]}'
    headers:
      Accept:
      - application/json
      Accept-Encoding:
      - gzip, deflate
      Connection:
      - keep-alive
      Content-Length:
      - '162'
      Content-Type:
      - application/json
      Cookie:
      - ipa_session=MagBearerToken=V9jMVRNEONkhLu5pZZSZlJjP0aeUjO5pSUS4RCSf7eEQZaKZe7XEWbO3EqhMtD18a0mYvAAAPgkYXiTvz9eOmDtMIqvMkUybQVGp0H1CAL7iRa6DC5bQWMl962mjDkWieGePu5f5yF0SpMylAJEdevbr68YsCpPpXOPW1I1nps9Uy%2fR%2b%2b1KIl%2fcg1gKn5HO9C5UKcZm084IlXyK21vS0eg%3d%3d
      Referer:
      - https://ipa.tinystage.test/ipa
      User-Agent:
      - python-requests/2.31.0
    method: POST
    uri: https://ipa.tinystage.test/ipa/session/json
  response:
    body:
      string: '{"result": {"result": [], "count": 0, "truncated": false, "summary":
        "0 OTP tokens matched"}, "error": null, "id": null, "principal": "dummy@TINYSTAGE.TEST",
        "version": "4.10.3"}'
    headers:
      Cache-Control:
      - no-cache, private
      Connection:
      - Keep-Alive
      Content-Encoding:
      - gzip
      Content-Security-Policy:
      - frame-ancestors 'none'
      Content-Type:
      - application/json; charset=utf-8
      Date:
      - Mon, 15 Apr 2024 14:23:08 GMT
      Keep-Alive:
      - timeout=30, max=100
      Server:
      - Apache/2.4.58 (Fedora Linux) OpenSSL/3.0.8 mod_wsgi/4.9.4 Python/3.11 mod_auth_gssapi/1.6.5
      Transfer-Encoding:
      - chunked
      Vary:
      - Accept-Encoding
      X-Frame-Options:
      - DENY
    status:
      code: 200
      message: Success
- request:
    body: '{"method": "session_logout", "params": [[], {"version": "2.235"}]}'
    headers:
      Accept:
      - application/json
      Accept-Encoding:
      - gzip, deflate
      Connection:
      - keep-alive
      Content-Length:
      - '66'
      Content-Type:
      - application/json
      Cookie:
      - ipa_session=MagBearerToken=V9jMVRNEONkhLu5pZZSZlJjP0aeUjO5pSUS4RCSf7eEQZaKZe7XEWbO3EqhMtD18a0mYvAAAPgkYXiTvz9eOmDtMIqvMkUybQVGp0H1CAL7iRa6DC5bQWMl962mjDkWieGePu5f5yF0SpMylAJEdevbr68YsCpPpXOPW1I1nps9Uy%2fR%2b%2b1KIl%2fcg1gKn5HO9C5UKcZm084IlXyK21vS0eg%3d%3d
      Referer:
      - https://ipa.tinystage.test/ipa
      User-Agent:
      - python-requests/2.31.0
    method: POST
    uri: https://ipa.tinystage.test/ipa/session/json
  response:
    body:
      string: '{"result": {"result": null}, "error": null, "id": null, "principal":
        "dummy@TINYSTAGE.TEST", "version": "4.10.3"}'
    headers:
      Cache-Control:
      - no-cache, private
      Connection:
      - Keep-Alive
      Content-Encoding:
      - gzip
      Content-Security-Policy:
      - frame-ancestors 'none'
      Content-Type:
      - application/json; charset=utf-8
      Date:
      - Mon, 15 Apr 2024 14:23:08 GMT
      Keep-Alive:
      - timeout=30, max=100
      Server:
      - Apache/2.4.58 (Fedora Linux) OpenSSL/3.0.8 mod_wsgi/4.9.4 Python/3.11 mod_auth_gssapi/1.6.5
      Set-Cookie:
      - ipa_session=;Max-Age=0;path=/ipa;httponly;secure;
      Transfer-Encoding:
      - chunked
      Vary:
      - Accept-Encoding
      X-Frame-Options:
      - DENY
    status:
      code: 200
      message: Success
- request:
    body: user=admin&password=password
    headers:
      Accept:
      - text/plain
      Accept-Encoding:
      - gzip, deflate
      Connection:
      - keep-alive
      Content-Length:
      - '28'
      Content-Type:
      - application/x-www-form-urlencoded
      Referer:
      - https://ipa.tinystage.test/ipa/session/login_password
      User-Agent:
      - python-requests/2.31.0
    method: POST
    uri: https://ipa.tinystage.test/ipa/session/login_password
  response:
    body:
      string: ''
    headers:
      Cache-Control:
      - no-cache, private
      Connection:
      - Keep-Alive
      Content-Encoding:
      - gzip
      Content-Security-Policy:
      - frame-ancestors 'none'
      Content-Type:
      - text/plain; charset=UTF-8
      Date:
      - Mon, 15 Apr 2024 14:23:08 GMT
      Keep-Alive:
      - timeout=30, max=100
      Server:
      - Apache/2.4.58 (Fedora Linux) OpenSSL/3.0.8 mod_wsgi/4.9.4 Python/3.11 mod_auth_gssapi/1.6.5
      Set-Cookie:
      - ipa_session=MagBearerToken=T%2f1vGX%2bQZ8nmyQ4DfFKANM%2bYW9yn1h4D8%2b6eMWxFiEf6LlzHZIi0HVoKHSgLr%2bmGeILKI6jbXVHJyL5JuuXKCuIPYZi5%2fOchmEjVW780Zei%2feqADorYxAp6vdDUZbmZE8l6bUcODUsYgBScLZ%2bO65L4Zh4mmEvzQniZ0oHNnYCzJE%2bGWBtWJh24HSJnTx1fwXkxw37rwZg1J9IYQrC57hQ%3d%3d;path=/ipa;httponly;secure;
      Transfer-Encoding:
      - chunked
      Vary:
      - Accept-Encoding
      X-Frame-Options:
      - DENY
    status:
      code: 200
      message: Success
- request:
    body: '{"method": "ping", "params": [[], {"version": "2.235"}]}'
    headers:
      Accept:
      - application/json
      Accept-Encoding:
      - gzip, deflate
      Connection:
      - keep-alive
      Content-Length:
      - '56'
      Content-Type:
      - application/json
      Cookie:
      - ipa_session=MagBearerToken=T%2f1vGX%2bQZ8nmyQ4DfFKANM%2bYW9yn1h4D8%2b6eMWxFiEf6LlzHZIi0HVoKHSgLr%2bmGeILKI6jbXVHJyL5JuuXKCuIPYZi5%2fOchmEjVW780Zei%2feqADorYxAp6vdDUZbmZE8l6bUcODUsYgBScLZ%2bO65L4Zh4mmEvzQniZ0oHNnYCzJE%2bGWBtWJh24HSJnTx1fwXkxw37rwZg1J9IYQrC57hQ%3d%3d
      Referer:
      - https://ipa.tinystage.test/ipa
      User-Agent:
      - python-requests/2.31.0
    method: POST
    uri: https://ipa.tinystage.test/ipa/session/json
  response:
    body:
      string: '{"result": {"summary": "IPA server version 4.10.3. API version 2.252"},
        "error": null, "id": null, "principal": "admin@TINYSTAGE.TEST", "version":
        "4.10.3"}'
    headers:
      Cache-Control:
      - no-cache, private
      Connection:
      - Keep-Alive
      Content-Encoding:
      - gzip
      Content-Security-Policy:
      - frame-ancestors 'none'
      Content-Type:
      - application/json; charset=utf-8
      Date:
      - Mon, 15 Apr 2024 14:23:08 GMT
      Keep-Alive:
      - timeout=30, max=100
      Server:
      - Apache/2.4.58 (Fedora Linux) OpenSSL/3.0.8 mod_wsgi/4.9.4 Python/3.11 mod_auth_gssapi/1.6.5
      Transfer-Encoding:
      - chunked
      Vary:
      - Accept-Encoding
      X-Frame-Options:
      - DENY
    status:
      code: 200
      message: Success
- request:
    body: '{"method": "user_del", "params": [["dummy"], {"continue": false, "version":
      "2.235"}]}'
    headers:
      Accept:
      - application/json
      Accept-Encoding:
      - gzip, deflate
      Connection:
      - keep-alive
      Content-Length:
      - '86'
      Content-Type:
      - application/json
      Cookie:
      - ipa_session=MagBearerToken=T%2f1vGX%2bQZ8nmyQ4DfFKANM%2bYW9yn1h4D8%2b6eMWxFiEf6LlzHZIi0HVoKHSgLr%2bmGeILKI6jbXVHJyL5JuuXKCuIPYZi5%2fOchmEjVW780Zei%2feqADorYxAp6vdDUZbmZE8l6bUcODUsYgBScLZ%2bO65L4Zh4mmEvzQniZ0oHNnYCzJE%2bGWBtWJh24HSJnTx1fwXkxw37rwZg1J9IYQrC57hQ%3d%3d
      Referer:
      - https://ipa.tinystage.test/ipa
      User-Agent:
      - python-requests/2.31.0
    method: POST
    uri: https://ipa.tinystage.test/ipa/session/json
  response:
    body:
      string: '{"result": {"result": {"failed": []}, "value": ["dummy"], "summary":
        "Deleted user \"dummy\""}, "error": null, "id": null, "principal": "admin@TINYSTAGE.TEST",
        "version": "4.10.3"}'
    headers:
      Cache-Control:
      - no-cache, private
      Connection:
      - Keep-Alive
      Content-Encoding:
      - gzip
      Content-Security-Policy:
      - frame-ancestors 'none'
      Content-Type:
      - application/json; charset=utf-8
      Date:
      - Mon, 15 Apr 2024 14:23:08 GMT
      Keep-Alive:
      - timeout=30, max=100
      Server:
      - Apache/2.4.58 (Fedora Linux) OpenSSL/3.0.8 mod_wsgi/4.9.4 Python/3.11 mod_auth_gssapi/1.6.5
      Transfer-Encoding:
      - chunked
      Vary:
      - Accept-Encoding
      X-Frame-Options:
      - DENY
    status:
      code: 200
      message: Success
- request:
    body: '{"method": "session_logout", "params": [[], {"version": "2.235"}]}'
    headers:
      Accept:
      - application/json
      Accept-Encoding:
      - gzip, deflate
      Connection:
      - keep-alive
      Content-Length:
      - '66'
      Content-Type:
      - application/json
      Cookie:
      - ipa_session=MagBearerToken=T%2f1vGX%2bQZ8nmyQ4DfFKANM%2bYW9yn1h4D8%2b6eMWxFiEf6LlzHZIi0HVoKHSgLr%2bmGeILKI6jbXVHJyL5JuuXKCuIPYZi5%2fOchmEjVW780Zei%2feqADorYxAp6vdDUZbmZE8l6bUcODUsYgBScLZ%2bO65L4Zh4mmEvzQniZ0oHNnYCzJE%2bGWBtWJh24HSJnTx1fwXkxw37rwZg1J9IYQrC57hQ%3d%3d
      Referer:
      - https://ipa.tinystage.test/ipa
      User-Agent:
      - python-requests/2.31.0
    method: POST
    uri: https://ipa.tinystage.test/ipa/session/json
  response:
    body:
      string: '{"result": {"result": null}, "error": null, "id": null, "principal":
        "admin@TINYSTAGE.TEST", "version": "4.10.3"}'
    headers:
      Cache-Control:
      - no-cache, private
      Connection:
      - Keep-Alive
      Content-Encoding:
      - gzip
      Content-Security-Policy:
      - frame-ancestors 'none'
      Content-Type:
      - application/json; charset=utf-8
      Date:
      - Mon, 15 Apr 2024 14:23:09 GMT
      Keep-Alive:
      - timeout=30, max=100
      Server:
      - Apache/2.4.58 (Fedora Linux) OpenSSL/3.0.8 mod_wsgi/4.9.4 Python/3.11 mod_auth_gssapi/1.6.5
      Set-Cookie:
      - ipa_session=;Max-Age=0;path=/ipa;httponly;secure;
      Transfer-Encoding:
      - chunked
      Vary:
      - Accept-Encoding
      X-Frame-Options:
      - DENY
    status:
      code: 200
      message: Success
version: 1
