interactions:
- request:
    body: user=admin&password=password
    headers:
      Accept:
      - text/plain
      Accept-Encoding:
      - gzip, deflate
      Connection:
      - keep-alive
      Content-Length:
      - '28'
      Content-Type:
      - application/x-www-form-urlencoded
      Referer:
      - https://ipa.tinystage.test/ipa/session/login_password
      User-Agent:
      - python-requests/2.31.0
    method: POST
    uri: https://ipa.tinystage.test/ipa/session/login_password
  response:
    body:
      string: ''
    headers:
      Cache-Control:
      - no-cache, private
      Connection:
      - Keep-Alive
      Content-Encoding:
      - gzip
      Content-Length:
      - '20'
      Content-Security-Policy:
      - frame-ancestors 'none'
      Content-Type:
      - text/plain; charset=UTF-8
      Date:
      - Mon, 15 Apr 2024 14:28:10 GMT
      Keep-Alive:
      - timeout=30, max=100
      Server:
      - Apache/2.4.58 (Fedora Linux) OpenSSL/3.0.8 mod_wsgi/4.9.4 Python/3.11 mod_auth_gssapi/1.6.5
      Set-Cookie:
      - ipa_session=MagBearerToken=X%2bAFSmqWdKOHqhSXKbj3bXubUU1R1tWmDzn1sw5qDRfzoI37131Wf9Fls5KHqlJZk0MUO9e2eI2rGvl2Jq1mFcUR0Yv%2f13hA6PPkjB9DoS2Tv83x9sIpKK55%2b22Vg8S73BR%2boPZBoVMFYkVKgOxW1zSu%2bl2bfG%2bxCwuvP76T1KjkBwJyJZhb34xD3oNhxRBAJnMNBG5pEYn8xfUte2OWNQ%3d%3d;path=/ipa;httponly;secure;
      Vary:
      - Accept-Encoding
      X-Frame-Options:
      - DENY
    status:
      code: 200
      message: Success
- request:
    body: '{"method": "ping", "params": [[], {"version": "2.235"}]}'
    headers:
      Accept:
      - application/json
      Accept-Encoding:
      - gzip, deflate
      Connection:
      - keep-alive
      Content-Length:
      - '56'
      Content-Type:
      - application/json
      Cookie:
      - ipa_session=MagBearerToken=X%2bAFSmqWdKOHqhSXKbj3bXubUU1R1tWmDzn1sw5qDRfzoI37131Wf9Fls5KHqlJZk0MUO9e2eI2rGvl2Jq1mFcUR0Yv%2f13hA6PPkjB9DoS2Tv83x9sIpKK55%2b22Vg8S73BR%2boPZBoVMFYkVKgOxW1zSu%2bl2bfG%2bxCwuvP76T1KjkBwJyJZhb34xD3oNhxRBAJnMNBG5pEYn8xfUte2OWNQ%3d%3d
      Referer:
      - https://ipa.tinystage.test/ipa
      User-Agent:
      - python-requests/2.31.0
    method: POST
    uri: https://ipa.tinystage.test/ipa/session/json
  response:
    body:
      string: '{"result": {"summary": "IPA server version 4.10.3. API version 2.252"},
        "error": null, "id": null, "principal": "admin@TINYSTAGE.TEST", "version":
        "4.10.3"}'
    headers:
      Cache-Control:
      - no-cache, private
      Connection:
      - Keep-Alive
      Content-Encoding:
      - gzip
      Content-Security-Policy:
      - frame-ancestors 'none'
      Content-Type:
      - application/json; charset=utf-8
      Date:
      - Mon, 15 Apr 2024 14:28:10 GMT
      Keep-Alive:
      - timeout=30, max=100
      Server:
      - Apache/2.4.58 (Fedora Linux) OpenSSL/3.0.8 mod_wsgi/4.9.4 Python/3.11 mod_auth_gssapi/1.6.5
      Transfer-Encoding:
      - chunked
      Vary:
      - Accept-Encoding
      X-Frame-Options:
      - DENY
    status:
      code: 200
      message: Success
- request:
    body: '{"method": "user_add", "params": [["dummy"], {"givenname": "Dummy", "sn":
      "User", "cn": "Dummy User", "loginshell": "/bin/bash", "mail": "dummy@unit.tests",
      "userpassword": "dummy_password", "random": false, "noprivate": false, "all":
      true, "raw": false, "no_members": false, "fascreationtime": "2024-04-15T14:28:10Z",
      "version": "2.235"}]}'
    headers:
      Accept:
      - application/json
      Accept-Encoding:
      - gzip, deflate
      Connection:
      - keep-alive
      Content-Length:
      - '340'
      Content-Type:
      - application/json
      Cookie:
      - ipa_session=MagBearerToken=X%2bAFSmqWdKOHqhSXKbj3bXubUU1R1tWmDzn1sw5qDRfzoI37131Wf9Fls5KHqlJZk0MUO9e2eI2rGvl2Jq1mFcUR0Yv%2f13hA6PPkjB9DoS2Tv83x9sIpKK55%2b22Vg8S73BR%2boPZBoVMFYkVKgOxW1zSu%2bl2bfG%2bxCwuvP76T1KjkBwJyJZhb34xD3oNhxRBAJnMNBG5pEYn8xfUte2OWNQ%3d%3d
      Referer:
      - https://ipa.tinystage.test/ipa
      User-Agent:
      - python-requests/2.31.0
    method: POST
    uri: https://ipa.tinystage.test/ipa/session/json
  response:
    body:
      string: '{"result": {"result": {"cn": ["Dummy User"], "displayname": ["Dummy
        User"], "initials": ["DU"], "gecos": ["Dummy User"], "objectclass": ["top",
        "person", "organizationalperson", "inetorgperson", "inetuser", "posixaccount",
        "krbprincipalaux", "krbticketpolicyaux", "ipaobject", "ipasshuser", "fasuser",
        "ipaSshGroupOfPubKeys", "mepOriginEntry", "ipantuserattrs"], "ipauniqueid":
        ["627a4144-fb34-11ee-a97d-525400e27449"], "krbpasswordexpiration": [{"__datetime__":
        "20240415142809Z"}], "krblastpwdchange": [{"__datetime__": "20240415142809Z"}],
        "krbextradata": [{"__base64__": "AAJ5OR1mcm9vdC9hZG1pbkBUSU5ZU1RBR0UuVEVTVAA="}],
        "mepmanagedentry": ["cn=dummy,cn=groups,cn=accounts,dc=tinystage,dc=test"],
        "sn": ["User"], "krbcanonicalname": ["dummy@TINYSTAGE.TEST"], "uid": ["dummy"],
        "krbprincipalname": ["dummy@TINYSTAGE.TEST"], "mail": ["dummy@unit.tests"],
        "homedirectory": ["/home/dummy"], "loginshell": ["/bin/bash"], "givenname":
        ["Dummy"], "gidnumber": ["801809253"], "fascreationtime": [{"__datetime__":
        "20240415142810Z"}], "uidnumber": ["801809253"], "preserved": false, "has_password":
        true, "has_keytab": true, "memberof_group": ["ipausers"], "dn": "uid=dummy,cn=users,cn=accounts,dc=tinystage,dc=test"},
        "value": "dummy", "summary": "Added user \"dummy\""}, "error": null, "id":
        null, "principal": "admin@TINYSTAGE.TEST", "version": "4.10.3"}'
    headers:
      Cache-Control:
      - no-cache, private
      Connection:
      - Keep-Alive
      Content-Encoding:
      - gzip
      Content-Security-Policy:
      - frame-ancestors 'none'
      Content-Type:
      - application/json; charset=utf-8
      Date:
      - Mon, 15 Apr 2024 14:28:10 GMT
      Keep-Alive:
      - timeout=30, max=100
      Server:
      - Apache/2.4.58 (Fedora Linux) OpenSSL/3.0.8 mod_wsgi/4.9.4 Python/3.11 mod_auth_gssapi/1.6.5
      Transfer-Encoding:
      - chunked
      Vary:
      - Accept-Encoding
      X-Frame-Options:
      - DENY
    status:
      code: 200
      message: Success
- request:
    body: '{"method": "session_logout", "params": [[], {"version": "2.235"}]}'
    headers:
      Accept:
      - application/json
      Accept-Encoding:
      - gzip, deflate
      Connection:
      - keep-alive
      Content-Length:
      - '66'
      Content-Type:
      - application/json
      Cookie:
      - ipa_session=MagBearerToken=X%2bAFSmqWdKOHqhSXKbj3bXubUU1R1tWmDzn1sw5qDRfzoI37131Wf9Fls5KHqlJZk0MUO9e2eI2rGvl2Jq1mFcUR0Yv%2f13hA6PPkjB9DoS2Tv83x9sIpKK55%2b22Vg8S73BR%2boPZBoVMFYkVKgOxW1zSu%2bl2bfG%2bxCwuvP76T1KjkBwJyJZhb34xD3oNhxRBAJnMNBG5pEYn8xfUte2OWNQ%3d%3d
      Referer:
      - https://ipa.tinystage.test/ipa
      User-Agent:
      - python-requests/2.31.0
    method: POST
    uri: https://ipa.tinystage.test/ipa/session/json
  response:
    body:
      string: '{"result": {"result": null}, "error": null, "id": null, "principal":
        "admin@TINYSTAGE.TEST", "version": "4.10.3"}'
    headers:
      Cache-Control:
      - no-cache, private
      Connection:
      - Keep-Alive
      Content-Encoding:
      - gzip
      Content-Security-Policy:
      - frame-ancestors 'none'
      Content-Type:
      - application/json; charset=utf-8
      Date:
      - Mon, 15 Apr 2024 14:28:10 GMT
      Keep-Alive:
      - timeout=30, max=100
      Server:
      - Apache/2.4.58 (Fedora Linux) OpenSSL/3.0.8 mod_wsgi/4.9.4 Python/3.11 mod_auth_gssapi/1.6.5
      Set-Cookie:
      - ipa_session=;Max-Age=0;path=/ipa;httponly;secure;
      Transfer-Encoding:
      - chunked
      Vary:
      - Accept-Encoding
      X-Frame-Options:
      - DENY
    status:
      code: 200
      message: Success
- request:
    body: user=dummy&new_password=dummy_password&old_password=dummy_password
    headers:
      Accept:
      - text/plain
      Accept-Encoding:
      - gzip, deflate
      Connection:
      - keep-alive
      Content-Length:
      - '66'
      Content-Type:
      - application/x-www-form-urlencoded
      Referer:
      - https://ipa.tinystage.test/ipa/session/change_password
      User-Agent:
      - python-requests/2.31.0
    method: POST
    uri: https://ipa.tinystage.test/ipa/session/change_password
  response:
    body:
      string: '<html>

        <head>

        <title>200 Success</title>

        </head>

        <body>

        <h1>Password change successful</h1>

        <p>

        <strong>Password was changed.</strong>

        </p>

        </body>

        </html>'
    headers:
      Cache-Control:
      - no-cache, private
      Connection:
      - Keep-Alive
      Content-Encoding:
      - gzip
      Content-Security-Policy:
      - frame-ancestors 'none'
      Content-Type:
      - text/html; charset=utf-8
      Date:
      - Mon, 15 Apr 2024 14:28:10 GMT
      Keep-Alive:
      - timeout=30, max=100
      Server:
      - Apache/2.4.58 (Fedora Linux) OpenSSL/3.0.8 mod_wsgi/4.9.4 Python/3.11 mod_auth_gssapi/1.6.5
      Transfer-Encoding:
      - chunked
      Vary:
      - Accept-Encoding
      X-Frame-Options:
      - DENY
      X-IPA-Pwchange-Result:
      - ok
    status:
      code: 200
      message: Success
- request:
    body: user=dummy&password=dummy_password
    headers:
      Accept:
      - text/plain
      Accept-Encoding:
      - gzip, deflate
      Connection:
      - keep-alive
      Content-Length:
      - '34'
      Content-Type:
      - application/x-www-form-urlencoded
      Referer:
      - https://ipa.tinystage.test/ipa/session/login_password
      User-Agent:
      - python-requests/2.31.0
    method: POST
    uri: https://ipa.tinystage.test/ipa/session/login_password
  response:
    body:
      string: ''
    headers:
      Cache-Control:
      - no-cache, private
      Connection:
      - Keep-Alive
      Content-Encoding:
      - gzip
      Content-Security-Policy:
      - frame-ancestors 'none'
      Content-Type:
      - text/plain; charset=UTF-8
      Date:
      - Mon, 15 Apr 2024 14:28:10 GMT
      Keep-Alive:
      - timeout=30, max=100
      Server:
      - Apache/2.4.58 (Fedora Linux) OpenSSL/3.0.8 mod_wsgi/4.9.4 Python/3.11 mod_auth_gssapi/1.6.5
      Set-Cookie:
      - ipa_session=MagBearerToken=3Bf2i%2bo%2bDhD4VV0EJN1en2m8dqkJNT9rpPXutDlfjJX80XyLk0ohbNdLrkPBFJBLtyKy0HA2ULmvGI75CsJtS6hTiKO02jBGZjwHqXzo4TpyRvmffNR5tDub%2b2uGNekJH9uEm1jO0fe9zTFgr2fhf1Tv8doOuw9M2XDu9cKSm8Mtji5hrso%2babYbtCOU8fmo9BcUHQvyEdsqjI1vujUDCQ%3d%3d;path=/ipa;httponly;secure;
      Transfer-Encoding:
      - chunked
      Vary:
      - Accept-Encoding
      X-Frame-Options:
      - DENY
    status:
      code: 200
      message: Success
- request:
    body: '{"method": "ping", "params": [[], {"version": "2.235"}]}'
    headers:
      Accept:
      - application/json
      Accept-Encoding:
      - gzip, deflate
      Connection:
      - keep-alive
      Content-Length:
      - '56'
      Content-Type:
      - application/json
      Cookie:
      - ipa_session=MagBearerToken=3Bf2i%2bo%2bDhD4VV0EJN1en2m8dqkJNT9rpPXutDlfjJX80XyLk0ohbNdLrkPBFJBLtyKy0HA2ULmvGI75CsJtS6hTiKO02jBGZjwHqXzo4TpyRvmffNR5tDub%2b2uGNekJH9uEm1jO0fe9zTFgr2fhf1Tv8doOuw9M2XDu9cKSm8Mtji5hrso%2babYbtCOU8fmo9BcUHQvyEdsqjI1vujUDCQ%3d%3d
      Referer:
      - https://ipa.tinystage.test/ipa
      User-Agent:
      - python-requests/2.31.0
    method: POST
    uri: https://ipa.tinystage.test/ipa/session/json
  response:
    body:
      string: '{"result": {"summary": "IPA server version 4.10.3. API version 2.252"},
        "error": null, "id": null, "principal": "dummy@TINYSTAGE.TEST", "version":
        "4.10.3"}'
    headers:
      Cache-Control:
      - no-cache, private
      Connection:
      - Keep-Alive
      Content-Encoding:
      - gzip
      Content-Security-Policy:
      - frame-ancestors 'none'
      Content-Type:
      - application/json; charset=utf-8
      Date:
      - Mon, 15 Apr 2024 14:28:10 GMT
      Keep-Alive:
      - timeout=30, max=100
      Server:
      - Apache/2.4.58 (Fedora Linux) OpenSSL/3.0.8 mod_wsgi/4.9.4 Python/3.11 mod_auth_gssapi/1.6.5
      Transfer-Encoding:
      - chunked
      Vary:
      - Accept-Encoding
      X-Frame-Options:
      - DENY
    status:
      code: 200
      message: Success
- request:
    body: '{"method": "user_find", "params": [[null], {"whoami": true, "all": true,
      "raw": false, "no_members": true, "pkey_only": false, "version": "2.235"}]}'
    headers:
      Accept:
      - application/json
      Accept-Encoding:
      - gzip, deflate
      Connection:
      - keep-alive
      Content-Length:
      - '148'
      Content-Type:
      - application/json
      Cookie:
      - ipa_session=MagBearerToken=3Bf2i%2bo%2bDhD4VV0EJN1en2m8dqkJNT9rpPXutDlfjJX80XyLk0ohbNdLrkPBFJBLtyKy0HA2ULmvGI75CsJtS6hTiKO02jBGZjwHqXzo4TpyRvmffNR5tDub%2b2uGNekJH9uEm1jO0fe9zTFgr2fhf1Tv8doOuw9M2XDu9cKSm8Mtji5hrso%2babYbtCOU8fmo9BcUHQvyEdsqjI1vujUDCQ%3d%3d
      Referer:
      - https://ipa.tinystage.test/ipa
      User-Agent:
      - python-requests/2.31.0
    method: POST
    uri: https://ipa.tinystage.test/ipa/session/json
  response:
    body:
      string: '{"result": {"result": [{"cn": ["Dummy User"], "displayname": ["Dummy
        User"], "initials": ["DU"], "gecos": ["Dummy User"], "fascreationtime": [{"__datetime__":
        "20240415142810Z"}], "objectclass": ["top", "person", "organizationalperson",
        "inetorgperson", "inetuser", "posixaccount", "krbprincipalaux", "krbticketpolicyaux",
        "ipaobject", "ipasshuser", "fasuser", "ipaSshGroupOfPubKeys", "mepOriginEntry",
        "ipantuserattrs"], "ipauniqueid": ["627a4144-fb34-11ee-a97d-525400e27449"],
        "krbpasswordexpiration": [{"__datetime__": "20240714142810Z"}], "krblastpwdchange":
        [{"__datetime__": "20240415142810Z"}], "ipantsecurityidentifier": ["S-1-5-21-642839132-256774972-2695044819-10253"],
        "givenname": ["Dummy"], "krbprincipalname": ["dummy@TINYSTAGE.TEST"], "homedirectory":
        ["/home/dummy"], "loginshell": ["/bin/bash"], "sn": ["User"], "gidnumber":
        ["801809253"], "krbcanonicalname": ["dummy@TINYSTAGE.TEST"], "mail": ["dummy@unit.tests"],
        "uidnumber": ["801809253"], "uid": ["dummy"], "nsaccountlock": false, "preserved":
        false, "memberof_group": ["ipausers"], "dn": "uid=dummy,cn=users,cn=accounts,dc=tinystage,dc=test"}],
        "count": 1, "truncated": false, "summary": "1 user matched"}, "error": null,
        "id": null, "principal": "dummy@TINYSTAGE.TEST", "version": "4.10.3"}'
    headers:
      Cache-Control:
      - no-cache, private
      Connection:
      - Keep-Alive
      Content-Encoding:
      - gzip
      Content-Security-Policy:
      - frame-ancestors 'none'
      Content-Type:
      - application/json; charset=utf-8
      Date:
      - Mon, 15 Apr 2024 14:28:11 GMT
      Keep-Alive:
      - timeout=30, max=100
      Server:
      - Apache/2.4.58 (Fedora Linux) OpenSSL/3.0.8 mod_wsgi/4.9.4 Python/3.11 mod_auth_gssapi/1.6.5
      Transfer-Encoding:
      - chunked
      Vary:
      - Accept-Encoding
      X-Frame-Options:
      - DENY
    status:
      code: 200
      message: Success
- request:
    body: '{"method": "session_logout", "params": [[], {"version": "2.235"}]}'
    headers:
      Accept:
      - application/json
      Accept-Encoding:
      - gzip, deflate
      Connection:
      - keep-alive
      Content-Length:
      - '66'
      Content-Type:
      - application/json
      Cookie:
      - ipa_session=MagBearerToken=3Bf2i%2bo%2bDhD4VV0EJN1en2m8dqkJNT9rpPXutDlfjJX80XyLk0ohbNdLrkPBFJBLtyKy0HA2ULmvGI75CsJtS6hTiKO02jBGZjwHqXzo4TpyRvmffNR5tDub%2b2uGNekJH9uEm1jO0fe9zTFgr2fhf1Tv8doOuw9M2XDu9cKSm8Mtji5hrso%2babYbtCOU8fmo9BcUHQvyEdsqjI1vujUDCQ%3d%3d
      Referer:
      - https://ipa.tinystage.test/ipa
      User-Agent:
      - python-requests/2.31.0
    method: POST
    uri: https://ipa.tinystage.test/ipa/session/json
  response:
    body:
      string: '{"result": {"result": null}, "error": null, "id": null, "principal":
        "dummy@TINYSTAGE.TEST", "version": "4.10.3"}'
    headers:
      Cache-Control:
      - no-cache, private
      Connection:
      - Keep-Alive
      Content-Encoding:
      - gzip
      Content-Security-Policy:
      - frame-ancestors 'none'
      Content-Type:
      - application/json; charset=utf-8
      Date:
      - Mon, 15 Apr 2024 14:28:11 GMT
      Keep-Alive:
      - timeout=30, max=100
      Server:
      - Apache/2.4.58 (Fedora Linux) OpenSSL/3.0.8 mod_wsgi/4.9.4 Python/3.11 mod_auth_gssapi/1.6.5
      Set-Cookie:
      - ipa_session=;Max-Age=0;path=/ipa;httponly;secure;
      Transfer-Encoding:
      - chunked
      Vary:
      - Accept-Encoding
      X-Frame-Options:
      - DENY
    status:
      code: 200
      message: Success
- request:
    body: user=admin&password=password
    headers:
      Accept:
      - text/plain
      Accept-Encoding:
      - gzip, deflate
      Connection:
      - keep-alive
      Content-Length:
      - '28'
      Content-Type:
      - application/x-www-form-urlencoded
      Referer:
      - https://ipa.tinystage.test/ipa/session/login_password
      User-Agent:
      - python-requests/2.31.0
    method: POST
    uri: https://ipa.tinystage.test/ipa/session/login_password
  response:
    body:
      string: ''
    headers:
      Cache-Control:
      - no-cache, private
      Connection:
      - Keep-Alive
      Content-Encoding:
      - gzip
      Content-Length:
      - '20'
      Content-Security-Policy:
      - frame-ancestors 'none'
      Content-Type:
      - text/plain; charset=UTF-8
      Date:
      - Mon, 15 Apr 2024 14:28:11 GMT
      Keep-Alive:
      - timeout=30, max=100
      Server:
      - Apache/2.4.58 (Fedora Linux) OpenSSL/3.0.8 mod_wsgi/4.9.4 Python/3.11 mod_auth_gssapi/1.6.5
      Set-Cookie:
      - ipa_session=MagBearerToken=myZlmdFigfhmTF2pAv5VY5win64qKuNhAmHg22BSqFt3educD5eyhUVdNGfqdI4hJLyoZFFNnSg9KGQa0PF13KhlrXYxOJFqNc7JBMAatLOUCabLFfqIVi3BM1IpdZndFNm8VyZ3UxvuZfIqfEidRteUrI7lafN2sFull6ca8t9DsIXqJjEgy09HBeeZUmxJClCwANC4ylW5SCw0qBTUQQ%3d%3d;path=/ipa;httponly;secure;
      Vary:
      - Accept-Encoding
      X-Frame-Options:
      - DENY
    status:
      code: 200
      message: Success
- request:
    body: '{"method": "ping", "params": [[], {"version": "2.235"}]}'
    headers:
      Accept:
      - application/json
      Accept-Encoding:
      - gzip, deflate
      Connection:
      - keep-alive
      Content-Length:
      - '56'
      Content-Type:
      - application/json
      Cookie:
      - ipa_session=MagBearerToken=myZlmdFigfhmTF2pAv5VY5win64qKuNhAmHg22BSqFt3educD5eyhUVdNGfqdI4hJLyoZFFNnSg9KGQa0PF13KhlrXYxOJFqNc7JBMAatLOUCabLFfqIVi3BM1IpdZndFNm8VyZ3UxvuZfIqfEidRteUrI7lafN2sFull6ca8t9DsIXqJjEgy09HBeeZUmxJClCwANC4ylW5SCw0qBTUQQ%3d%3d
      Referer:
      - https://ipa.tinystage.test/ipa
      User-Agent:
      - python-requests/2.31.0
    method: POST
    uri: https://ipa.tinystage.test/ipa/session/json
  response:
    body:
      string: '{"result": {"summary": "IPA server version 4.10.3. API version 2.252"},
        "error": null, "id": null, "principal": "admin@TINYSTAGE.TEST", "version":
        "4.10.3"}'
    headers:
      Cache-Control:
      - no-cache, private
      Connection:
      - Keep-Alive
      Content-Encoding:
      - gzip
      Content-Security-Policy:
      - frame-ancestors 'none'
      Content-Type:
      - application/json; charset=utf-8
      Date:
      - Mon, 15 Apr 2024 14:28:11 GMT
      Keep-Alive:
      - timeout=30, max=100
      Server:
      - Apache/2.4.58 (Fedora Linux) OpenSSL/3.0.8 mod_wsgi/4.9.4 Python/3.11 mod_auth_gssapi/1.6.5
      Transfer-Encoding:
      - chunked
      Vary:
      - Accept-Encoding
      X-Frame-Options:
      - DENY
    status:
      code: 200
      message: Success
- request:
    body: '{"method": "user_del", "params": [["dummy"], {"continue": false, "version":
      "2.235"}]}'
    headers:
      Accept:
      - application/json
      Accept-Encoding:
      - gzip, deflate
      Connection:
      - keep-alive
      Content-Length:
      - '86'
      Content-Type:
      - application/json
      Cookie:
      - ipa_session=MagBearerToken=myZlmdFigfhmTF2pAv5VY5win64qKuNhAmHg22BSqFt3educD5eyhUVdNGfqdI4hJLyoZFFNnSg9KGQa0PF13KhlrXYxOJFqNc7JBMAatLOUCabLFfqIVi3BM1IpdZndFNm8VyZ3UxvuZfIqfEidRteUrI7lafN2sFull6ca8t9DsIXqJjEgy09HBeeZUmxJClCwANC4ylW5SCw0qBTUQQ%3d%3d
      Referer:
      - https://ipa.tinystage.test/ipa
      User-Agent:
      - python-requests/2.31.0
    method: POST
    uri: https://ipa.tinystage.test/ipa/session/json
  response:
    body:
      string: '{"result": {"result": {"failed": []}, "value": ["dummy"], "summary":
        "Deleted user \"dummy\""}, "error": null, "id": null, "principal": "admin@TINYSTAGE.TEST",
        "version": "4.10.3"}'
    headers:
      Cache-Control:
      - no-cache, private
      Connection:
      - Keep-Alive
      Content-Encoding:
      - gzip
      Content-Security-Policy:
      - frame-ancestors 'none'
      Content-Type:
      - application/json; charset=utf-8
      Date:
      - Mon, 15 Apr 2024 14:28:11 GMT
      Keep-Alive:
      - timeout=30, max=100
      Server:
      - Apache/2.4.58 (Fedora Linux) OpenSSL/3.0.8 mod_wsgi/4.9.4 Python/3.11 mod_auth_gssapi/1.6.5
      Transfer-Encoding:
      - chunked
      Vary:
      - Accept-Encoding
      X-Frame-Options:
      - DENY
    status:
      code: 200
      message: Success
- request:
    body: '{"method": "session_logout", "params": [[], {"version": "2.235"}]}'
    headers:
      Accept:
      - application/json
      Accept-Encoding:
      - gzip, deflate
      Connection:
      - keep-alive
      Content-Length:
      - '66'
      Content-Type:
      - application/json
      Cookie:
      - ipa_session=MagBearerToken=myZlmdFigfhmTF2pAv5VY5win64qKuNhAmHg22BSqFt3educD5eyhUVdNGfqdI4hJLyoZFFNnSg9KGQa0PF13KhlrXYxOJFqNc7JBMAatLOUCabLFfqIVi3BM1IpdZndFNm8VyZ3UxvuZfIqfEidRteUrI7lafN2sFull6ca8t9DsIXqJjEgy09HBeeZUmxJClCwANC4ylW5SCw0qBTUQQ%3d%3d
      Referer:
      - https://ipa.tinystage.test/ipa
      User-Agent:
      - python-requests/2.31.0
    method: POST
    uri: https://ipa.tinystage.test/ipa/session/json
  response:
    body:
      string: '{"result": {"result": null}, "error": null, "id": null, "principal":
        "admin@TINYSTAGE.TEST", "version": "4.10.3"}'
    headers:
      Cache-Control:
      - no-cache, private
      Connection:
      - Keep-Alive
      Content-Encoding:
      - gzip
      Content-Security-Policy:
      - frame-ancestors 'none'
      Content-Type:
      - application/json; charset=utf-8
      Date:
      - Mon, 15 Apr 2024 14:28:11 GMT
      Keep-Alive:
      - timeout=30, max=100
      Server:
      - Apache/2.4.58 (Fedora Linux) OpenSSL/3.0.8 mod_wsgi/4.9.4 Python/3.11 mod_auth_gssapi/1.6.5
      Set-Cookie:
      - ipa_session=;Max-Age=0;path=/ipa;httponly;secure;
      Transfer-Encoding:
      - chunked
      Vary:
      - Accept-Encoding
      X-Frame-Options:
      - DENY
    status:
      code: 200
      message: Success
version: 1
