interactions:
- request:
    body: user=admin&password=password
    headers:
      Accept:
      - text/plain
      Accept-Encoding:
      - gzip, deflate
      Connection:
      - keep-alive
      Content-Length:
      - '28'
      Content-Type:
      - application/x-www-form-urlencoded
      Referer:
      - https://ipa.tinystage.test/ipa/session/login_password
      User-Agent:
      - python-requests/2.31.0
    method: POST
    uri: https://ipa.tinystage.test/ipa/session/login_password
  response:
    body:
      string: ''
    headers:
      Cache-Control:
      - no-cache, private
      Connection:
      - Keep-Alive
      Content-Encoding:
      - gzip
      Content-Security-Policy:
      - frame-ancestors 'none'
      Content-Type:
      - text/plain; charset=UTF-8
      Date:
      - Mon, 15 Apr 2024 14:28:21 GMT
      Keep-Alive:
      - timeout=30, max=100
      Server:
      - Apache/2.4.58 (Fedora Linux) OpenSSL/3.0.8 mod_wsgi/4.9.4 Python/3.11 mod_auth_gssapi/1.6.5
      Set-Cookie:
      - ipa_session=MagBearerToken=4Oiw6futnQGQXFBCT4fP%2bvZTXqZthRca9MLmNUu3XWUxwjWrG2tGvuog%2f2GTpwY7rFcHqfB363weBDA5XVQEsPmSM4NOeXDI%2fEy6WmnxuR82Gspjc8D8T%2by%2bY6k4pd4YAfAWUaxM9zonyo3zZAt%2bE19AAc9JOZWTaB2ajG2ZbPIL%2fOKMRkCp6IElmHQRBNBj4yq3xDZd0kpfL3ST8o0VMw%3d%3d;path=/ipa;httponly;secure;
      Transfer-Encoding:
      - chunked
      Vary:
      - Accept-Encoding
      X-Frame-Options:
      - DENY
    status:
      code: 200
      message: Success
- request:
    body: '{"method": "ping", "params": [[], {"version": "2.235"}]}'
    headers:
      Accept:
      - application/json
      Accept-Encoding:
      - gzip, deflate
      Connection:
      - keep-alive
      Content-Length:
      - '56'
      Content-Type:
      - application/json
      Cookie:
      - ipa_session=MagBearerToken=4Oiw6futnQGQXFBCT4fP%2bvZTXqZthRca9MLmNUu3XWUxwjWrG2tGvuog%2f2GTpwY7rFcHqfB363weBDA5XVQEsPmSM4NOeXDI%2fEy6WmnxuR82Gspjc8D8T%2by%2bY6k4pd4YAfAWUaxM9zonyo3zZAt%2bE19AAc9JOZWTaB2ajG2ZbPIL%2fOKMRkCp6IElmHQRBNBj4yq3xDZd0kpfL3ST8o0VMw%3d%3d
      Referer:
      - https://ipa.tinystage.test/ipa
      User-Agent:
      - python-requests/2.31.0
    method: POST
    uri: https://ipa.tinystage.test/ipa/session/json
  response:
    body:
      string: '{"result": {"summary": "IPA server version 4.10.3. API version 2.252"},
        "error": null, "id": null, "principal": "admin@TINYSTAGE.TEST", "version":
        "4.10.3"}'
    headers:
      Cache-Control:
      - no-cache, private
      Connection:
      - Keep-Alive
      Content-Encoding:
      - gzip
      Content-Security-Policy:
      - frame-ancestors 'none'
      Content-Type:
      - application/json; charset=utf-8
      Date:
      - Mon, 15 Apr 2024 14:28:22 GMT
      Keep-Alive:
      - timeout=30, max=100
      Server:
      - Apache/2.4.58 (Fedora Linux) OpenSSL/3.0.8 mod_wsgi/4.9.4 Python/3.11 mod_auth_gssapi/1.6.5
      Transfer-Encoding:
      - chunked
      Vary:
      - Accept-Encoding
      X-Frame-Options:
      - DENY
    status:
      code: 200
      message: Success
- request:
    body: '{"method": "user_add", "params": [["dummy"], {"givenname": "Dummy", "sn":
      "User", "cn": "Dummy User", "loginshell": "/bin/bash", "mail": "dummy@unit.tests",
      "userpassword": "dummy_password", "random": false, "noprivate": false, "all":
      true, "raw": false, "no_members": false, "fascreationtime": "2024-04-15T14:28:21Z",
      "version": "2.235"}]}'
    headers:
      Accept:
      - application/json
      Accept-Encoding:
      - gzip, deflate
      Connection:
      - keep-alive
      Content-Length:
      - '340'
      Content-Type:
      - application/json
      Cookie:
      - ipa_session=MagBearerToken=4Oiw6futnQGQXFBCT4fP%2bvZTXqZthRca9MLmNUu3XWUxwjWrG2tGvuog%2f2GTpwY7rFcHqfB363weBDA5XVQEsPmSM4NOeXDI%2fEy6WmnxuR82Gspjc8D8T%2by%2bY6k4pd4YAfAWUaxM9zonyo3zZAt%2bE19AAc9JOZWTaB2ajG2ZbPIL%2fOKMRkCp6IElmHQRBNBj4yq3xDZd0kpfL3ST8o0VMw%3d%3d
      Referer:
      - https://ipa.tinystage.test/ipa
      User-Agent:
      - python-requests/2.31.0
    method: POST
    uri: https://ipa.tinystage.test/ipa/session/json
  response:
    body:
      string: '{"result": {"result": {"cn": ["Dummy User"], "displayname": ["Dummy
        User"], "initials": ["DU"], "gecos": ["Dummy User"], "objectclass": ["top",
        "person", "organizationalperson", "inetorgperson", "inetuser", "posixaccount",
        "krbprincipalaux", "krbticketpolicyaux", "ipaobject", "ipasshuser", "fasuser",
        "ipaSshGroupOfPubKeys", "mepOriginEntry", "ipantuserattrs"], "ipauniqueid":
        ["69b30144-fb34-11ee-91fa-525400e27449"], "krbpasswordexpiration": [{"__datetime__":
        "20240415142821Z"}], "krblastpwdchange": [{"__datetime__": "20240415142821Z"}],
        "krbextradata": [{"__base64__": "AAKFOR1mcm9vdC9hZG1pbkBUSU5ZU1RBR0UuVEVTVAA="}],
        "mepmanagedentry": ["cn=dummy,cn=groups,cn=accounts,dc=tinystage,dc=test"],
        "sn": ["User"], "homedirectory": ["/home/dummy"], "gidnumber": ["801809257"],
        "mail": ["dummy@unit.tests"], "krbprincipalname": ["dummy@TINYSTAGE.TEST"],
        "fascreationtime": [{"__datetime__": "20240415142821Z"}], "uid": ["dummy"],
        "loginshell": ["/bin/bash"], "givenname": ["Dummy"], "uidnumber": ["801809257"],
        "krbcanonicalname": ["dummy@TINYSTAGE.TEST"], "preserved": false, "has_password":
        true, "has_keytab": true, "memberof_group": ["ipausers"], "dn": "uid=dummy,cn=users,cn=accounts,dc=tinystage,dc=test"},
        "value": "dummy", "summary": "Added user \"dummy\""}, "error": null, "id":
        null, "principal": "admin@TINYSTAGE.TEST", "version": "4.10.3"}'
    headers:
      Cache-Control:
      - no-cache, private
      Connection:
      - Keep-Alive
      Content-Encoding:
      - gzip
      Content-Security-Policy:
      - frame-ancestors 'none'
      Content-Type:
      - application/json; charset=utf-8
      Date:
      - Mon, 15 Apr 2024 14:28:22 GMT
      Keep-Alive:
      - timeout=30, max=100
      Server:
      - Apache/2.4.58 (Fedora Linux) OpenSSL/3.0.8 mod_wsgi/4.9.4 Python/3.11 mod_auth_gssapi/1.6.5
      Transfer-Encoding:
      - chunked
      Vary:
      - Accept-Encoding
      X-Frame-Options:
      - DENY
    status:
      code: 200
      message: Success
- request:
    body: '{"method": "session_logout", "params": [[], {"version": "2.235"}]}'
    headers:
      Accept:
      - application/json
      Accept-Encoding:
      - gzip, deflate
      Connection:
      - keep-alive
      Content-Length:
      - '66'
      Content-Type:
      - application/json
      Cookie:
      - ipa_session=MagBearerToken=4Oiw6futnQGQXFBCT4fP%2bvZTXqZthRca9MLmNUu3XWUxwjWrG2tGvuog%2f2GTpwY7rFcHqfB363weBDA5XVQEsPmSM4NOeXDI%2fEy6WmnxuR82Gspjc8D8T%2by%2bY6k4pd4YAfAWUaxM9zonyo3zZAt%2bE19AAc9JOZWTaB2ajG2ZbPIL%2fOKMRkCp6IElmHQRBNBj4yq3xDZd0kpfL3ST8o0VMw%3d%3d
      Referer:
      - https://ipa.tinystage.test/ipa
      User-Agent:
      - python-requests/2.31.0
    method: POST
    uri: https://ipa.tinystage.test/ipa/session/json
  response:
    body:
      string: '{"result": {"result": null}, "error": null, "id": null, "principal":
        "admin@TINYSTAGE.TEST", "version": "4.10.3"}'
    headers:
      Cache-Control:
      - no-cache, private
      Connection:
      - Keep-Alive
      Content-Encoding:
      - gzip
      Content-Security-Policy:
      - frame-ancestors 'none'
      Content-Type:
      - application/json; charset=utf-8
      Date:
      - Mon, 15 Apr 2024 14:28:22 GMT
      Keep-Alive:
      - timeout=30, max=100
      Server:
      - Apache/2.4.58 (Fedora Linux) OpenSSL/3.0.8 mod_wsgi/4.9.4 Python/3.11 mod_auth_gssapi/1.6.5
      Set-Cookie:
      - ipa_session=;Max-Age=0;path=/ipa;httponly;secure;
      Transfer-Encoding:
      - chunked
      Vary:
      - Accept-Encoding
      X-Frame-Options:
      - DENY
    status:
      code: 200
      message: Success
- request:
    body: user=dummy&new_password=dummy_password&old_password=dummy_password
    headers:
      Accept:
      - text/plain
      Accept-Encoding:
      - gzip, deflate
      Connection:
      - keep-alive
      Content-Length:
      - '66'
      Content-Type:
      - application/x-www-form-urlencoded
      Referer:
      - https://ipa.tinystage.test/ipa/session/change_password
      User-Agent:
      - python-requests/2.31.0
    method: POST
    uri: https://ipa.tinystage.test/ipa/session/change_password
  response:
    body:
      string: '<html>

        <head>

        <title>200 Success</title>

        </head>

        <body>

        <h1>Password change successful</h1>

        <p>

        <strong>Password was changed.</strong>

        </p>

        </body>

        </html>'
    headers:
      Cache-Control:
      - no-cache, private
      Connection:
      - Keep-Alive
      Content-Encoding:
      - gzip
      Content-Security-Policy:
      - frame-ancestors 'none'
      Content-Type:
      - text/html; charset=utf-8
      Date:
      - Mon, 15 Apr 2024 14:28:22 GMT
      Keep-Alive:
      - timeout=30, max=100
      Server:
      - Apache/2.4.58 (Fedora Linux) OpenSSL/3.0.8 mod_wsgi/4.9.4 Python/3.11 mod_auth_gssapi/1.6.5
      Transfer-Encoding:
      - chunked
      Vary:
      - Accept-Encoding
      X-Frame-Options:
      - DENY
      X-IPA-Pwchange-Result:
      - ok
    status:
      code: 200
      message: Success
- request:
    body: user=dummy&password=dummy_password
    headers:
      Accept:
      - text/plain
      Accept-Encoding:
      - gzip, deflate
      Connection:
      - keep-alive
      Content-Length:
      - '34'
      Content-Type:
      - application/x-www-form-urlencoded
      Referer:
      - https://ipa.tinystage.test/ipa/session/login_password
      User-Agent:
      - python-requests/2.31.0
    method: POST
    uri: https://ipa.tinystage.test/ipa/session/login_password
  response:
    body:
      string: ''
    headers:
      Cache-Control:
      - no-cache, private
      Connection:
      - Keep-Alive
      Content-Encoding:
      - gzip
      Content-Security-Policy:
      - frame-ancestors 'none'
      Content-Type:
      - text/plain; charset=UTF-8
      Date:
      - Mon, 15 Apr 2024 14:28:22 GMT
      Keep-Alive:
      - timeout=30, max=100
      Server:
      - Apache/2.4.58 (Fedora Linux) OpenSSL/3.0.8 mod_wsgi/4.9.4 Python/3.11 mod_auth_gssapi/1.6.5
      Set-Cookie:
      - ipa_session=MagBearerToken=NRmx9O6fa5CpvmMr1bl%2bd7YLUs1g9C8hpgwVWl69r8a0ZfjEoPyx48oWt%2bn7CWFbTJwqqZlAK9Xvl6xApqbCYyk9ikjjqmaoVySLlmiyz7Ofgf57QC0f3%2fvpegBwUOwSHfbENHHC%2bnw6n6C1YTqyhA70P5cuSraOuRpFItxYs7uCX1iWy%2fweTWotJJ%2fTegbaq2%2btdtX2ZM2KP6KrpbF0lw%3d%3d;path=/ipa;httponly;secure;
      Transfer-Encoding:
      - chunked
      Vary:
      - Accept-Encoding
      X-Frame-Options:
      - DENY
    status:
      code: 200
      message: Success
- request:
    body: '{"method": "otptoken_add", "params": [[null], {"type": "totp", "description":
      "dummy''s token", "ipatokenowner": "dummy", "ipatokenotpalgorithm": "sha1",
      "ipatokenotpdigits": 6, "ipatokentotpclockoffset": 0, "ipatokentotptimestep":
      30, "ipatokenhotpcounter": 0, "qrcode": false, "no_qrcode": false, "all": true,
      "raw": false, "no_members": false, "version": "2.235"}]}'
    headers:
      Accept:
      - application/json
      Accept-Encoding:
      - gzip, deflate
      Connection:
      - keep-alive
      Content-Length:
      - '367'
      Content-Type:
      - application/json
      Cookie:
      - ipa_session=MagBearerToken=NRmx9O6fa5CpvmMr1bl%2bd7YLUs1g9C8hpgwVWl69r8a0ZfjEoPyx48oWt%2bn7CWFbTJwqqZlAK9Xvl6xApqbCYyk9ikjjqmaoVySLlmiyz7Ofgf57QC0f3%2fvpegBwUOwSHfbENHHC%2bnw6n6C1YTqyhA70P5cuSraOuRpFItxYs7uCX1iWy%2fweTWotJJ%2fTegbaq2%2btdtX2ZM2KP6KrpbF0lw%3d%3d
      Referer:
      - https://ipa.tinystage.test/ipa
      User-Agent:
      - python-requests/2.31.0
    method: POST
    uri: https://ipa.tinystage.test/ipa/session/json
  response:
    body:
      string: '{"result": {"result": {"ipatokenotpalgorithm": ["sha1"], "ipatokenotpdigits":
        ["6"], "ipatokentotptimestep": ["30"], "ipatokenuniqueid": ["0766e160-6d0e-45a3-a89f-f21c2205eb4d"],
        "ipatokenowner": ["dummy"], "description": ["dummy''s token"], "objectclass":
        ["ipatoken", "ipatokentotp", "top"], "uri": "otpauth://totp/dummy@TINYSTAGE.TEST:0766e160-6d0e-45a3-a89f-f21c2205eb4d?issuer=dummy%40TINYSTAGE.TEST&secret=C4P45E2ZRORHIOTDVQ5DR7S7S2NVX3FPJMQXKY33JH7VICSKTWO7XJ3H&digits=6&algorithm=SHA1&period=30",
        "type": "TOTP", "managedby_user": ["dummy"], "dn": "ipatokenuniqueid=0766e160-6d0e-45a3-a89f-f21c2205eb4d,cn=otp,dc=tinystage,dc=test"},
        "value": null, "summary": "Added OTP token \"\""}, "error": null, "id": null,
        "principal": "dummy@TINYSTAGE.TEST", "version": "4.10.3"}'
    headers:
      Cache-Control:
      - no-cache, private
      Connection:
      - Keep-Alive
      Content-Encoding:
      - gzip
      Content-Security-Policy:
      - frame-ancestors 'none'
      Content-Type:
      - application/json; charset=utf-8
      Date:
      - Mon, 15 Apr 2024 14:28:23 GMT
      Keep-Alive:
      - timeout=30, max=100
      Server:
      - Apache/2.4.58 (Fedora Linux) OpenSSL/3.0.8 mod_wsgi/4.9.4 Python/3.11 mod_auth_gssapi/1.6.5
      Transfer-Encoding:
      - chunked
      Vary:
      - Accept-Encoding
      X-Frame-Options:
      - DENY
    status:
      code: 200
      message: Success
- request:
    body: '{"method": "ping", "params": [[], {"version": "2.235"}]}'
    headers:
      Accept:
      - application/json
      Accept-Encoding:
      - gzip, deflate
      Connection:
      - keep-alive
      Content-Length:
      - '56'
      Content-Type:
      - application/json
      Cookie:
      - ipa_session=MagBearerToken=NRmx9O6fa5CpvmMr1bl%2bd7YLUs1g9C8hpgwVWl69r8a0ZfjEoPyx48oWt%2bn7CWFbTJwqqZlAK9Xvl6xApqbCYyk9ikjjqmaoVySLlmiyz7Ofgf57QC0f3%2fvpegBwUOwSHfbENHHC%2bnw6n6C1YTqyhA70P5cuSraOuRpFItxYs7uCX1iWy%2fweTWotJJ%2fTegbaq2%2btdtX2ZM2KP6KrpbF0lw%3d%3d
      Referer:
      - https://ipa.tinystage.test/ipa
      User-Agent:
      - python-requests/2.31.0
    method: POST
    uri: https://ipa.tinystage.test/ipa/session/json
  response:
    body:
      string: '{"result": {"summary": "IPA server version 4.10.3. API version 2.252"},
        "error": null, "id": null, "principal": "dummy@TINYSTAGE.TEST", "version":
        "4.10.3"}'
    headers:
      Cache-Control:
      - no-cache, private
      Connection:
      - Keep-Alive
      Content-Encoding:
      - gzip
      Content-Security-Policy:
      - frame-ancestors 'none'
      Content-Type:
      - application/json; charset=utf-8
      Date:
      - Mon, 15 Apr 2024 14:28:23 GMT
      Keep-Alive:
      - timeout=30, max=100
      Server:
      - Apache/2.4.58 (Fedora Linux) OpenSSL/3.0.8 mod_wsgi/4.9.4 Python/3.11 mod_auth_gssapi/1.6.5
      Transfer-Encoding:
      - chunked
      Vary:
      - Accept-Encoding
      X-Frame-Options:
      - DENY
    status:
      code: 200
      message: Success
- request:
    body: '{"method": "user_find", "params": [[null], {"whoami": true, "all": true,
      "raw": false, "no_members": true, "pkey_only": false, "version": "2.235"}]}'
    headers:
      Accept:
      - application/json
      Accept-Encoding:
      - gzip, deflate
      Connection:
      - keep-alive
      Content-Length:
      - '148'
      Content-Type:
      - application/json
      Cookie:
      - ipa_session=MagBearerToken=NRmx9O6fa5CpvmMr1bl%2bd7YLUs1g9C8hpgwVWl69r8a0ZfjEoPyx48oWt%2bn7CWFbTJwqqZlAK9Xvl6xApqbCYyk9ikjjqmaoVySLlmiyz7Ofgf57QC0f3%2fvpegBwUOwSHfbENHHC%2bnw6n6C1YTqyhA70P5cuSraOuRpFItxYs7uCX1iWy%2fweTWotJJ%2fTegbaq2%2btdtX2ZM2KP6KrpbF0lw%3d%3d
      Referer:
      - https://ipa.tinystage.test/ipa
      User-Agent:
      - python-requests/2.31.0
    method: POST
    uri: https://ipa.tinystage.test/ipa/session/json
  response:
    body:
      string: '{"result": {"result": [{"cn": ["Dummy User"], "displayname": ["Dummy
        User"], "initials": ["DU"], "gecos": ["Dummy User"], "fascreationtime": [{"__datetime__":
        "20240415142821Z"}], "objectclass": ["top", "person", "organizationalperson",
        "inetorgperson", "inetuser", "posixaccount", "krbprincipalaux", "krbticketpolicyaux",
        "ipaobject", "ipasshuser", "fasuser", "ipaSshGroupOfPubKeys", "mepOriginEntry",
        "ipantuserattrs"], "ipauniqueid": ["69b30144-fb34-11ee-91fa-525400e27449"],
        "krbpasswordexpiration": [{"__datetime__": "20240714142822Z"}], "krblastpwdchange":
        [{"__datetime__": "20240415142822Z"}], "ipantsecurityidentifier": ["S-1-5-21-642839132-256774972-2695044819-10257"],
        "krbprincipalname": ["dummy@TINYSTAGE.TEST"], "mail": ["dummy@unit.tests"],
        "homedirectory": ["/home/dummy"], "sn": ["User"], "loginshell": ["/bin/bash"],
        "uidnumber": ["801809257"], "givenname": ["Dummy"], "gidnumber": ["801809257"],
        "krbcanonicalname": ["dummy@TINYSTAGE.TEST"], "uid": ["dummy"], "nsaccountlock":
        false, "preserved": false, "memberof_group": ["ipausers"], "dn": "uid=dummy,cn=users,cn=accounts,dc=tinystage,dc=test"}],
        "count": 1, "truncated": false, "summary": "1 user matched"}, "error": null,
        "id": null, "principal": "dummy@TINYSTAGE.TEST", "version": "4.10.3"}'
    headers:
      Cache-Control:
      - no-cache, private
      Connection:
      - Keep-Alive
      Content-Encoding:
      - gzip
      Content-Security-Policy:
      - frame-ancestors 'none'
      Content-Type:
      - application/json; charset=utf-8
      Date:
      - Mon, 15 Apr 2024 14:28:23 GMT
      Keep-Alive:
      - timeout=30, max=100
      Server:
      - Apache/2.4.58 (Fedora Linux) OpenSSL/3.0.8 mod_wsgi/4.9.4 Python/3.11 mod_auth_gssapi/1.6.5
      Transfer-Encoding:
      - chunked
      Vary:
      - Accept-Encoding
      X-Frame-Options:
      - DENY
    status:
      code: 200
      message: Success
- request:
    body: '{"method": "otptoken_mod", "params": [["0766e160-6d0e-45a3-a89f-f21c2205eb4d"],
      {"description": "dummy''s token", "rights": false, "all": true, "raw": false,
      "no_members": false, "version": "2.235"}]}'
    headers:
      Accept:
      - application/json
      Accept-Encoding:
      - gzip, deflate
      Connection:
      - keep-alive
      Content-Length:
      - '199'
      Content-Type:
      - application/json
      Cookie:
      - ipa_session=MagBearerToken=NRmx9O6fa5CpvmMr1bl%2bd7YLUs1g9C8hpgwVWl69r8a0ZfjEoPyx48oWt%2bn7CWFbTJwqqZlAK9Xvl6xApqbCYyk9ikjjqmaoVySLlmiyz7Ofgf57QC0f3%2fvpegBwUOwSHfbENHHC%2bnw6n6C1YTqyhA70P5cuSraOuRpFItxYs7uCX1iWy%2fweTWotJJ%2fTegbaq2%2btdtX2ZM2KP6KrpbF0lw%3d%3d
      Referer:
      - https://ipa.tinystage.test/ipa
      User-Agent:
      - python-requests/2.31.0
    method: POST
    uri: https://ipa.tinystage.test/ipa/session/json
  response:
    body:
      string: '{"result": null, "error": {"code": 4202, "message": "no modifications
        to be performed", "data": {}, "name": "EmptyModlist"}, "id": null, "principal":
        "dummy@TINYSTAGE.TEST", "version": "4.10.3"}'
    headers:
      Cache-Control:
      - no-cache, private
      Connection:
      - Keep-Alive
      Content-Encoding:
      - gzip
      Content-Security-Policy:
      - frame-ancestors 'none'
      Content-Type:
      - application/json; charset=utf-8
      Date:
      - Mon, 15 Apr 2024 14:28:23 GMT
      Keep-Alive:
      - timeout=30, max=100
      Server:
      - Apache/2.4.58 (Fedora Linux) OpenSSL/3.0.8 mod_wsgi/4.9.4 Python/3.11 mod_auth_gssapi/1.6.5
      Transfer-Encoding:
      - chunked
      Vary:
      - Accept-Encoding
      X-Frame-Options:
      - DENY
    status:
      code: 200
      message: Success
- request:
    body: '{"method": "ping", "params": [[], {"version": "2.235"}]}'
    headers:
      Accept:
      - application/json
      Accept-Encoding:
      - gzip, deflate
      Connection:
      - keep-alive
      Content-Length:
      - '56'
      Content-Type:
      - application/json
      Cookie:
      - ipa_session=MagBearerToken=NRmx9O6fa5CpvmMr1bl%2bd7YLUs1g9C8hpgwVWl69r8a0ZfjEoPyx48oWt%2bn7CWFbTJwqqZlAK9Xvl6xApqbCYyk9ikjjqmaoVySLlmiyz7Ofgf57QC0f3%2fvpegBwUOwSHfbENHHC%2bnw6n6C1YTqyhA70P5cuSraOuRpFItxYs7uCX1iWy%2fweTWotJJ%2fTegbaq2%2btdtX2ZM2KP6KrpbF0lw%3d%3d
      Referer:
      - https://ipa.tinystage.test/ipa
      User-Agent:
      - python-requests/2.31.0
    method: POST
    uri: https://ipa.tinystage.test/ipa/session/json
  response:
    body:
      string: '{"result": {"summary": "IPA server version 4.10.3. API version 2.252"},
        "error": null, "id": null, "principal": "dummy@TINYSTAGE.TEST", "version":
        "4.10.3"}'
    headers:
      Cache-Control:
      - no-cache, private
      Connection:
      - Keep-Alive
      Content-Encoding:
      - gzip
      Content-Security-Policy:
      - frame-ancestors 'none'
      Content-Type:
      - application/json; charset=utf-8
      Date:
      - Mon, 15 Apr 2024 14:28:23 GMT
      Keep-Alive:
      - timeout=30, max=100
      Server:
      - Apache/2.4.58 (Fedora Linux) OpenSSL/3.0.8 mod_wsgi/4.9.4 Python/3.11 mod_auth_gssapi/1.6.5
      Transfer-Encoding:
      - chunked
      Vary:
      - Accept-Encoding
      X-Frame-Options:
      - DENY
    status:
      code: 200
      message: Success
- request:
    body: '{"method": "user_find", "params": [[null], {"whoami": true, "all": true,
      "raw": false, "no_members": true, "pkey_only": false, "version": "2.235"}]}'
    headers:
      Accept:
      - application/json
      Accept-Encoding:
      - gzip, deflate
      Connection:
      - keep-alive
      Content-Length:
      - '148'
      Content-Type:
      - application/json
      Cookie:
      - ipa_session=MagBearerToken=NRmx9O6fa5CpvmMr1bl%2bd7YLUs1g9C8hpgwVWl69r8a0ZfjEoPyx48oWt%2bn7CWFbTJwqqZlAK9Xvl6xApqbCYyk9ikjjqmaoVySLlmiyz7Ofgf57QC0f3%2fvpegBwUOwSHfbENHHC%2bnw6n6C1YTqyhA70P5cuSraOuRpFItxYs7uCX1iWy%2fweTWotJJ%2fTegbaq2%2btdtX2ZM2KP6KrpbF0lw%3d%3d
      Referer:
      - https://ipa.tinystage.test/ipa
      User-Agent:
      - python-requests/2.31.0
    method: POST
    uri: https://ipa.tinystage.test/ipa/session/json
  response:
    body:
      string: '{"result": {"result": [{"cn": ["Dummy User"], "displayname": ["Dummy
        User"], "initials": ["DU"], "gecos": ["Dummy User"], "fascreationtime": [{"__datetime__":
        "20240415142821Z"}], "objectclass": ["top", "person", "organizationalperson",
        "inetorgperson", "inetuser", "posixaccount", "krbprincipalaux", "krbticketpolicyaux",
        "ipaobject", "ipasshuser", "fasuser", "ipaSshGroupOfPubKeys", "mepOriginEntry",
        "ipantuserattrs"], "ipauniqueid": ["69b30144-fb34-11ee-91fa-525400e27449"],
        "krbpasswordexpiration": [{"__datetime__": "20240714142822Z"}], "krblastpwdchange":
        [{"__datetime__": "20240415142822Z"}], "ipantsecurityidentifier": ["S-1-5-21-642839132-256774972-2695044819-10257"],
        "uidnumber": ["801809257"], "mail": ["dummy@unit.tests"], "loginshell": ["/bin/bash"],
        "givenname": ["Dummy"], "uid": ["dummy"], "homedirectory": ["/home/dummy"],
        "sn": ["User"], "krbcanonicalname": ["dummy@TINYSTAGE.TEST"], "gidnumber":
        ["801809257"], "krbprincipalname": ["dummy@TINYSTAGE.TEST"], "nsaccountlock":
        false, "preserved": false, "memberof_group": ["ipausers"], "dn": "uid=dummy,cn=users,cn=accounts,dc=tinystage,dc=test"}],
        "count": 1, "truncated": false, "summary": "1 user matched"}, "error": null,
        "id": null, "principal": "dummy@TINYSTAGE.TEST", "version": "4.10.3"}'
    headers:
      Cache-Control:
      - no-cache, private
      Connection:
      - Keep-Alive
      Content-Encoding:
      - gzip
      Content-Security-Policy:
      - frame-ancestors 'none'
      Content-Type:
      - application/json; charset=utf-8
      Date:
      - Mon, 15 Apr 2024 14:28:23 GMT
      Keep-Alive:
      - timeout=30, max=100
      Server:
      - Apache/2.4.58 (Fedora Linux) OpenSSL/3.0.8 mod_wsgi/4.9.4 Python/3.11 mod_auth_gssapi/1.6.5
      Transfer-Encoding:
      - chunked
      Vary:
      - Accept-Encoding
      X-Frame-Options:
      - DENY
    status:
      code: 200
      message: Success
- request:
    body: '{"method": "user_show", "params": [["dummy"], {"rights": false, "all":
      true, "raw": false, "no_members": false, "version": "2.235"}]}'
    headers:
      Accept:
      - application/json
      Accept-Encoding:
      - gzip, deflate
      Connection:
      - keep-alive
      Content-Length:
      - '133'
      Content-Type:
      - application/json
      Cookie:
      - ipa_session=MagBearerToken=NRmx9O6fa5CpvmMr1bl%2bd7YLUs1g9C8hpgwVWl69r8a0ZfjEoPyx48oWt%2bn7CWFbTJwqqZlAK9Xvl6xApqbCYyk9ikjjqmaoVySLlmiyz7Ofgf57QC0f3%2fvpegBwUOwSHfbENHHC%2bnw6n6C1YTqyhA70P5cuSraOuRpFItxYs7uCX1iWy%2fweTWotJJ%2fTegbaq2%2btdtX2ZM2KP6KrpbF0lw%3d%3d
      Referer:
      - https://ipa.tinystage.test/ipa
      User-Agent:
      - python-requests/2.31.0
    method: POST
    uri: https://ipa.tinystage.test/ipa/session/json
  response:
    body:
      string: '{"result": {"result": {"cn": ["Dummy User"], "displayname": ["Dummy
        User"], "initials": ["DU"], "gecos": ["Dummy User"], "objectclass": ["top",
        "person", "organizationalperson", "inetorgperson", "inetuser", "posixaccount",
        "krbprincipalaux", "krbticketpolicyaux", "ipaobject", "ipasshuser", "fasuser",
        "ipaSshGroupOfPubKeys", "mepOriginEntry", "ipantuserattrs"], "ipauniqueid":
        ["69b30144-fb34-11ee-91fa-525400e27449"], "krbpasswordexpiration": [{"__datetime__":
        "20240714142822Z"}], "krblastpwdchange": [{"__datetime__": "20240415142822Z"}],
        "ipantsecurityidentifier": ["S-1-5-21-642839132-256774972-2695044819-10257"],
        "sn": ["User"], "krbcanonicalname": ["dummy@TINYSTAGE.TEST"], "uid": ["dummy"],
        "krbprincipalname": ["dummy@TINYSTAGE.TEST"], "mail": ["dummy@unit.tests"],
        "homedirectory": ["/home/dummy"], "loginshell": ["/bin/bash"], "givenname":
        ["Dummy"], "gidnumber": ["801809257"], "fascreationtime": [{"__datetime__":
        "20240415142821Z"}], "uidnumber": ["801809257"], "nsaccountlock": false, "has_password":
        true, "has_keytab": true, "preserved": false, "memberof_group": ["ipausers"],
        "dn": "uid=dummy,cn=users,cn=accounts,dc=tinystage,dc=test"}, "value": "dummy",
        "summary": null}, "error": null, "id": null, "principal": "dummy@TINYSTAGE.TEST",
        "version": "4.10.3"}'
    headers:
      Cache-Control:
      - no-cache, private
      Connection:
      - Keep-Alive
      Content-Encoding:
      - gzip
      Content-Security-Policy:
      - frame-ancestors 'none'
      Content-Type:
      - application/json; charset=utf-8
      Date:
      - Mon, 15 Apr 2024 14:28:23 GMT
      Keep-Alive:
      - timeout=30, max=100
      Server:
      - Apache/2.4.58 (Fedora Linux) OpenSSL/3.0.8 mod_wsgi/4.9.4 Python/3.11 mod_auth_gssapi/1.6.5
      Transfer-Encoding:
      - chunked
      Vary:
      - Accept-Encoding
      X-Frame-Options:
      - DENY
    status:
      code: 200
      message: Success
- request:
    body: '{"method": "otptoken_find", "params": [[null], {"ipatokenowner": "dummy",
      "all": true, "raw": false, "no_members": true, "pkey_only": false, "version":
      "2.235"}]}'
    headers:
      Accept:
      - application/json
      Accept-Encoding:
      - gzip, deflate
      Connection:
      - keep-alive
      Content-Length:
      - '162'
      Content-Type:
      - application/json
      Cookie:
      - ipa_session=MagBearerToken=NRmx9O6fa5CpvmMr1bl%2bd7YLUs1g9C8hpgwVWl69r8a0ZfjEoPyx48oWt%2bn7CWFbTJwqqZlAK9Xvl6xApqbCYyk9ikjjqmaoVySLlmiyz7Ofgf57QC0f3%2fvpegBwUOwSHfbENHHC%2bnw6n6C1YTqyhA70P5cuSraOuRpFItxYs7uCX1iWy%2fweTWotJJ%2fTegbaq2%2btdtX2ZM2KP6KrpbF0lw%3d%3d
      Referer:
      - https://ipa.tinystage.test/ipa
      User-Agent:
      - python-requests/2.31.0
    method: POST
    uri: https://ipa.tinystage.test/ipa/session/json
  response:
    body:
      string: '{"result": {"result": [{"ipatokenotpalgorithm": ["sha1"], "ipatokenotpdigits":
        ["6"], "ipatokentotptimestep": ["30"], "ipatokenowner": ["dummy"], "ipatokenuniqueid":
        ["0766e160-6d0e-45a3-a89f-f21c2205eb4d"], "description": ["dummy''s token"],
        "objectclass": ["ipatoken", "ipatokentotp", "top"], "type": "TOTP", "managedby_user":
        ["dummy"], "dn": "ipatokenuniqueid=0766e160-6d0e-45a3-a89f-f21c2205eb4d,cn=otp,dc=tinystage,dc=test"}],
        "count": 1, "truncated": false, "summary": "1 OTP token matched"}, "error":
        null, "id": null, "principal": "dummy@TINYSTAGE.TEST", "version": "4.10.3"}'
    headers:
      Cache-Control:
      - no-cache, private
      Connection:
      - Keep-Alive
      Content-Encoding:
      - gzip
      Content-Security-Policy:
      - frame-ancestors 'none'
      Content-Type:
      - application/json; charset=utf-8
      Date:
      - Mon, 15 Apr 2024 14:28:24 GMT
      Keep-Alive:
      - timeout=30, max=100
      Server:
      - Apache/2.4.58 (Fedora Linux) OpenSSL/3.0.8 mod_wsgi/4.9.4 Python/3.11 mod_auth_gssapi/1.6.5
      Transfer-Encoding:
      - chunked
      Vary:
      - Accept-Encoding
      X-Frame-Options:
      - DENY
    status:
      code: 200
      message: Success
- request:
    body: user=admin&password=password
    headers:
      Accept:
      - text/plain
      Accept-Encoding:
      - gzip, deflate
      Connection:
      - keep-alive
      Content-Length:
      - '28'
      Content-Type:
      - application/x-www-form-urlencoded
      Referer:
      - https://ipa.tinystage.test/ipa/session/login_password
      User-Agent:
      - python-requests/2.31.0
    method: POST
    uri: https://ipa.tinystage.test/ipa/session/login_password
  response:
    body:
      string: ''
    headers:
      Cache-Control:
      - no-cache, private
      Connection:
      - Keep-Alive
      Content-Encoding:
      - gzip
      Content-Length:
      - '20'
      Content-Security-Policy:
      - frame-ancestors 'none'
      Content-Type:
      - text/plain; charset=UTF-8
      Date:
      - Mon, 15 Apr 2024 14:28:24 GMT
      Keep-Alive:
      - timeout=30, max=100
      Server:
      - Apache/2.4.58 (Fedora Linux) OpenSSL/3.0.8 mod_wsgi/4.9.4 Python/3.11 mod_auth_gssapi/1.6.5
      Set-Cookie:
      - ipa_session=MagBearerToken=6pqkDY9SbaTRYr3PdTdjw3uVjdJY63GE%2bTn9HDNdP7RZRefDpGiX%2fPqEoMI1PwfK4zJDqC6p02r%2bsJ9UOZBPZvY2Hax2ASIJuZ%2bwH0LBnSz8v9bzJrBnVF4Fbbe2Z%2bZm2hHUk25v2YfGzSiu4fyhf8LVJNvJTvbSZrZXuFGrfIV00%2fOoe4kV2%2f0kemm1Oo6IOwTrLLsNj2q1hjfTADrVtQ%3d%3d;path=/ipa;httponly;secure;
      Vary:
      - Accept-Encoding
      X-Frame-Options:
      - DENY
    status:
      code: 200
      message: Success
- request:
    body: '{"method": "ping", "params": [[], {"version": "2.235"}]}'
    headers:
      Accept:
      - application/json
      Accept-Encoding:
      - gzip, deflate
      Connection:
      - keep-alive
      Content-Length:
      - '56'
      Content-Type:
      - application/json
      Cookie:
      - ipa_session=MagBearerToken=6pqkDY9SbaTRYr3PdTdjw3uVjdJY63GE%2bTn9HDNdP7RZRefDpGiX%2fPqEoMI1PwfK4zJDqC6p02r%2bsJ9UOZBPZvY2Hax2ASIJuZ%2bwH0LBnSz8v9bzJrBnVF4Fbbe2Z%2bZm2hHUk25v2YfGzSiu4fyhf8LVJNvJTvbSZrZXuFGrfIV00%2fOoe4kV2%2f0kemm1Oo6IOwTrLLsNj2q1hjfTADrVtQ%3d%3d
      Referer:
      - https://ipa.tinystage.test/ipa
      User-Agent:
      - python-requests/2.31.0
    method: POST
    uri: https://ipa.tinystage.test/ipa/session/json
  response:
    body:
      string: '{"result": {"summary": "IPA server version 4.10.3. API version 2.252"},
        "error": null, "id": null, "principal": "admin@TINYSTAGE.TEST", "version":
        "4.10.3"}'
    headers:
      Cache-Control:
      - no-cache, private
      Connection:
      - Keep-Alive
      Content-Encoding:
      - gzip
      Content-Security-Policy:
      - frame-ancestors 'none'
      Content-Type:
      - application/json; charset=utf-8
      Date:
      - Mon, 15 Apr 2024 14:28:24 GMT
      Keep-Alive:
      - timeout=30, max=100
      Server:
      - Apache/2.4.58 (Fedora Linux) OpenSSL/3.0.8 mod_wsgi/4.9.4 Python/3.11 mod_auth_gssapi/1.6.5
      Transfer-Encoding:
      - chunked
      Vary:
      - Accept-Encoding
      X-Frame-Options:
      - DENY
    status:
      code: 200
      message: Success
- request:
    body: '{"method": "otptoken_del", "params": [["0766e160-6d0e-45a3-a89f-f21c2205eb4d"],
      {"continue": false, "version": "2.235"}]}'
    headers:
      Accept:
      - application/json
      Accept-Encoding:
      - gzip, deflate
      Connection:
      - keep-alive
      Content-Length:
      - '121'
      Content-Type:
      - application/json
      Cookie:
      - ipa_session=MagBearerToken=6pqkDY9SbaTRYr3PdTdjw3uVjdJY63GE%2bTn9HDNdP7RZRefDpGiX%2fPqEoMI1PwfK4zJDqC6p02r%2bsJ9UOZBPZvY2Hax2ASIJuZ%2bwH0LBnSz8v9bzJrBnVF4Fbbe2Z%2bZm2hHUk25v2YfGzSiu4fyhf8LVJNvJTvbSZrZXuFGrfIV00%2fOoe4kV2%2f0kemm1Oo6IOwTrLLsNj2q1hjfTADrVtQ%3d%3d
      Referer:
      - https://ipa.tinystage.test/ipa
      User-Agent:
      - python-requests/2.31.0
    method: POST
    uri: https://ipa.tinystage.test/ipa/session/json
  response:
    body:
      string: '{"result": {"result": {"failed": []}, "value": ["0766e160-6d0e-45a3-a89f-f21c2205eb4d"],
        "summary": "Deleted OTP token \"0766e160-6d0e-45a3-a89f-f21c2205eb4d\""},
        "error": null, "id": null, "principal": "admin@TINYSTAGE.TEST", "version":
        "4.10.3"}'
    headers:
      Cache-Control:
      - no-cache, private
      Connection:
      - Keep-Alive
      Content-Encoding:
      - gzip
      Content-Security-Policy:
      - frame-ancestors 'none'
      Content-Type:
      - application/json; charset=utf-8
      Date:
      - Mon, 15 Apr 2024 14:28:24 GMT
      Keep-Alive:
      - timeout=30, max=100
      Server:
      - Apache/2.4.58 (Fedora Linux) OpenSSL/3.0.8 mod_wsgi/4.9.4 Python/3.11 mod_auth_gssapi/1.6.5
      Transfer-Encoding:
      - chunked
      Vary:
      - Accept-Encoding
      X-Frame-Options:
      - DENY
    status:
      code: 200
      message: Success
- request:
    body: '{"method": "session_logout", "params": [[], {"version": "2.235"}]}'
    headers:
      Accept:
      - application/json
      Accept-Encoding:
      - gzip, deflate
      Connection:
      - keep-alive
      Content-Length:
      - '66'
      Content-Type:
      - application/json
      Cookie:
      - ipa_session=MagBearerToken=6pqkDY9SbaTRYr3PdTdjw3uVjdJY63GE%2bTn9HDNdP7RZRefDpGiX%2fPqEoMI1PwfK4zJDqC6p02r%2bsJ9UOZBPZvY2Hax2ASIJuZ%2bwH0LBnSz8v9bzJrBnVF4Fbbe2Z%2bZm2hHUk25v2YfGzSiu4fyhf8LVJNvJTvbSZrZXuFGrfIV00%2fOoe4kV2%2f0kemm1Oo6IOwTrLLsNj2q1hjfTADrVtQ%3d%3d
      Referer:
      - https://ipa.tinystage.test/ipa
      User-Agent:
      - python-requests/2.31.0
    method: POST
    uri: https://ipa.tinystage.test/ipa/session/json
  response:
    body:
      string: '{"result": {"result": null}, "error": null, "id": null, "principal":
        "admin@TINYSTAGE.TEST", "version": "4.10.3"}'
    headers:
      Cache-Control:
      - no-cache, private
      Connection:
      - Keep-Alive
      Content-Encoding:
      - gzip
      Content-Security-Policy:
      - frame-ancestors 'none'
      Content-Type:
      - application/json; charset=utf-8
      Date:
      - Mon, 15 Apr 2024 14:28:24 GMT
      Keep-Alive:
      - timeout=30, max=100
      Server:
      - Apache/2.4.58 (Fedora Linux) OpenSSL/3.0.8 mod_wsgi/4.9.4 Python/3.11 mod_auth_gssapi/1.6.5
      Set-Cookie:
      - ipa_session=;Max-Age=0;path=/ipa;httponly;secure;
      Transfer-Encoding:
      - chunked
      Vary:
      - Accept-Encoding
      X-Frame-Options:
      - DENY
    status:
      code: 200
      message: Success
- request:
    body: '{"method": "session_logout", "params": [[], {"version": "2.235"}]}'
    headers:
      Accept:
      - application/json
      Accept-Encoding:
      - gzip, deflate
      Connection:
      - keep-alive
      Content-Length:
      - '66'
      Content-Type:
      - application/json
      Cookie:
      - ipa_session=MagBearerToken=NRmx9O6fa5CpvmMr1bl%2bd7YLUs1g9C8hpgwVWl69r8a0ZfjEoPyx48oWt%2bn7CWFbTJwqqZlAK9Xvl6xApqbCYyk9ikjjqmaoVySLlmiyz7Ofgf57QC0f3%2fvpegBwUOwSHfbENHHC%2bnw6n6C1YTqyhA70P5cuSraOuRpFItxYs7uCX1iWy%2fweTWotJJ%2fTegbaq2%2btdtX2ZM2KP6KrpbF0lw%3d%3d
      Referer:
      - https://ipa.tinystage.test/ipa
      User-Agent:
      - python-requests/2.31.0
    method: POST
    uri: https://ipa.tinystage.test/ipa/session/json
  response:
    body:
      string: '{"result": {"result": null}, "error": null, "id": null, "principal":
        "dummy@TINYSTAGE.TEST", "version": "4.10.3"}'
    headers:
      Cache-Control:
      - no-cache, private
      Connection:
      - Keep-Alive
      Content-Encoding:
      - gzip
      Content-Security-Policy:
      - frame-ancestors 'none'
      Content-Type:
      - application/json; charset=utf-8
      Date:
      - Mon, 15 Apr 2024 14:28:24 GMT
      Keep-Alive:
      - timeout=30, max=100
      Server:
      - Apache/2.4.58 (Fedora Linux) OpenSSL/3.0.8 mod_wsgi/4.9.4 Python/3.11 mod_auth_gssapi/1.6.5
      Set-Cookie:
      - ipa_session=;Max-Age=0;path=/ipa;httponly;secure;
      Transfer-Encoding:
      - chunked
      Vary:
      - Accept-Encoding
      X-Frame-Options:
      - DENY
    status:
      code: 200
      message: Success
- request:
    body: user=admin&password=password
    headers:
      Accept:
      - text/plain
      Accept-Encoding:
      - gzip, deflate
      Connection:
      - keep-alive
      Content-Length:
      - '28'
      Content-Type:
      - application/x-www-form-urlencoded
      Referer:
      - https://ipa.tinystage.test/ipa/session/login_password
      User-Agent:
      - python-requests/2.31.0
    method: POST
    uri: https://ipa.tinystage.test/ipa/session/login_password
  response:
    body:
      string: ''
    headers:
      Cache-Control:
      - no-cache, private
      Connection:
      - Keep-Alive
      Content-Encoding:
      - gzip
      Content-Security-Policy:
      - frame-ancestors 'none'
      Content-Type:
      - text/plain; charset=UTF-8
      Date:
      - Mon, 15 Apr 2024 14:28:24 GMT
      Keep-Alive:
      - timeout=30, max=100
      Server:
      - Apache/2.4.58 (Fedora Linux) OpenSSL/3.0.8 mod_wsgi/4.9.4 Python/3.11 mod_auth_gssapi/1.6.5
      Set-Cookie:
      - ipa_session=MagBearerToken=DRXZlybhFX6HhE84Yyu9cizGNReyyxaC4kPGEtnYcLwXR0JmT5Dj9vUbthIsv9fc%2fmsapg%2fbV5SjcPpEvvYTAFKnWcJoqBNaZ7ufY6JyyXx13e5G%2btM9Ff8OLeTRP3Iq7VZFrInFWQ79%2bP1UHzBaVXEmGbTDE4kMVSpZDsL61nxUIqpuGso1yIAqNgjn2FIEye%2fiLezVx%2fBiibaRkLrEEw%3d%3d;path=/ipa;httponly;secure;
      Transfer-Encoding:
      - chunked
      Vary:
      - Accept-Encoding
      X-Frame-Options:
      - DENY
    status:
      code: 200
      message: Success
- request:
    body: '{"method": "ping", "params": [[], {"version": "2.235"}]}'
    headers:
      Accept:
      - application/json
      Accept-Encoding:
      - gzip, deflate
      Connection:
      - keep-alive
      Content-Length:
      - '56'
      Content-Type:
      - application/json
      Cookie:
      - ipa_session=MagBearerToken=DRXZlybhFX6HhE84Yyu9cizGNReyyxaC4kPGEtnYcLwXR0JmT5Dj9vUbthIsv9fc%2fmsapg%2fbV5SjcPpEvvYTAFKnWcJoqBNaZ7ufY6JyyXx13e5G%2btM9Ff8OLeTRP3Iq7VZFrInFWQ79%2bP1UHzBaVXEmGbTDE4kMVSpZDsL61nxUIqpuGso1yIAqNgjn2FIEye%2fiLezVx%2fBiibaRkLrEEw%3d%3d
      Referer:
      - https://ipa.tinystage.test/ipa
      User-Agent:
      - python-requests/2.31.0
    method: POST
    uri: https://ipa.tinystage.test/ipa/session/json
  response:
    body:
      string: '{"result": {"summary": "IPA server version 4.10.3. API version 2.252"},
        "error": null, "id": null, "principal": "admin@TINYSTAGE.TEST", "version":
        "4.10.3"}'
    headers:
      Cache-Control:
      - no-cache, private
      Connection:
      - Keep-Alive
      Content-Encoding:
      - gzip
      Content-Security-Policy:
      - frame-ancestors 'none'
      Content-Type:
      - application/json; charset=utf-8
      Date:
      - Mon, 15 Apr 2024 14:28:24 GMT
      Keep-Alive:
      - timeout=30, max=100
      Server:
      - Apache/2.4.58 (Fedora Linux) OpenSSL/3.0.8 mod_wsgi/4.9.4 Python/3.11 mod_auth_gssapi/1.6.5
      Transfer-Encoding:
      - chunked
      Vary:
      - Accept-Encoding
      X-Frame-Options:
      - DENY
    status:
      code: 200
      message: Success
- request:
    body: '{"method": "user_del", "params": [["dummy"], {"continue": false, "version":
      "2.235"}]}'
    headers:
      Accept:
      - application/json
      Accept-Encoding:
      - gzip, deflate
      Connection:
      - keep-alive
      Content-Length:
      - '86'
      Content-Type:
      - application/json
      Cookie:
      - ipa_session=MagBearerToken=DRXZlybhFX6HhE84Yyu9cizGNReyyxaC4kPGEtnYcLwXR0JmT5Dj9vUbthIsv9fc%2fmsapg%2fbV5SjcPpEvvYTAFKnWcJoqBNaZ7ufY6JyyXx13e5G%2btM9Ff8OLeTRP3Iq7VZFrInFWQ79%2bP1UHzBaVXEmGbTDE4kMVSpZDsL61nxUIqpuGso1yIAqNgjn2FIEye%2fiLezVx%2fBiibaRkLrEEw%3d%3d
      Referer:
      - https://ipa.tinystage.test/ipa
      User-Agent:
      - python-requests/2.31.0
    method: POST
    uri: https://ipa.tinystage.test/ipa/session/json
  response:
    body:
      string: '{"result": {"result": {"failed": []}, "value": ["dummy"], "summary":
        "Deleted user \"dummy\""}, "error": null, "id": null, "principal": "admin@TINYSTAGE.TEST",
        "version": "4.10.3"}'
    headers:
      Cache-Control:
      - no-cache, private
      Connection:
      - Keep-Alive
      Content-Encoding:
      - gzip
      Content-Security-Policy:
      - frame-ancestors 'none'
      Content-Type:
      - application/json; charset=utf-8
      Date:
      - Mon, 15 Apr 2024 14:28:25 GMT
      Keep-Alive:
      - timeout=30, max=100
      Server:
      - Apache/2.4.58 (Fedora Linux) OpenSSL/3.0.8 mod_wsgi/4.9.4 Python/3.11 mod_auth_gssapi/1.6.5
      Transfer-Encoding:
      - chunked
      Vary:
      - Accept-Encoding
      X-Frame-Options:
      - DENY
    status:
      code: 200
      message: Success
- request:
    body: '{"method": "session_logout", "params": [[], {"version": "2.235"}]}'
    headers:
      Accept:
      - application/json
      Accept-Encoding:
      - gzip, deflate
      Connection:
      - keep-alive
      Content-Length:
      - '66'
      Content-Type:
      - application/json
      Cookie:
      - ipa_session=MagBearerToken=DRXZlybhFX6HhE84Yyu9cizGNReyyxaC4kPGEtnYcLwXR0JmT5Dj9vUbthIsv9fc%2fmsapg%2fbV5SjcPpEvvYTAFKnWcJoqBNaZ7ufY6JyyXx13e5G%2btM9Ff8OLeTRP3Iq7VZFrInFWQ79%2bP1UHzBaVXEmGbTDE4kMVSpZDsL61nxUIqpuGso1yIAqNgjn2FIEye%2fiLezVx%2fBiibaRkLrEEw%3d%3d
      Referer:
      - https://ipa.tinystage.test/ipa
      User-Agent:
      - python-requests/2.31.0
    method: POST
    uri: https://ipa.tinystage.test/ipa/session/json
  response:
    body:
      string: '{"result": {"result": null}, "error": null, "id": null, "principal":
        "admin@TINYSTAGE.TEST", "version": "4.10.3"}'
    headers:
      Cache-Control:
      - no-cache, private
      Connection:
      - Keep-Alive
      Content-Encoding:
      - gzip
      Content-Security-Policy:
      - frame-ancestors 'none'
      Content-Type:
      - application/json; charset=utf-8
      Date:
      - Mon, 15 Apr 2024 14:28:25 GMT
      Keep-Alive:
      - timeout=30, max=100
      Server:
      - Apache/2.4.58 (Fedora Linux) OpenSSL/3.0.8 mod_wsgi/4.9.4 Python/3.11 mod_auth_gssapi/1.6.5
      Set-Cookie:
      - ipa_session=;Max-Age=0;path=/ipa;httponly;secure;
      Transfer-Encoding:
      - chunked
      Vary:
      - Accept-Encoding
      X-Frame-Options:
      - DENY
    status:
      code: 200
      message: Success
version: 1
