interactions:
- request:
    body: user=admin&password=password
    headers:
      Accept:
      - text/plain
      Accept-Encoding:
      - gzip, deflate
      Connection:
      - keep-alive
      Content-Length:
      - '28'
      Content-Type:
      - application/x-www-form-urlencoded
      Referer:
      - https://ipa.tinystage.test/ipa/session/login_password
      User-Agent:
      - python-requests/2.31.0
    method: POST
    uri: https://ipa.tinystage.test/ipa/session/login_password
  response:
    body:
      string: ''
    headers:
      Cache-Control:
      - no-cache, private
      Connection:
      - Keep-Alive
      Content-Encoding:
      - gzip
      Content-Security-Policy:
      - frame-ancestors 'none'
      Content-Type:
      - text/plain; charset=UTF-8
      Date:
      - Mon, 15 Apr 2024 14:19:49 GMT
      Keep-Alive:
      - timeout=30, max=100
      Server:
      - Apache/2.4.58 (Fedora Linux) OpenSSL/3.0.8 mod_wsgi/4.9.4 Python/3.11 mod_auth_gssapi/1.6.5
      Set-Cookie:
      - ipa_session=MagBearerToken=lnYQj1U4ruhpHrbf74Ts1loz1W6hPGyWE79hBGt95JGdwFkWlLqBS30MfL6aSOlWQqhSGONPWd3QMFMZKkNDcw7ywYj7kezpYK4imNud8FYwedhBiIx3Fni77hy8QAmEkTuhtM6qnkmqNZfIA33B5GRHnbNaPZMsdQvap8dqCt3eYHWg582R8TNXfsdLnqaKYLBDVGAu1O79CRsg3qz2rg%3d%3d;path=/ipa;httponly;secure;
      Transfer-Encoding:
      - chunked
      Vary:
      - Accept-Encoding
      X-Frame-Options:
      - DENY
    status:
      code: 200
      message: Success
- request:
    body: '{"method": "ping", "params": [[], {"version": "2.235"}]}'
    headers:
      Accept:
      - application/json
      Accept-Encoding:
      - gzip, deflate
      Connection:
      - keep-alive
      Content-Length:
      - '56'
      Content-Type:
      - application/json
      Cookie:
      - ipa_session=MagBearerToken=lnYQj1U4ruhpHrbf74Ts1loz1W6hPGyWE79hBGt95JGdwFkWlLqBS30MfL6aSOlWQqhSGONPWd3QMFMZKkNDcw7ywYj7kezpYK4imNud8FYwedhBiIx3Fni77hy8QAmEkTuhtM6qnkmqNZfIA33B5GRHnbNaPZMsdQvap8dqCt3eYHWg582R8TNXfsdLnqaKYLBDVGAu1O79CRsg3qz2rg%3d%3d
      Referer:
      - https://ipa.tinystage.test/ipa
      User-Agent:
      - python-requests/2.31.0
    method: POST
    uri: https://ipa.tinystage.test/ipa/session/json
  response:
    body:
      string: '{"result": {"summary": "IPA server version 4.10.3. API version 2.252"},
        "error": null, "id": null, "principal": "admin@TINYSTAGE.TEST", "version":
        "4.10.3"}'
    headers:
      Cache-Control:
      - no-cache, private
      Connection:
      - Keep-Alive
      Content-Encoding:
      - gzip
      Content-Security-Policy:
      - frame-ancestors 'none'
      Content-Type:
      - application/json; charset=utf-8
      Date:
      - Mon, 15 Apr 2024 14:19:49 GMT
      Keep-Alive:
      - timeout=30, max=100
      Server:
      - Apache/2.4.58 (Fedora Linux) OpenSSL/3.0.8 mod_wsgi/4.9.4 Python/3.11 mod_auth_gssapi/1.6.5
      Transfer-Encoding:
      - chunked
      Vary:
      - Accept-Encoding
      X-Frame-Options:
      - DENY
    status:
      code: 200
      message: Success
- request:
    body: '{"method": "user_add", "params": [["dummy"], {"givenname": "Dummy", "sn":
      "User", "cn": "Dummy User", "loginshell": "/bin/bash", "mail": "dummy@unit.tests",
      "userpassword": "dummy_password", "random": false, "noprivate": false, "all":
      true, "raw": false, "no_members": false, "fascreationtime": "2024-04-15T14:19:49Z",
      "version": "2.235"}]}'
    headers:
      Accept:
      - application/json
      Accept-Encoding:
      - gzip, deflate
      Connection:
      - keep-alive
      Content-Length:
      - '340'
      Content-Type:
      - application/json
      Cookie:
      - ipa_session=MagBearerToken=lnYQj1U4ruhpHrbf74Ts1loz1W6hPGyWE79hBGt95JGdwFkWlLqBS30MfL6aSOlWQqhSGONPWd3QMFMZKkNDcw7ywYj7kezpYK4imNud8FYwedhBiIx3Fni77hy8QAmEkTuhtM6qnkmqNZfIA33B5GRHnbNaPZMsdQvap8dqCt3eYHWg582R8TNXfsdLnqaKYLBDVGAu1O79CRsg3qz2rg%3d%3d
      Referer:
      - https://ipa.tinystage.test/ipa
      User-Agent:
      - python-requests/2.31.0
    method: POST
    uri: https://ipa.tinystage.test/ipa/session/json
  response:
    body:
      string: '{"result": {"result": {"cn": ["Dummy User"], "displayname": ["Dummy
        User"], "initials": ["DU"], "gecos": ["Dummy User"], "objectclass": ["top",
        "person", "organizationalperson", "inetorgperson", "inetuser", "posixaccount",
        "krbprincipalaux", "krbticketpolicyaux", "ipaobject", "ipasshuser", "fasuser",
        "ipaSshGroupOfPubKeys", "mepOriginEntry", "ipantuserattrs"], "ipauniqueid":
        ["382f7964-fb33-11ee-82d5-525400e27449"], "krbpasswordexpiration": [{"__datetime__":
        "20240415141948Z"}], "krblastpwdchange": [{"__datetime__": "20240415141948Z"}],
        "krbextradata": [{"__base64__": "AAKENx1mcm9vdC9hZG1pbkBUSU5ZU1RBR0UuVEVTVAA="}],
        "mepmanagedentry": ["cn=dummy,cn=groups,cn=accounts,dc=tinystage,dc=test"],
        "uidnumber": ["801808800"], "krbprincipalname": ["dummy@TINYSTAGE.TEST"],
        "uid": ["dummy"], "mail": ["dummy@unit.tests"], "givenname": ["Dummy"], "gidnumber":
        ["801808800"], "loginshell": ["/bin/bash"], "krbcanonicalname": ["dummy@TINYSTAGE.TEST"],
        "homedirectory": ["/home/dummy"], "fascreationtime": [{"__datetime__": "20240415141949Z"}],
        "sn": ["User"], "preserved": false, "has_password": true, "has_keytab": true,
        "memberof_group": ["ipausers"], "dn": "uid=dummy,cn=users,cn=accounts,dc=tinystage,dc=test"},
        "value": "dummy", "summary": "Added user \"dummy\""}, "error": null, "id":
        null, "principal": "admin@TINYSTAGE.TEST", "version": "4.10.3"}'
    headers:
      Cache-Control:
      - no-cache, private
      Connection:
      - Keep-Alive
      Content-Encoding:
      - gzip
      Content-Security-Policy:
      - frame-ancestors 'none'
      Content-Type:
      - application/json; charset=utf-8
      Date:
      - Mon, 15 Apr 2024 14:19:49 GMT
      Keep-Alive:
      - timeout=30, max=100
      Server:
      - Apache/2.4.58 (Fedora Linux) OpenSSL/3.0.8 mod_wsgi/4.9.4 Python/3.11 mod_auth_gssapi/1.6.5
      Transfer-Encoding:
      - chunked
      Vary:
      - Accept-Encoding
      X-Frame-Options:
      - DENY
    status:
      code: 200
      message: Success
- request:
    body: '{"method": "session_logout", "params": [[], {"version": "2.235"}]}'
    headers:
      Accept:
      - application/json
      Accept-Encoding:
      - gzip, deflate
      Connection:
      - keep-alive
      Content-Length:
      - '66'
      Content-Type:
      - application/json
      Cookie:
      - ipa_session=MagBearerToken=lnYQj1U4ruhpHrbf74Ts1loz1W6hPGyWE79hBGt95JGdwFkWlLqBS30MfL6aSOlWQqhSGONPWd3QMFMZKkNDcw7ywYj7kezpYK4imNud8FYwedhBiIx3Fni77hy8QAmEkTuhtM6qnkmqNZfIA33B5GRHnbNaPZMsdQvap8dqCt3eYHWg582R8TNXfsdLnqaKYLBDVGAu1O79CRsg3qz2rg%3d%3d
      Referer:
      - https://ipa.tinystage.test/ipa
      User-Agent:
      - python-requests/2.31.0
    method: POST
    uri: https://ipa.tinystage.test/ipa/session/json
  response:
    body:
      string: '{"result": {"result": null}, "error": null, "id": null, "principal":
        "admin@TINYSTAGE.TEST", "version": "4.10.3"}'
    headers:
      Cache-Control:
      - no-cache, private
      Connection:
      - Keep-Alive
      Content-Encoding:
      - gzip
      Content-Security-Policy:
      - frame-ancestors 'none'
      Content-Type:
      - application/json; charset=utf-8
      Date:
      - Mon, 15 Apr 2024 14:19:50 GMT
      Keep-Alive:
      - timeout=30, max=100
      Server:
      - Apache/2.4.58 (Fedora Linux) OpenSSL/3.0.8 mod_wsgi/4.9.4 Python/3.11 mod_auth_gssapi/1.6.5
      Set-Cookie:
      - ipa_session=;Max-Age=0;path=/ipa;httponly;secure;
      Transfer-Encoding:
      - chunked
      Vary:
      - Accept-Encoding
      X-Frame-Options:
      - DENY
    status:
      code: 200
      message: Success
- request:
    body: user=dummy&new_password=dummy_password&old_password=dummy_password
    headers:
      Accept:
      - text/plain
      Accept-Encoding:
      - gzip, deflate
      Connection:
      - keep-alive
      Content-Length:
      - '66'
      Content-Type:
      - application/x-www-form-urlencoded
      Referer:
      - https://ipa.tinystage.test/ipa/session/change_password
      User-Agent:
      - python-requests/2.31.0
    method: POST
    uri: https://ipa.tinystage.test/ipa/session/change_password
  response:
    body:
      string: '<html>

        <head>

        <title>200 Success</title>

        </head>

        <body>

        <h1>Password change successful</h1>

        <p>

        <strong>Password was changed.</strong>

        </p>

        </body>

        </html>'
    headers:
      Cache-Control:
      - no-cache, private
      Connection:
      - Keep-Alive
      Content-Encoding:
      - gzip
      Content-Security-Policy:
      - frame-ancestors 'none'
      Content-Type:
      - text/html; charset=utf-8
      Date:
      - Mon, 15 Apr 2024 14:19:50 GMT
      Keep-Alive:
      - timeout=30, max=100
      Server:
      - Apache/2.4.58 (Fedora Linux) OpenSSL/3.0.8 mod_wsgi/4.9.4 Python/3.11 mod_auth_gssapi/1.6.5
      Transfer-Encoding:
      - chunked
      Vary:
      - Accept-Encoding
      X-Frame-Options:
      - DENY
      X-IPA-Pwchange-Result:
      - ok
    status:
      code: 200
      message: Success
- request:
    body: user=dummy&password=dummy_password
    headers:
      Accept:
      - text/plain
      Accept-Encoding:
      - gzip, deflate
      Connection:
      - keep-alive
      Content-Length:
      - '34'
      Content-Type:
      - application/x-www-form-urlencoded
      Referer:
      - https://ipa.tinystage.test/ipa/session/login_password
      User-Agent:
      - python-requests/2.31.0
    method: POST
    uri: https://ipa.tinystage.test/ipa/session/login_password
  response:
    body:
      string: ''
    headers:
      Cache-Control:
      - no-cache, private
      Connection:
      - Keep-Alive
      Content-Encoding:
      - gzip
      Content-Length:
      - '20'
      Content-Security-Policy:
      - frame-ancestors 'none'
      Content-Type:
      - text/plain; charset=UTF-8
      Date:
      - Mon, 15 Apr 2024 14:19:50 GMT
      Keep-Alive:
      - timeout=30, max=100
      Server:
      - Apache/2.4.58 (Fedora Linux) OpenSSL/3.0.8 mod_wsgi/4.9.4 Python/3.11 mod_auth_gssapi/1.6.5
      Set-Cookie:
      - ipa_session=MagBearerToken=X4B5qgkBHYm5aNctiOPySE%2fAgyvaUs40CZ%2bADGfmYrDZgHm9K409zH6rcQEGzqFvwTMcogNSDILXvyMGbZBcYwf7GxcQ17El5DB38t54BlL0%2fuKX7j0TnXQk5796ol2o92Fdf79dFMB%2fQhmz3zqIm6Z7ng3AG0D7VzCjoxpmYKRS238O2Lwq0VROAwBY9Tusig3qpIs5atg7MwzQkQVtBQ%3d%3d;path=/ipa;httponly;secure;
      Vary:
      - Accept-Encoding
      X-Frame-Options:
      - DENY
    status:
      code: 200
      message: Success
- request:
    body: user=admin&password=password
    headers:
      Accept:
      - text/plain
      Accept-Encoding:
      - gzip, deflate
      Connection:
      - keep-alive
      Content-Length:
      - '28'
      Content-Type:
      - application/x-www-form-urlencoded
      Referer:
      - https://ipa.tinystage.test/ipa/session/login_password
      User-Agent:
      - python-requests/2.31.0
    method: POST
    uri: https://ipa.tinystage.test/ipa/session/login_password
  response:
    body:
      string: ''
    headers:
      Cache-Control:
      - no-cache, private
      Connection:
      - Keep-Alive
      Content-Encoding:
      - gzip
      Content-Length:
      - '20'
      Content-Security-Policy:
      - frame-ancestors 'none'
      Content-Type:
      - text/plain; charset=UTF-8
      Date:
      - Mon, 15 Apr 2024 14:19:50 GMT
      Keep-Alive:
      - timeout=30, max=100
      Server:
      - Apache/2.4.58 (Fedora Linux) OpenSSL/3.0.8 mod_wsgi/4.9.4 Python/3.11 mod_auth_gssapi/1.6.5
      Set-Cookie:
      - ipa_session=MagBearerToken=TJW%2fC2JJTC4s4UHmk%2fUrEPioZzYuiyiyHSw4L6Ga7LPfazK4ivAr55%2b9%2b6uPrkpc3yYWw61VI17I2vhuwyVIf%2b9%2fXxn1O3cHasqTc2LnBtC9mdYUBnVHiGS37QrO0WyfHc7vOl9OYDKmjpqsbEbWuAXSiYmfvsgTLq%2fZzqFebOxgKPj%2bpqy%2bsR%2bbRwfiGaYdscd5YHhqwpBRHC3jBJa7gw%3d%3d;path=/ipa;httponly;secure;
      Vary:
      - Accept-Encoding
      X-Frame-Options:
      - DENY
    status:
      code: 200
      message: Success
- request:
    body: '{"method": "ping", "params": [[], {"version": "2.235"}]}'
    headers:
      Accept:
      - application/json
      Accept-Encoding:
      - gzip, deflate
      Connection:
      - keep-alive
      Content-Length:
      - '56'
      Content-Type:
      - application/json
      Cookie:
      - ipa_session=MagBearerToken=TJW%2fC2JJTC4s4UHmk%2fUrEPioZzYuiyiyHSw4L6Ga7LPfazK4ivAr55%2b9%2b6uPrkpc3yYWw61VI17I2vhuwyVIf%2b9%2fXxn1O3cHasqTc2LnBtC9mdYUBnVHiGS37QrO0WyfHc7vOl9OYDKmjpqsbEbWuAXSiYmfvsgTLq%2fZzqFebOxgKPj%2bpqy%2bsR%2bbRwfiGaYdscd5YHhqwpBRHC3jBJa7gw%3d%3d
      Referer:
      - https://ipa.tinystage.test/ipa
      User-Agent:
      - python-requests/2.31.0
    method: POST
    uri: https://ipa.tinystage.test/ipa/session/json
  response:
    body:
      string: '{"result": {"summary": "IPA server version 4.10.3. API version 2.252"},
        "error": null, "id": null, "principal": "admin@TINYSTAGE.TEST", "version":
        "4.10.3"}'
    headers:
      Cache-Control:
      - no-cache, private
      Connection:
      - Keep-Alive
      Content-Encoding:
      - gzip
      Content-Security-Policy:
      - frame-ancestors 'none'
      Content-Type:
      - application/json; charset=utf-8
      Date:
      - Mon, 15 Apr 2024 14:19:50 GMT
      Keep-Alive:
      - timeout=30, max=100
      Server:
      - Apache/2.4.58 (Fedora Linux) OpenSSL/3.0.8 mod_wsgi/4.9.4 Python/3.11 mod_auth_gssapi/1.6.5
      Transfer-Encoding:
      - chunked
      Vary:
      - Accept-Encoding
      X-Frame-Options:
      - DENY
    status:
      code: 200
      message: Success
- request:
    body: '{"method": "user_del", "params": [["dummy"], {"continue": false, "version":
      "2.235"}]}'
    headers:
      Accept:
      - application/json
      Accept-Encoding:
      - gzip, deflate
      Connection:
      - keep-alive
      Content-Length:
      - '86'
      Content-Type:
      - application/json
      Cookie:
      - ipa_session=MagBearerToken=TJW%2fC2JJTC4s4UHmk%2fUrEPioZzYuiyiyHSw4L6Ga7LPfazK4ivAr55%2b9%2b6uPrkpc3yYWw61VI17I2vhuwyVIf%2b9%2fXxn1O3cHasqTc2LnBtC9mdYUBnVHiGS37QrO0WyfHc7vOl9OYDKmjpqsbEbWuAXSiYmfvsgTLq%2fZzqFebOxgKPj%2bpqy%2bsR%2bbRwfiGaYdscd5YHhqwpBRHC3jBJa7gw%3d%3d
      Referer:
      - https://ipa.tinystage.test/ipa
      User-Agent:
      - python-requests/2.31.0
    method: POST
    uri: https://ipa.tinystage.test/ipa/session/json
  response:
    body:
      string: '{"result": {"result": {"failed": []}, "value": ["dummy"], "summary":
        "Deleted user \"dummy\""}, "error": null, "id": null, "principal": "admin@TINYSTAGE.TEST",
        "version": "4.10.3"}'
    headers:
      Cache-Control:
      - no-cache, private
      Connection:
      - Keep-Alive
      Content-Encoding:
      - gzip
      Content-Security-Policy:
      - frame-ancestors 'none'
      Content-Type:
      - application/json; charset=utf-8
      Date:
      - Mon, 15 Apr 2024 14:19:50 GMT
      Keep-Alive:
      - timeout=30, max=100
      Server:
      - Apache/2.4.58 (Fedora Linux) OpenSSL/3.0.8 mod_wsgi/4.9.4 Python/3.11 mod_auth_gssapi/1.6.5
      Transfer-Encoding:
      - chunked
      Vary:
      - Accept-Encoding
      X-Frame-Options:
      - DENY
    status:
      code: 200
      message: Success
- request:
    body: '{"method": "session_logout", "params": [[], {"version": "2.235"}]}'
    headers:
      Accept:
      - application/json
      Accept-Encoding:
      - gzip, deflate
      Connection:
      - keep-alive
      Content-Length:
      - '66'
      Content-Type:
      - application/json
      Cookie:
      - ipa_session=MagBearerToken=TJW%2fC2JJTC4s4UHmk%2fUrEPioZzYuiyiyHSw4L6Ga7LPfazK4ivAr55%2b9%2b6uPrkpc3yYWw61VI17I2vhuwyVIf%2b9%2fXxn1O3cHasqTc2LnBtC9mdYUBnVHiGS37QrO0WyfHc7vOl9OYDKmjpqsbEbWuAXSiYmfvsgTLq%2fZzqFebOxgKPj%2bpqy%2bsR%2bbRwfiGaYdscd5YHhqwpBRHC3jBJa7gw%3d%3d
      Referer:
      - https://ipa.tinystage.test/ipa
      User-Agent:
      - python-requests/2.31.0
    method: POST
    uri: https://ipa.tinystage.test/ipa/session/json
  response:
    body:
      string: '{"result": {"result": null}, "error": null, "id": null, "principal":
        "admin@TINYSTAGE.TEST", "version": "4.10.3"}'
    headers:
      Cache-Control:
      - no-cache, private
      Connection:
      - Keep-Alive
      Content-Encoding:
      - gzip
      Content-Security-Policy:
      - frame-ancestors 'none'
      Content-Type:
      - application/json; charset=utf-8
      Date:
      - Mon, 15 Apr 2024 14:19:51 GMT
      Keep-Alive:
      - timeout=30, max=100
      Server:
      - Apache/2.4.58 (Fedora Linux) OpenSSL/3.0.8 mod_wsgi/4.9.4 Python/3.11 mod_auth_gssapi/1.6.5
      Set-Cookie:
      - ipa_session=;Max-Age=0;path=/ipa;httponly;secure;
      Transfer-Encoding:
      - chunked
      Vary:
      - Accept-Encoding
      X-Frame-Options:
      - DENY
    status:
      code: 200
      message: Success
version: 1
