interactions:
- request:
    body: user=admin&password=password
    headers:
      Accept:
      - text/plain
      Accept-Encoding:
      - gzip, deflate
      Connection:
      - keep-alive
      Content-Length:
      - '28'
      Content-Type:
      - application/x-www-form-urlencoded
      Referer:
      - https://ipa.tinystage.test/ipa/session/login_password
      User-Agent:
      - python-requests/2.31.0
    method: POST
    uri: https://ipa.tinystage.test/ipa/session/login_password
  response:
    body:
      string: ''
    headers:
      Cache-Control:
      - no-cache, private
      Connection:
      - Keep-Alive
      Content-Encoding:
      - gzip
      Content-Security-Policy:
      - frame-ancestors 'none'
      Content-Type:
      - text/plain; charset=UTF-8
      Date:
      - Mon, 15 Apr 2024 14:19:51 GMT
      Keep-Alive:
      - timeout=30, max=100
      Server:
      - Apache/2.4.58 (Fedora Linux) OpenSSL/3.0.8 mod_wsgi/4.9.4 Python/3.11 mod_auth_gssapi/1.6.5
      Set-Cookie:
      - ipa_session=MagBearerToken=Q92XGe%2fb8WOGxBs1JBRMh4CnRfr%2b4gfybjQnyan1hMCVxOD1ouatahQ8WO00bL8C%2bzytRggRzrPbTenncakklstTbEEFH8so0oZh35Tbn9OdRAzPxENw6SW8a%2fEaXQ09sbyGTE3rOdNCeIk0ZXYa5imQxuvDLs0QHdmRbH9oMiFvTJcfOzBSXIfMEkWf3E8jUrQXsevxdey4%2fHr2NKWETQ%3d%3d;path=/ipa;httponly;secure;
      Transfer-Encoding:
      - chunked
      Vary:
      - Accept-Encoding
      X-Frame-Options:
      - DENY
    status:
      code: 200
      message: Success
- request:
    body: '{"method": "ping", "params": [[], {"version": "2.235"}]}'
    headers:
      Accept:
      - application/json
      Accept-Encoding:
      - gzip, deflate
      Connection:
      - keep-alive
      Content-Length:
      - '56'
      Content-Type:
      - application/json
      Cookie:
      - ipa_session=MagBearerToken=Q92XGe%2fb8WOGxBs1JBRMh4CnRfr%2b4gfybjQnyan1hMCVxOD1ouatahQ8WO00bL8C%2bzytRggRzrPbTenncakklstTbEEFH8so0oZh35Tbn9OdRAzPxENw6SW8a%2fEaXQ09sbyGTE3rOdNCeIk0ZXYa5imQxuvDLs0QHdmRbH9oMiFvTJcfOzBSXIfMEkWf3E8jUrQXsevxdey4%2fHr2NKWETQ%3d%3d
      Referer:
      - https://ipa.tinystage.test/ipa
      User-Agent:
      - python-requests/2.31.0
    method: POST
    uri: https://ipa.tinystage.test/ipa/session/json
  response:
    body:
      string: '{"result": {"summary": "IPA server version 4.10.3. API version 2.252"},
        "error": null, "id": null, "principal": "admin@TINYSTAGE.TEST", "version":
        "4.10.3"}'
    headers:
      Cache-Control:
      - no-cache, private
      Connection:
      - Keep-Alive
      Content-Encoding:
      - gzip
      Content-Security-Policy:
      - frame-ancestors 'none'
      Content-Type:
      - application/json; charset=utf-8
      Date:
      - Mon, 15 Apr 2024 14:19:51 GMT
      Keep-Alive:
      - timeout=30, max=100
      Server:
      - Apache/2.4.58 (Fedora Linux) OpenSSL/3.0.8 mod_wsgi/4.9.4 Python/3.11 mod_auth_gssapi/1.6.5
      Transfer-Encoding:
      - chunked
      Vary:
      - Accept-Encoding
      X-Frame-Options:
      - DENY
    status:
      code: 200
      message: Success
- request:
    body: '{"method": "user_add", "params": [["dummy"], {"givenname": "Dummy", "sn":
      "User", "cn": "Dummy User", "loginshell": "/bin/bash", "mail": "dummy@unit.tests",
      "userpassword": "dummy_password", "random": false, "noprivate": false, "all":
      true, "raw": false, "no_members": false, "fascreationtime": "2024-04-15T14:19:51Z",
      "version": "2.235"}]}'
    headers:
      Accept:
      - application/json
      Accept-Encoding:
      - gzip, deflate
      Connection:
      - keep-alive
      Content-Length:
      - '340'
      Content-Type:
      - application/json
      Cookie:
      - ipa_session=MagBearerToken=Q92XGe%2fb8WOGxBs1JBRMh4CnRfr%2b4gfybjQnyan1hMCVxOD1ouatahQ8WO00bL8C%2bzytRggRzrPbTenncakklstTbEEFH8so0oZh35Tbn9OdRAzPxENw6SW8a%2fEaXQ09sbyGTE3rOdNCeIk0ZXYa5imQxuvDLs0QHdmRbH9oMiFvTJcfOzBSXIfMEkWf3E8jUrQXsevxdey4%2fHr2NKWETQ%3d%3d
      Referer:
      - https://ipa.tinystage.test/ipa
      User-Agent:
      - python-requests/2.31.0
    method: POST
    uri: https://ipa.tinystage.test/ipa/session/json
  response:
    body:
      string: '{"result": {"result": {"cn": ["Dummy User"], "displayname": ["Dummy
        User"], "initials": ["DU"], "gecos": ["Dummy User"], "objectclass": ["top",
        "person", "organizationalperson", "inetorgperson", "inetuser", "posixaccount",
        "krbprincipalaux", "krbticketpolicyaux", "ipaobject", "ipasshuser", "fasuser",
        "ipaSshGroupOfPubKeys", "mepOriginEntry", "ipantuserattrs"], "ipauniqueid":
        ["390f7744-fb33-11ee-a5df-525400e27449"], "krbpasswordexpiration": [{"__datetime__":
        "20240415141950Z"}], "krblastpwdchange": [{"__datetime__": "20240415141950Z"}],
        "krbextradata": [{"__base64__": "AAKGNx1mcm9vdC9hZG1pbkBUSU5ZU1RBR0UuVEVTVAA="}],
        "mepmanagedentry": ["cn=dummy,cn=groups,cn=accounts,dc=tinystage,dc=test"],
        "gidnumber": ["801808801"], "givenname": ["Dummy"], "homedirectory": ["/home/dummy"],
        "uidnumber": ["801808801"], "krbcanonicalname": ["dummy@TINYSTAGE.TEST"],
        "mail": ["dummy@unit.tests"], "krbprincipalname": ["dummy@TINYSTAGE.TEST"],
        "fascreationtime": [{"__datetime__": "20240415141951Z"}], "loginshell": ["/bin/bash"],
        "sn": ["User"], "uid": ["dummy"], "preserved": false, "has_password": true,
        "has_keytab": true, "memberof_group": ["ipausers"], "dn": "uid=dummy,cn=users,cn=accounts,dc=tinystage,dc=test"},
        "value": "dummy", "summary": "Added user \"dummy\""}, "error": null, "id":
        null, "principal": "admin@TINYSTAGE.TEST", "version": "4.10.3"}'
    headers:
      Cache-Control:
      - no-cache, private
      Connection:
      - Keep-Alive
      Content-Encoding:
      - gzip
      Content-Security-Policy:
      - frame-ancestors 'none'
      Content-Type:
      - application/json; charset=utf-8
      Date:
      - Mon, 15 Apr 2024 14:19:51 GMT
      Keep-Alive:
      - timeout=30, max=100
      Server:
      - Apache/2.4.58 (Fedora Linux) OpenSSL/3.0.8 mod_wsgi/4.9.4 Python/3.11 mod_auth_gssapi/1.6.5
      Transfer-Encoding:
      - chunked
      Vary:
      - Accept-Encoding
      X-Frame-Options:
      - DENY
    status:
      code: 200
      message: Success
- request:
    body: '{"method": "session_logout", "params": [[], {"version": "2.235"}]}'
    headers:
      Accept:
      - application/json
      Accept-Encoding:
      - gzip, deflate
      Connection:
      - keep-alive
      Content-Length:
      - '66'
      Content-Type:
      - application/json
      Cookie:
      - ipa_session=MagBearerToken=Q92XGe%2fb8WOGxBs1JBRMh4CnRfr%2b4gfybjQnyan1hMCVxOD1ouatahQ8WO00bL8C%2bzytRggRzrPbTenncakklstTbEEFH8so0oZh35Tbn9OdRAzPxENw6SW8a%2fEaXQ09sbyGTE3rOdNCeIk0ZXYa5imQxuvDLs0QHdmRbH9oMiFvTJcfOzBSXIfMEkWf3E8jUrQXsevxdey4%2fHr2NKWETQ%3d%3d
      Referer:
      - https://ipa.tinystage.test/ipa
      User-Agent:
      - python-requests/2.31.0
    method: POST
    uri: https://ipa.tinystage.test/ipa/session/json
  response:
    body:
      string: '{"result": {"result": null}, "error": null, "id": null, "principal":
        "admin@TINYSTAGE.TEST", "version": "4.10.3"}'
    headers:
      Cache-Control:
      - no-cache, private
      Connection:
      - Keep-Alive
      Content-Encoding:
      - gzip
      Content-Security-Policy:
      - frame-ancestors 'none'
      Content-Type:
      - application/json; charset=utf-8
      Date:
      - Mon, 15 Apr 2024 14:19:51 GMT
      Keep-Alive:
      - timeout=30, max=100
      Server:
      - Apache/2.4.58 (Fedora Linux) OpenSSL/3.0.8 mod_wsgi/4.9.4 Python/3.11 mod_auth_gssapi/1.6.5
      Set-Cookie:
      - ipa_session=;Max-Age=0;path=/ipa;httponly;secure;
      Transfer-Encoding:
      - chunked
      Vary:
      - Accept-Encoding
      X-Frame-Options:
      - DENY
    status:
      code: 200
      message: Success
- request:
    body: user=dummy&new_password=dummy_password&old_password=dummy_password
    headers:
      Accept:
      - text/plain
      Accept-Encoding:
      - gzip, deflate
      Connection:
      - keep-alive
      Content-Length:
      - '66'
      Content-Type:
      - application/x-www-form-urlencoded
      Referer:
      - https://ipa.tinystage.test/ipa/session/change_password
      User-Agent:
      - python-requests/2.31.0
    method: POST
    uri: https://ipa.tinystage.test/ipa/session/change_password
  response:
    body:
      string: '<html>

        <head>

        <title>200 Success</title>

        </head>

        <body>

        <h1>Password change successful</h1>

        <p>

        <strong>Password was changed.</strong>

        </p>

        </body>

        </html>'
    headers:
      Cache-Control:
      - no-cache, private
      Connection:
      - Keep-Alive
      Content-Encoding:
      - gzip
      Content-Security-Policy:
      - frame-ancestors 'none'
      Content-Type:
      - text/html; charset=utf-8
      Date:
      - Mon, 15 Apr 2024 14:19:51 GMT
      Keep-Alive:
      - timeout=30, max=100
      Server:
      - Apache/2.4.58 (Fedora Linux) OpenSSL/3.0.8 mod_wsgi/4.9.4 Python/3.11 mod_auth_gssapi/1.6.5
      Transfer-Encoding:
      - chunked
      Vary:
      - Accept-Encoding
      X-Frame-Options:
      - DENY
      X-IPA-Pwchange-Result:
      - ok
    status:
      code: 200
      message: Success
- request:
    body: user=admin&password=password
    headers:
      Accept:
      - text/plain
      Accept-Encoding:
      - gzip, deflate
      Connection:
      - keep-alive
      Content-Length:
      - '28'
      Content-Type:
      - application/x-www-form-urlencoded
      Referer:
      - https://ipa.tinystage.test/ipa/session/login_password
      User-Agent:
      - python-requests/2.31.0
    method: POST
    uri: https://ipa.tinystage.test/ipa/session/login_password
  response:
    body:
      string: ''
    headers:
      Cache-Control:
      - no-cache, private
      Connection:
      - Keep-Alive
      Content-Encoding:
      - gzip
      Content-Security-Policy:
      - frame-ancestors 'none'
      Content-Type:
      - text/plain; charset=UTF-8
      Date:
      - Mon, 15 Apr 2024 14:19:51 GMT
      Keep-Alive:
      - timeout=30, max=100
      Server:
      - Apache/2.4.58 (Fedora Linux) OpenSSL/3.0.8 mod_wsgi/4.9.4 Python/3.11 mod_auth_gssapi/1.6.5
      Set-Cookie:
      - ipa_session=MagBearerToken=UuZspmZFfyZenPyMwaBZatAJN8Rv80OcccuEwNnssHASwxIqtl7N43KIEN6kkzNzeRQYiKfdx8eA2S6SSBUbEPHM8bvIq4qjyYREYJh%2b72HyJvNPN694Bqiq1fPgQeDShnPi%2f5g8Ut2vKdHxwAr6UzPNe07aBct4ms0JYPn2cGXNZbM%2bqsNFYz1d13SNJpqaMcoUvGHfFRCTwtbhYrEPGA%3d%3d;path=/ipa;httponly;secure;
      Transfer-Encoding:
      - chunked
      Vary:
      - Accept-Encoding
      X-Frame-Options:
      - DENY
    status:
      code: 200
      message: Success
- request:
    body: '{"method": "ping", "params": [[], {"version": "2.235"}]}'
    headers:
      Accept:
      - application/json
      Accept-Encoding:
      - gzip, deflate
      Connection:
      - keep-alive
      Content-Length:
      - '56'
      Content-Type:
      - application/json
      Cookie:
      - ipa_session=MagBearerToken=UuZspmZFfyZenPyMwaBZatAJN8Rv80OcccuEwNnssHASwxIqtl7N43KIEN6kkzNzeRQYiKfdx8eA2S6SSBUbEPHM8bvIq4qjyYREYJh%2b72HyJvNPN694Bqiq1fPgQeDShnPi%2f5g8Ut2vKdHxwAr6UzPNe07aBct4ms0JYPn2cGXNZbM%2bqsNFYz1d13SNJpqaMcoUvGHfFRCTwtbhYrEPGA%3d%3d
      Referer:
      - https://ipa.tinystage.test/ipa
      User-Agent:
      - python-requests/2.31.0
    method: POST
    uri: https://ipa.tinystage.test/ipa/session/json
  response:
    body:
      string: '{"result": {"summary": "IPA server version 4.10.3. API version 2.252"},
        "error": null, "id": null, "principal": "admin@TINYSTAGE.TEST", "version":
        "4.10.3"}'
    headers:
      Cache-Control:
      - no-cache, private
      Connection:
      - Keep-Alive
      Content-Encoding:
      - gzip
      Content-Security-Policy:
      - frame-ancestors 'none'
      Content-Type:
      - application/json; charset=utf-8
      Date:
      - Mon, 15 Apr 2024 14:19:51 GMT
      Keep-Alive:
      - timeout=30, max=100
      Server:
      - Apache/2.4.58 (Fedora Linux) OpenSSL/3.0.8 mod_wsgi/4.9.4 Python/3.11 mod_auth_gssapi/1.6.5
      Transfer-Encoding:
      - chunked
      Vary:
      - Accept-Encoding
      X-Frame-Options:
      - DENY
    status:
      code: 200
      message: Success
- request:
    body: '{"method": "otptoken_add", "params": [[null], {"type": "totp", "description":
      "dummy''s token", "ipatokenowner": "dummy", "ipatokenotpalgorithm": "sha1",
      "ipatokenotpdigits": 6, "ipatokentotpclockoffset": 0, "ipatokentotptimestep":
      30, "ipatokenhotpcounter": 0, "qrcode": false, "no_qrcode": false, "all": true,
      "raw": false, "no_members": false, "version": "2.235"}]}'
    headers:
      Accept:
      - application/json
      Accept-Encoding:
      - gzip, deflate
      Connection:
      - keep-alive
      Content-Length:
      - '367'
      Content-Type:
      - application/json
      Cookie:
      - ipa_session=MagBearerToken=UuZspmZFfyZenPyMwaBZatAJN8Rv80OcccuEwNnssHASwxIqtl7N43KIEN6kkzNzeRQYiKfdx8eA2S6SSBUbEPHM8bvIq4qjyYREYJh%2b72HyJvNPN694Bqiq1fPgQeDShnPi%2f5g8Ut2vKdHxwAr6UzPNe07aBct4ms0JYPn2cGXNZbM%2bqsNFYz1d13SNJpqaMcoUvGHfFRCTwtbhYrEPGA%3d%3d
      Referer:
      - https://ipa.tinystage.test/ipa
      User-Agent:
      - python-requests/2.31.0
    method: POST
    uri: https://ipa.tinystage.test/ipa/session/json
  response:
    body:
      string: '{"result": {"result": {"ipatokenotpkey": [{"__base64__": "49sro6Dfls3V40X81PH5hxZx7idWj+9jE0SoLoTqrQGh1Oc="}],
        "ipatokenotpalgorithm": ["sha1"], "ipatokenotpdigits": ["6"], "ipatokentotpclockoffset":
        ["0"], "ipatokentotptimestep": ["30"], "ipatokenuniqueid": ["95067454-3df9-4c6f-afeb-f05efad54b5f"],
        "description": ["dummy''s token"], "ipatokenowner": ["dummy"], "objectclass":
        ["ipatoken", "ipatokentotp", "top"], "uri": "otpauth://totp/dummy@TINYSTAGE.TEST:95067454-3df9-4c6f-afeb-f05efad54b5f?issuer=dummy%40TINYSTAGE.TEST&secret=4PNSXI5A36LM3VPDIX6NJ4PZQ4LHD3RHK2H66YYTISUC5BHKVUA2DVHH&digits=6&algorithm=SHA1&period=30",
        "type": "TOTP", "dn": "ipatokenuniqueid=95067454-3df9-4c6f-afeb-f05efad54b5f,cn=otp,dc=tinystage,dc=test"},
        "value": null, "summary": "Added OTP token \"\""}, "error": null, "id": null,
        "principal": "admin@TINYSTAGE.TEST", "version": "4.10.3"}'
    headers:
      Cache-Control:
      - no-cache, private
      Connection:
      - Keep-Alive
      Content-Encoding:
      - gzip
      Content-Security-Policy:
      - frame-ancestors 'none'
      Content-Type:
      - application/json; charset=utf-8
      Date:
      - Mon, 15 Apr 2024 14:19:51 GMT
      Keep-Alive:
      - timeout=30, max=100
      Server:
      - Apache/2.4.58 (Fedora Linux) OpenSSL/3.0.8 mod_wsgi/4.9.4 Python/3.11 mod_auth_gssapi/1.6.5
      Transfer-Encoding:
      - chunked
      Vary:
      - Accept-Encoding
      X-Frame-Options:
      - DENY
    status:
      code: 200
      message: Success
- request:
    body: '{"method": "session_logout", "params": [[], {"version": "2.235"}]}'
    headers:
      Accept:
      - application/json
      Accept-Encoding:
      - gzip, deflate
      Connection:
      - keep-alive
      Content-Length:
      - '66'
      Content-Type:
      - application/json
      Cookie:
      - ipa_session=MagBearerToken=UuZspmZFfyZenPyMwaBZatAJN8Rv80OcccuEwNnssHASwxIqtl7N43KIEN6kkzNzeRQYiKfdx8eA2S6SSBUbEPHM8bvIq4qjyYREYJh%2b72HyJvNPN694Bqiq1fPgQeDShnPi%2f5g8Ut2vKdHxwAr6UzPNe07aBct4ms0JYPn2cGXNZbM%2bqsNFYz1d13SNJpqaMcoUvGHfFRCTwtbhYrEPGA%3d%3d
      Referer:
      - https://ipa.tinystage.test/ipa
      User-Agent:
      - python-requests/2.31.0
    method: POST
    uri: https://ipa.tinystage.test/ipa/session/json
  response:
    body:
      string: '{"result": {"result": null}, "error": null, "id": null, "principal":
        "admin@TINYSTAGE.TEST", "version": "4.10.3"}'
    headers:
      Cache-Control:
      - no-cache, private
      Connection:
      - Keep-Alive
      Content-Encoding:
      - gzip
      Content-Security-Policy:
      - frame-ancestors 'none'
      Content-Type:
      - application/json; charset=utf-8
      Date:
      - Mon, 15 Apr 2024 14:19:52 GMT
      Keep-Alive:
      - timeout=30, max=100
      Server:
      - Apache/2.4.58 (Fedora Linux) OpenSSL/3.0.8 mod_wsgi/4.9.4 Python/3.11 mod_auth_gssapi/1.6.5
      Set-Cookie:
      - ipa_session=;Max-Age=0;path=/ipa;httponly;secure;
      Transfer-Encoding:
      - chunked
      Vary:
      - Accept-Encoding
      X-Frame-Options:
      - DENY
    status:
      code: 200
      message: Success
- request:
    body: user=dummy&password=dummy_password691259
    headers:
      Accept:
      - text/plain
      Accept-Encoding:
      - gzip, deflate
      Connection:
      - keep-alive
      Content-Length:
      - '40'
      Content-Type:
      - application/x-www-form-urlencoded
      Referer:
      - https://ipa.tinystage.test/ipa/session/login_password
      User-Agent:
      - python-requests/2.31.0
    method: POST
    uri: https://ipa.tinystage.test/ipa/session/login_password
  response:
    body:
      string: ''
    headers:
      Cache-Control:
      - no-cache, private
      Connection:
      - Keep-Alive
      Content-Encoding:
      - gzip
      Content-Length:
      - '20'
      Content-Security-Policy:
      - frame-ancestors 'none'
      Content-Type:
      - text/plain; charset=UTF-8
      Date:
      - Mon, 15 Apr 2024 14:19:52 GMT
      Keep-Alive:
      - timeout=30, max=100
      Server:
      - Apache/2.4.58 (Fedora Linux) OpenSSL/3.0.8 mod_wsgi/4.9.4 Python/3.11 mod_auth_gssapi/1.6.5
      Set-Cookie:
      - ipa_session=MagBearerToken=j6rPog%2bBXAqiYvDRnZgmeuqHU7YWbuMkkFAKz%2bG0%2bCO9zxFSwsbLaQgpqIgHPfWAOVsQH0QQl7nghFHqTZU%2fjiihdGzeKsj8I1NfvDv1yXz3I9vT1z7AIR946OvFEP1KXq2HqELh6NEPhFrMSxBLTop0mHiY2CktvoXKRyan0MedN3IoOQkbMXAj6c8E4DgYDvzAQEW1nSZPaNJHs8IGwA%3d%3d;path=/ipa;httponly;secure;
      Vary:
      - Accept-Encoding
      X-Frame-Options:
      - DENY
    status:
      code: 200
      message: Success
- request:
    body: user=admin&password=password
    headers:
      Accept:
      - text/plain
      Accept-Encoding:
      - gzip, deflate
      Connection:
      - keep-alive
      Content-Length:
      - '28'
      Content-Type:
      - application/x-www-form-urlencoded
      Referer:
      - https://ipa.tinystage.test/ipa/session/login_password
      User-Agent:
      - python-requests/2.31.0
    method: POST
    uri: https://ipa.tinystage.test/ipa/session/login_password
  response:
    body:
      string: ''
    headers:
      Cache-Control:
      - no-cache, private
      Connection:
      - Keep-Alive
      Content-Encoding:
      - gzip
      Content-Length:
      - '20'
      Content-Security-Policy:
      - frame-ancestors 'none'
      Content-Type:
      - text/plain; charset=UTF-8
      Date:
      - Mon, 15 Apr 2024 14:19:52 GMT
      Keep-Alive:
      - timeout=30, max=100
      Server:
      - Apache/2.4.58 (Fedora Linux) OpenSSL/3.0.8 mod_wsgi/4.9.4 Python/3.11 mod_auth_gssapi/1.6.5
      Set-Cookie:
      - ipa_session=MagBearerToken=2lz35yVnn1yOEthLWP9eECURCj%2bI4PWAqMKtMicqLKfrk9ehs3rV3VMfzDQwQKC032eyDSsIDwBhkFF9KMTUHo8cl8qazFhX%2b40q3QLiB9cPuaPCmEJqIjmha%2fdtTOM0AJtrbLoMD9oPRWAerMYFtfZb1opaminPmDVXV9HgbPoY%2f6xC1p%2fAOhjxt%2fIww7GPQciR6duhyBL5yn1SFE5nig%3d%3d;path=/ipa;httponly;secure;
      Vary:
      - Accept-Encoding
      X-Frame-Options:
      - DENY
    status:
      code: 200
      message: Success
- request:
    body: '{"method": "ping", "params": [[], {"version": "2.235"}]}'
    headers:
      Accept:
      - application/json
      Accept-Encoding:
      - gzip, deflate
      Connection:
      - keep-alive
      Content-Length:
      - '56'
      Content-Type:
      - application/json
      Cookie:
      - ipa_session=MagBearerToken=2lz35yVnn1yOEthLWP9eECURCj%2bI4PWAqMKtMicqLKfrk9ehs3rV3VMfzDQwQKC032eyDSsIDwBhkFF9KMTUHo8cl8qazFhX%2b40q3QLiB9cPuaPCmEJqIjmha%2fdtTOM0AJtrbLoMD9oPRWAerMYFtfZb1opaminPmDVXV9HgbPoY%2f6xC1p%2fAOhjxt%2fIww7GPQciR6duhyBL5yn1SFE5nig%3d%3d
      Referer:
      - https://ipa.tinystage.test/ipa
      User-Agent:
      - python-requests/2.31.0
    method: POST
    uri: https://ipa.tinystage.test/ipa/session/json
  response:
    body:
      string: '{"result": {"summary": "IPA server version 4.10.3. API version 2.252"},
        "error": null, "id": null, "principal": "admin@TINYSTAGE.TEST", "version":
        "4.10.3"}'
    headers:
      Cache-Control:
      - no-cache, private
      Connection:
      - Keep-Alive
      Content-Encoding:
      - gzip
      Content-Security-Policy:
      - frame-ancestors 'none'
      Content-Type:
      - application/json; charset=utf-8
      Date:
      - Mon, 15 Apr 2024 14:19:52 GMT
      Keep-Alive:
      - timeout=30, max=100
      Server:
      - Apache/2.4.58 (Fedora Linux) OpenSSL/3.0.8 mod_wsgi/4.9.4 Python/3.11 mod_auth_gssapi/1.6.5
      Transfer-Encoding:
      - chunked
      Vary:
      - Accept-Encoding
      X-Frame-Options:
      - DENY
    status:
      code: 200
      message: Success
- request:
    body: '{"method": "otptoken_del", "params": [["95067454-3df9-4c6f-afeb-f05efad54b5f"],
      {"continue": false, "version": "2.235"}]}'
    headers:
      Accept:
      - application/json
      Accept-Encoding:
      - gzip, deflate
      Connection:
      - keep-alive
      Content-Length:
      - '121'
      Content-Type:
      - application/json
      Cookie:
      - ipa_session=MagBearerToken=2lz35yVnn1yOEthLWP9eECURCj%2bI4PWAqMKtMicqLKfrk9ehs3rV3VMfzDQwQKC032eyDSsIDwBhkFF9KMTUHo8cl8qazFhX%2b40q3QLiB9cPuaPCmEJqIjmha%2fdtTOM0AJtrbLoMD9oPRWAerMYFtfZb1opaminPmDVXV9HgbPoY%2f6xC1p%2fAOhjxt%2fIww7GPQciR6duhyBL5yn1SFE5nig%3d%3d
      Referer:
      - https://ipa.tinystage.test/ipa
      User-Agent:
      - python-requests/2.31.0
    method: POST
    uri: https://ipa.tinystage.test/ipa/session/json
  response:
    body:
      string: '{"result": {"result": {"failed": []}, "value": ["95067454-3df9-4c6f-afeb-f05efad54b5f"],
        "summary": "Deleted OTP token \"95067454-3df9-4c6f-afeb-f05efad54b5f\""},
        "error": null, "id": null, "principal": "admin@TINYSTAGE.TEST", "version":
        "4.10.3"}'
    headers:
      Cache-Control:
      - no-cache, private
      Connection:
      - Keep-Alive
      Content-Encoding:
      - gzip
      Content-Security-Policy:
      - frame-ancestors 'none'
      Content-Type:
      - application/json; charset=utf-8
      Date:
      - Mon, 15 Apr 2024 14:19:52 GMT
      Keep-Alive:
      - timeout=30, max=100
      Server:
      - Apache/2.4.58 (Fedora Linux) OpenSSL/3.0.8 mod_wsgi/4.9.4 Python/3.11 mod_auth_gssapi/1.6.5
      Transfer-Encoding:
      - chunked
      Vary:
      - Accept-Encoding
      X-Frame-Options:
      - DENY
    status:
      code: 200
      message: Success
- request:
    body: '{"method": "session_logout", "params": [[], {"version": "2.235"}]}'
    headers:
      Accept:
      - application/json
      Accept-Encoding:
      - gzip, deflate
      Connection:
      - keep-alive
      Content-Length:
      - '66'
      Content-Type:
      - application/json
      Cookie:
      - ipa_session=MagBearerToken=2lz35yVnn1yOEthLWP9eECURCj%2bI4PWAqMKtMicqLKfrk9ehs3rV3VMfzDQwQKC032eyDSsIDwBhkFF9KMTUHo8cl8qazFhX%2b40q3QLiB9cPuaPCmEJqIjmha%2fdtTOM0AJtrbLoMD9oPRWAerMYFtfZb1opaminPmDVXV9HgbPoY%2f6xC1p%2fAOhjxt%2fIww7GPQciR6duhyBL5yn1SFE5nig%3d%3d
      Referer:
      - https://ipa.tinystage.test/ipa
      User-Agent:
      - python-requests/2.31.0
    method: POST
    uri: https://ipa.tinystage.test/ipa/session/json
  response:
    body:
      string: '{"result": {"result": null}, "error": null, "id": null, "principal":
        "admin@TINYSTAGE.TEST", "version": "4.10.3"}'
    headers:
      Cache-Control:
      - no-cache, private
      Connection:
      - Keep-Alive
      Content-Encoding:
      - gzip
      Content-Security-Policy:
      - frame-ancestors 'none'
      Content-Type:
      - application/json; charset=utf-8
      Date:
      - Mon, 15 Apr 2024 14:19:52 GMT
      Keep-Alive:
      - timeout=30, max=100
      Server:
      - Apache/2.4.58 (Fedora Linux) OpenSSL/3.0.8 mod_wsgi/4.9.4 Python/3.11 mod_auth_gssapi/1.6.5
      Set-Cookie:
      - ipa_session=;Max-Age=0;path=/ipa;httponly;secure;
      Transfer-Encoding:
      - chunked
      Vary:
      - Accept-Encoding
      X-Frame-Options:
      - DENY
    status:
      code: 200
      message: Success
- request:
    body: user=admin&password=password
    headers:
      Accept:
      - text/plain
      Accept-Encoding:
      - gzip, deflate
      Connection:
      - keep-alive
      Content-Length:
      - '28'
      Content-Type:
      - application/x-www-form-urlencoded
      Referer:
      - https://ipa.tinystage.test/ipa/session/login_password
      User-Agent:
      - python-requests/2.31.0
    method: POST
    uri: https://ipa.tinystage.test/ipa/session/login_password
  response:
    body:
      string: ''
    headers:
      Cache-Control:
      - no-cache, private
      Connection:
      - Keep-Alive
      Content-Encoding:
      - gzip
      Content-Length:
      - '20'
      Content-Security-Policy:
      - frame-ancestors 'none'
      Content-Type:
      - text/plain; charset=UTF-8
      Date:
      - Mon, 15 Apr 2024 14:19:52 GMT
      Keep-Alive:
      - timeout=30, max=100
      Server:
      - Apache/2.4.58 (Fedora Linux) OpenSSL/3.0.8 mod_wsgi/4.9.4 Python/3.11 mod_auth_gssapi/1.6.5
      Set-Cookie:
      - ipa_session=MagBearerToken=qF1Tm6sTduihvlGMQQR7df3S86jMkiUw3bOCC%2fWpDSrPdo359v5p0ZSpumDN79iozl54gFNuWXshRe9IEEh4hnkWI%2fj4%2bJFx%2f%2briwNzZXcRWcprzorQ3a12xuK7AkRVnO0OrI8NGw9rGSs7bBKGA34YipcJQjquguXxtZI%2bDIiYP%2bYmcRt%2b4FWXmNlNptmA1R%2bjElax5jfqDyscFSzEyZQ%3d%3d;path=/ipa;httponly;secure;
      Vary:
      - Accept-Encoding
      X-Frame-Options:
      - DENY
    status:
      code: 200
      message: Success
- request:
    body: '{"method": "ping", "params": [[], {"version": "2.235"}]}'
    headers:
      Accept:
      - application/json
      Accept-Encoding:
      - gzip, deflate
      Connection:
      - keep-alive
      Content-Length:
      - '56'
      Content-Type:
      - application/json
      Cookie:
      - ipa_session=MagBearerToken=qF1Tm6sTduihvlGMQQR7df3S86jMkiUw3bOCC%2fWpDSrPdo359v5p0ZSpumDN79iozl54gFNuWXshRe9IEEh4hnkWI%2fj4%2bJFx%2f%2briwNzZXcRWcprzorQ3a12xuK7AkRVnO0OrI8NGw9rGSs7bBKGA34YipcJQjquguXxtZI%2bDIiYP%2bYmcRt%2b4FWXmNlNptmA1R%2bjElax5jfqDyscFSzEyZQ%3d%3d
      Referer:
      - https://ipa.tinystage.test/ipa
      User-Agent:
      - python-requests/2.31.0
    method: POST
    uri: https://ipa.tinystage.test/ipa/session/json
  response:
    body:
      string: '{"result": {"summary": "IPA server version 4.10.3. API version 2.252"},
        "error": null, "id": null, "principal": "admin@TINYSTAGE.TEST", "version":
        "4.10.3"}'
    headers:
      Cache-Control:
      - no-cache, private
      Connection:
      - Keep-Alive
      Content-Encoding:
      - gzip
      Content-Security-Policy:
      - frame-ancestors 'none'
      Content-Type:
      - application/json; charset=utf-8
      Date:
      - Mon, 15 Apr 2024 14:19:52 GMT
      Keep-Alive:
      - timeout=30, max=100
      Server:
      - Apache/2.4.58 (Fedora Linux) OpenSSL/3.0.8 mod_wsgi/4.9.4 Python/3.11 mod_auth_gssapi/1.6.5
      Transfer-Encoding:
      - chunked
      Vary:
      - Accept-Encoding
      X-Frame-Options:
      - DENY
    status:
      code: 200
      message: Success
- request:
    body: '{"method": "user_del", "params": [["dummy"], {"continue": false, "version":
      "2.235"}]}'
    headers:
      Accept:
      - application/json
      Accept-Encoding:
      - gzip, deflate
      Connection:
      - keep-alive
      Content-Length:
      - '86'
      Content-Type:
      - application/json
      Cookie:
      - ipa_session=MagBearerToken=qF1Tm6sTduihvlGMQQR7df3S86jMkiUw3bOCC%2fWpDSrPdo359v5p0ZSpumDN79iozl54gFNuWXshRe9IEEh4hnkWI%2fj4%2bJFx%2f%2briwNzZXcRWcprzorQ3a12xuK7AkRVnO0OrI8NGw9rGSs7bBKGA34YipcJQjquguXxtZI%2bDIiYP%2bYmcRt%2b4FWXmNlNptmA1R%2bjElax5jfqDyscFSzEyZQ%3d%3d
      Referer:
      - https://ipa.tinystage.test/ipa
      User-Agent:
      - python-requests/2.31.0
    method: POST
    uri: https://ipa.tinystage.test/ipa/session/json
  response:
    body:
      string: '{"result": {"result": {"failed": []}, "value": ["dummy"], "summary":
        "Deleted user \"dummy\""}, "error": null, "id": null, "principal": "admin@TINYSTAGE.TEST",
        "version": "4.10.3"}'
    headers:
      Cache-Control:
      - no-cache, private
      Connection:
      - Keep-Alive
      Content-Encoding:
      - gzip
      Content-Security-Policy:
      - frame-ancestors 'none'
      Content-Type:
      - application/json; charset=utf-8
      Date:
      - Mon, 15 Apr 2024 14:19:52 GMT
      Keep-Alive:
      - timeout=30, max=100
      Server:
      - Apache/2.4.58 (Fedora Linux) OpenSSL/3.0.8 mod_wsgi/4.9.4 Python/3.11 mod_auth_gssapi/1.6.5
      Transfer-Encoding:
      - chunked
      Vary:
      - Accept-Encoding
      X-Frame-Options:
      - DENY
    status:
      code: 200
      message: Success
- request:
    body: '{"method": "session_logout", "params": [[], {"version": "2.235"}]}'
    headers:
      Accept:
      - application/json
      Accept-Encoding:
      - gzip, deflate
      Connection:
      - keep-alive
      Content-Length:
      - '66'
      Content-Type:
      - application/json
      Cookie:
      - ipa_session=MagBearerToken=qF1Tm6sTduihvlGMQQR7df3S86jMkiUw3bOCC%2fWpDSrPdo359v5p0ZSpumDN79iozl54gFNuWXshRe9IEEh4hnkWI%2fj4%2bJFx%2f%2briwNzZXcRWcprzorQ3a12xuK7AkRVnO0OrI8NGw9rGSs7bBKGA34YipcJQjquguXxtZI%2bDIiYP%2bYmcRt%2b4FWXmNlNptmA1R%2bjElax5jfqDyscFSzEyZQ%3d%3d
      Referer:
      - https://ipa.tinystage.test/ipa
      User-Agent:
      - python-requests/2.31.0
    method: POST
    uri: https://ipa.tinystage.test/ipa/session/json
  response:
    body:
      string: '{"result": {"result": null}, "error": null, "id": null, "principal":
        "admin@TINYSTAGE.TEST", "version": "4.10.3"}'
    headers:
      Cache-Control:
      - no-cache, private
      Connection:
      - Keep-Alive
      Content-Encoding:
      - gzip
      Content-Security-Policy:
      - frame-ancestors 'none'
      Content-Type:
      - application/json; charset=utf-8
      Date:
      - Mon, 15 Apr 2024 14:19:53 GMT
      Keep-Alive:
      - timeout=30, max=100
      Server:
      - Apache/2.4.58 (Fedora Linux) OpenSSL/3.0.8 mod_wsgi/4.9.4 Python/3.11 mod_auth_gssapi/1.6.5
      Set-Cookie:
      - ipa_session=;Max-Age=0;path=/ipa;httponly;secure;
      Transfer-Encoding:
      - chunked
      Vary:
      - Accept-Encoding
      X-Frame-Options:
      - DENY
    status:
      code: 200
      message: Success
version: 1
